[
  {
    "date": "19570916",
    "time_utc": " 0000",
    "record": "  ",
    "status": " TD",
    "lat": " 20.8N",
    "lng": "  93.0W",
    "max_wind_kt": "  30",
    "min_pressure_mb": " -999",
    "34kt_wind_radius_nm_ne": " -999",
    "34kt_wind_radius_nm_se": " -999",
    "34kt_wind_radius_nm_nw": " -999",
    "34kt_wind_radius_nm_sw": " -999",
    "50kt_wind_radius_nm_ne": " -999",
    "50kt_wind_radius_nm_se": " -999",
    "50kt_wind_radius_nm_nw": " -999",
    "50kt_wind_radius_nm_sw": " -999",
    "64kt_wind_radius_nm_ne": " -999",
    "64kt_wind_radius_nm_se": " -999",
    "64kt_wind_radius_nm_nw": " -999",
    "64kt_wind_radius_nm_sw": " -999",
    "max_wind_radius_nm": " -999"
  },
  {
    "date": "19570916",
    "time_utc": " 0600",
    "record": "  ",
    "status": " TS",
    "lat": " 21.4N",
    "lng": "  93.0W",
    "max_wind_kt": "  35",
    "min_pressure_mb": " -999",
    "34kt_wind_radius_nm_ne": " -999",
    "34kt_wind_radius_nm_se": " -999",
    "34kt_wind_radius_nm_nw": " -999",
    "34kt_wind_radius_nm_sw": " -999",
    "50kt_wind_radius_nm_ne": " -999",
    "50kt_wind_radius_nm_se": " -999",
    "50kt_wind_radius_nm_nw": " -999",
    "50kt_wind_radius_nm_sw": " -999",
    "64kt_wind_radius_nm_ne": " -999",
    "64kt_wind_radius_nm_se": " -999",
    "64kt_wind_radius_nm_nw": " -999",
    "64kt_wind_radius_nm_sw": " -999",
    "max_wind_radius_nm": " -999"
  },
  {
    "date": "19570916",
    "time_utc": " 1200",
    "record": "  ",
    "status": " TS",
    "lat": " 22.0N",
    "lng": "  93.0W",
    "max_wind_kt": "  40",
    "min_pressure_mb": " -999",
    "34kt_wind_radius_nm_ne": " -999",
    "34kt_wind_radius_nm_se": " -999",
    "34kt_wind_radius_nm_nw": " -999",
    "34kt_wind_radius_nm_sw": " -999",
    "50kt_wind_radius_nm_ne": " -999",
    "50kt_wind_radius_nm_se": " -999",
    "50kt_wind_radius_nm_nw": " -999",
    "50kt_wind_radius_nm_sw": " -999",
    "64kt_wind_radius_nm_ne": " -999",
    "64kt_wind_radius_nm_se": " -999",
    "64kt_wind_radius_nm_nw": " -999",
    "64kt_wind_radius_nm_sw": " -999",
    "max_wind_radius_nm": " -999"
  },
  {
    "date": "19570916",
    "time_utc": " 1800",
    "record": "  ",
    "status": " TS",
    "lat": " 22.7N",
    "lng": "  93.0W",
    "max_wind_kt": "  40",
    "min_pressure_mb": " -999",
    "34kt_wind_radius_nm_ne": " -999",
    "34kt_wind_radius_nm_se": " -999",
    "34kt_wind_radius_nm_nw": " -999",
    "34kt_wind_radius_nm_sw": " -999",
    "50kt_wind_radius_nm_ne": " -999",
    "50kt_wind_radius_nm_se": " -999",
    "50kt_wind_radius_nm_nw": " -999",
    "50kt_wind_radius_nm_sw": " -999",
    "64kt_wind_radius_nm_ne": " -999",
    "64kt_wind_radius_nm_se": " -999",
    "64kt_wind_radius_nm_nw": " -999",
    "64kt_wind_radius_nm_sw": " -999",
    "max_wind_radius_nm": " -999"
  },
  {
    "date": "19570917",
    "time_utc": " 0000",
    "record": "  ",
    "status": " TS",
    "lat": " 23.4N",
    "lng": "  93.0W",
    "max_wind_kt": "  40",
    "min_pressure_mb": " 1000",
    "34kt_wind_radius_nm_ne": " -999",
    "34kt_wind_radius_nm_se": " -999",
    "34kt_wind_radius_nm_nw": " -999",
    "34kt_wind_radius_nm_sw": " -999",
    "50kt_wind_radius_nm_ne": " -999",
    "50kt_wind_radius_nm_se": " -999",
    "50kt_wind_radius_nm_nw": " -999",
    "50kt_wind_radius_nm_sw": " -999",
    "64kt_wind_radius_nm_ne": " -999",
    "64kt_wind_radius_nm_se": " -999",
    "64kt_wind_radius_nm_nw": " -999",
    "64kt_wind_radius_nm_sw": " -999",
    "max_wind_radius_nm": " -999"
  },
  {
    "date": "19570917",
    "time_utc": " 0600",
    "record": "  ",
    "status": " TS",
    "lat": " 24.1N",
    "lng": "  93.0W",
    "max_wind_kt": "  40",
    "min_pressure_mb": " -999",
    "34kt_wind_radius_nm_ne": " -999",
    "34kt_wind_radius_nm_se": " -999",
    "34kt_wind_radius_nm_nw": " -999",
    "34kt_wind_radius_nm_sw": " -999",
    "50kt_wind_radius_nm_ne": " -999",
    "50kt_wind_radius_nm_se": " -999",
    "50kt_wind_radius_nm_nw": " -999",
    "50kt_wind_radius_nm_sw": " -999",
    "64kt_wind_radius_nm_ne": " -999",
    "64kt_wind_radius_nm_se": " -999",
    "64kt_wind_radius_nm_nw": " -999",
    "64kt_wind_radius_nm_sw": " -999",
    "max_wind_radius_nm": " -999"
  },
  {
    "date": "19570917",
    "time_utc": " 1200",
    "record": "  ",
    "status": " TS",
    "lat": " 24.5N",
    "lng": "  93.0W",
    "max_wind_kt": "  40",
    "min_pressure_mb": " -999",
    "34kt_wind_radius_nm_ne": " -999",
    "34kt_wind_radius_nm_se": " -999",
    "34kt_wind_radius_nm_nw": " -999",
    "34kt_wind_radius_nm_sw": " -999",
    "50kt_wind_radius_nm_ne": " -999",
    "50kt_wind_radius_nm_se": " -999",
    "50kt_wind_radius_nm_nw": " -999",
    "50kt_wind_radius_nm_sw": " -999",
    "64kt_wind_radius_nm_ne": " -999",
    "64kt_wind_radius_nm_se": " -999",
    "64kt_wind_radius_nm_nw": " -999",
    "64kt_wind_radius_nm_sw": " -999",
    "max_wind_radius_nm": " -999"
  },
  {
    "date": "19570917",
    "time_utc": " 1800",
    "record": "  ",
    "status": " TS",
    "lat": " 25.1N",
    "lng": "  92.8W",
    "max_wind_kt": "  40",
    "min_pressure_mb": " 1004",
    "34kt_wind_radius_nm_ne": " -999",
    "34kt_wind_radius_nm_se": " -999",
    "34kt_wind_radius_nm_nw": " -999",
    "34kt_wind_radius_nm_sw": " -999",
    "50kt_wind_radius_nm_ne": " -999",
    "50kt_wind_radius_nm_se": " -999",
    "50kt_wind_radius_nm_nw": " -999",
    "50kt_wind_radius_nm_sw": " -999",
    "64kt_wind_radius_nm_ne": " -999",
    "64kt_wind_radius_nm_se": " -999",
    "64kt_wind_radius_nm_nw": " -999",
    "64kt_wind_radius_nm_sw": " -999",
    "max_wind_radius_nm": " -999"
  },
  {
    "date": "19570918",
    "time_utc": " 0000",
    "record": "  ",
    "status": " TS",
    "lat": " 26.4N",
    "lng": "  92.3W",
    "max_wind_kt": "  45",
    "min_pressure_mb": " -999",
    "34kt_wind_radius_nm_ne": " -999",
    "34kt_wind_radius_nm_se": " -999",
    "34kt_wind_radius_nm_nw": " -999",
    "34kt_wind_radius_nm_sw": " -999",
    "50kt_wind_radius_nm_ne": " -999",
    "50kt_wind_radius_nm_se": " -999",
    "50kt_wind_radius_nm_nw": " -999",
    "50kt_wind_radius_nm_sw": " -999",
    "64kt_wind_radius_nm_ne": " -999",
    "64kt_wind_radius_nm_se": " -999",
    "64kt_wind_radius_nm_nw": " -999",
    "64kt_wind_radius_nm_sw": " -999",
    "max_wind_radius_nm": " -999"
  },
  {
    "date": "19570918",
    "time_utc": " 0600",
    "record": "  ",
    "status": " TS",
    "lat": " 27.9N",
    "lng": "  91.6W",
    "max_wind_kt": "  50",
    "min_pressure_mb": " 1000",
    "34kt_wind_radius_nm_ne": " -999",
    "34kt_wind_radius_nm_se": " -999",
    "34kt_wind_radius_nm_nw": " -999",
    "34kt_wind_radius_nm_sw": " -999",
    "50kt_wind_radius_nm_ne": " -999",
    "50kt_wind_radius_nm_se": " -999",
    "50kt_wind_radius_nm_nw": " -999",
    "50kt_wind_radius_nm_sw": " -999",
    "64kt_wind_radius_nm_ne": " -999",
    "64kt_wind_radius_nm_se": " -999",
    "64kt_wind_radius_nm_nw": " -999",
    "64kt_wind_radius_nm_sw": " -999",
    "max_wind_radius_nm": " -999"
  },
  {
    "date": "19570918",
    "time_utc": " 1200",
    "record": " L",
    "status": " TS",
    "lat": " 29.2N",
    "lng": "  90.9W",
    "max_wind_kt": "  55",
    "min_pressure_mb": " -999",
    "34kt_wind_radius_nm_ne": " -999",
    "34kt_wind_radius_nm_se": " -999",
    "34kt_wind_radius_nm_nw": " -999",
    "34kt_wind_radius_nm_sw": " -999",
    "50kt_wind_radius_nm_ne": " -999",
    "50kt_wind_radius_nm_se": " -999",
    "50kt_wind_radius_nm_nw": " -999",
    "50kt_wind_radius_nm_sw": " -999",
    "64kt_wind_radius_nm_ne": " -999",
    "64kt_wind_radius_nm_se": " -999",
    "64kt_wind_radius_nm_nw": " -999",
    "64kt_wind_radius_nm_sw": " -999",
    "max_wind_radius_nm": " -999"
  },
  {
    "date": "19570918",
    "time_utc": " 1800",
    "record": "  ",
    "status": " TS",
    "lat": " 30.4N",
    "lng": "  90.7W",
    "max_wind_kt": "  50",
    "min_pressure_mb": " -999",
    "34kt_wind_radius_nm_ne": " -999",
    "34kt_wind_radius_nm_se": " -999",
    "34kt_wind_radius_nm_nw": " -999",
    "34kt_wind_radius_nm_sw": " -999",
    "50kt_wind_radius_nm_ne": " -999",
    "50kt_wind_radius_nm_se": " -999",
    "50kt_wind_radius_nm_nw": " -999",
    "50kt_wind_radius_nm_sw": " -999",
    "64kt_wind_radius_nm_ne": " -999",
    "64kt_wind_radius_nm_se": " -999",
    "64kt_wind_radius_nm_nw": " -999",
    "64kt_wind_radius_nm_sw": " -999",
    "max_wind_radius_nm": " -999"
  },
  {
    "date": "19570919",
    "time_utc": " 0000",
    "record": "  ",
    "status": " TS",
    "lat": " 31.5N",
    "lng": "  90.7W",
    "max_wind_kt": "  35",
    "min_pressure_mb": " 1002",
    "34kt_wind_radius_nm_ne": " -999",
    "34kt_wind_radius_nm_se": " -999",
    "34kt_wind_radius_nm_nw": " -999",
    "34kt_wind_radius_nm_sw": " -999",
    "50kt_wind_radius_nm_ne": " -999",
    "50kt_wind_radius_nm_se": " -999",
    "50kt_wind_radius_nm_nw": " -999",
    "50kt_wind_radius_nm_sw": " -999",
    "64kt_wind_radius_nm_ne": " -999",
    "64kt_wind_radius_nm_se": " -999",
    "64kt_wind_radius_nm_nw": " -999",
    "64kt_wind_radius_nm_sw": " -999",
    "max_wind_radius_nm": " -999"
  },
  {
    "date": "19570919",
    "time_utc": " 0600",
    "record": "  ",
    "status": " TD",
    "lat": " 32.5N",
    "lng": "  90.9W",
    "max_wind_kt": "  25",
    "min_pressure_mb": " -999",
    "34kt_wind_radius_nm_ne": " -999",
    "34kt_wind_radius_nm_se": " -999",
    "34kt_wind_radius_nm_nw": " -999",
    "34kt_wind_radius_nm_sw": " -999",
    "50kt_wind_radius_nm_ne": " -999",
    "50kt_wind_radius_nm_se": " -999",
    "50kt_wind_radius_nm_nw": " -999",
    "50kt_wind_radius_nm_sw": " -999",
    "64kt_wind_radius_nm_ne": " -999",
    "64kt_wind_radius_nm_se": " -999",
    "64kt_wind_radius_nm_nw": " -999",
    "64kt_wind_radius_nm_sw": " -999",
    "max_wind_radius_nm": " -999"
  },
  {
    "date": "19570919",
    "time_utc": " 1200",
    "record": "  ",
    "status": " TD",
    "lat": " 33.5N",
    "lng": "  91.0W",
    "max_wind_kt": "  25",
    "min_pressure_mb": " -999",
    "34kt_wind_radius_nm_ne": " -999",
    "34kt_wind_radius_nm_se": " -999",
    "34kt_wind_radius_nm_nw": " -999",
    "34kt_wind_radius_nm_sw": " -999",
    "50kt_wind_radius_nm_ne": " -999",
    "50kt_wind_radius_nm_se": " -999",
    "50kt_wind_radius_nm_nw": " -999",
    "50kt_wind_radius_nm_sw": " -999",
    "64kt_wind_radius_nm_ne": " -999",
    "64kt_wind_radius_nm_se": " -999",
    "64kt_wind_radius_nm_nw": " -999",
    "64kt_wind_radius_nm_sw": " -999",
    "max_wind_radius_nm": " -999"
  }
]