[
  {
    "date": "18850918",
    "time_utc": " 0000",
    "record": "  ",
    "status": " TS",
    "lat": " 15.0N",
    "lng": "  53.7W",
    "max_wind_kt": "  50",
    "min_pressure_mb": " -999",
    "34kt_wind_radius_nm_ne": " -999",
    "34kt_wind_radius_nm_se": " -999",
    "34kt_wind_radius_nm_nw": " -999",
    "34kt_wind_radius_nm_sw": " -999",
    "50kt_wind_radius_nm_ne": " -999",
    "50kt_wind_radius_nm_se": " -999",
    "50kt_wind_radius_nm_nw": " -999",
    "50kt_wind_radius_nm_sw": " -999",
    "64kt_wind_radius_nm_ne": " -999",
    "64kt_wind_radius_nm_se": " -999",
    "64kt_wind_radius_nm_nw": " -999",
    "64kt_wind_radius_nm_sw": " -999",
    "max_wind_radius_nm": " -999"
  },
  {
    "date": "18850918",
    "time_utc": " 0600",
    "record": "  ",
    "status": " TS",
    "lat": " 15.6N",
    "lng": "  54.6W",
    "max_wind_kt": "  50",
    "min_pressure_mb": " -999",
    "34kt_wind_radius_nm_ne": " -999",
    "34kt_wind_radius_nm_se": " -999",
    "34kt_wind_radius_nm_nw": " -999",
    "34kt_wind_radius_nm_sw": " -999",
    "50kt_wind_radius_nm_ne": " -999",
    "50kt_wind_radius_nm_se": " -999",
    "50kt_wind_radius_nm_nw": " -999",
    "50kt_wind_radius_nm_sw": " -999",
    "64kt_wind_radius_nm_ne": " -999",
    "64kt_wind_radius_nm_se": " -999",
    "64kt_wind_radius_nm_nw": " -999",
    "64kt_wind_radius_nm_sw": " -999",
    "max_wind_radius_nm": " -999"
  },
  {
    "date": "18850918",
    "time_utc": " 1200",
    "record": "  ",
    "status": " TS",
    "lat": " 16.2N",
    "lng": "  55.1W",
    "max_wind_kt": "  50",
    "min_pressure_mb": "  999",
    "34kt_wind_radius_nm_ne": " -999",
    "34kt_wind_radius_nm_se": " -999",
    "34kt_wind_radius_nm_nw": " -999",
    "34kt_wind_radius_nm_sw": " -999",
    "50kt_wind_radius_nm_ne": " -999",
    "50kt_wind_radius_nm_se": " -999",
    "50kt_wind_radius_nm_nw": " -999",
    "50kt_wind_radius_nm_sw": " -999",
    "64kt_wind_radius_nm_ne": " -999",
    "64kt_wind_radius_nm_se": " -999",
    "64kt_wind_radius_nm_nw": " -999",
    "64kt_wind_radius_nm_sw": " -999",
    "max_wind_radius_nm": " -999"
  },
  {
    "date": "18850918",
    "time_utc": " 1800",
    "record": "  ",
    "status": " TS",
    "lat": " 16.7N",
    "lng": "  55.6W",
    "max_wind_kt": "  50",
    "min_pressure_mb": " -999",
    "34kt_wind_radius_nm_ne": " -999",
    "34kt_wind_radius_nm_se": " -999",
    "34kt_wind_radius_nm_nw": " -999",
    "34kt_wind_radius_nm_sw": " -999",
    "50kt_wind_radius_nm_ne": " -999",
    "50kt_wind_radius_nm_se": " -999",
    "50kt_wind_radius_nm_nw": " -999",
    "50kt_wind_radius_nm_sw": " -999",
    "64kt_wind_radius_nm_ne": " -999",
    "64kt_wind_radius_nm_se": " -999",
    "64kt_wind_radius_nm_nw": " -999",
    "64kt_wind_radius_nm_sw": " -999",
    "max_wind_radius_nm": " -999"
  },
  {
    "date": "18850919",
    "time_utc": " 0000",
    "record": "  ",
    "status": " TS",
    "lat": " 17.2N",
    "lng": "  56.0W",
    "max_wind_kt": "  60",
    "min_pressure_mb": " -999",
    "34kt_wind_radius_nm_ne": " -999",
    "34kt_wind_radius_nm_se": " -999",
    "34kt_wind_radius_nm_nw": " -999",
    "34kt_wind_radius_nm_sw": " -999",
    "50kt_wind_radius_nm_ne": " -999",
    "50kt_wind_radius_nm_se": " -999",
    "50kt_wind_radius_nm_nw": " -999",
    "50kt_wind_radius_nm_sw": " -999",
    "64kt_wind_radius_nm_ne": " -999",
    "64kt_wind_radius_nm_se": " -999",
    "64kt_wind_radius_nm_nw": " -999",
    "64kt_wind_radius_nm_sw": " -999",
    "max_wind_radius_nm": " -999"
  },
  {
    "date": "18850919",
    "time_utc": " 0600",
    "record": "  ",
    "status": " TS",
    "lat": " 17.6N",
    "lng": "  56.3W",
    "max_wind_kt": "  60",
    "min_pressure_mb": " -999",
    "34kt_wind_radius_nm_ne": " -999",
    "34kt_wind_radius_nm_se": " -999",
    "34kt_wind_radius_nm_nw": " -999",
    "34kt_wind_radius_nm_sw": " -999",
    "50kt_wind_radius_nm_ne": " -999",
    "50kt_wind_radius_nm_se": " -999",
    "50kt_wind_radius_nm_nw": " -999",
    "50kt_wind_radius_nm_sw": " -999",
    "64kt_wind_radius_nm_ne": " -999",
    "64kt_wind_radius_nm_se": " -999",
    "64kt_wind_radius_nm_nw": " -999",
    "64kt_wind_radius_nm_sw": " -999",
    "max_wind_radius_nm": " -999"
  },
  {
    "date": "18850919",
    "time_utc": " 1200",
    "record": "  ",
    "status": " HU",
    "lat": " 18.0N",
    "lng": "  56.5W",
    "max_wind_kt": "  70",
    "min_pressure_mb": " -999",
    "34kt_wind_radius_nm_ne": " -999",
    "34kt_wind_radius_nm_se": " -999",
    "34kt_wind_radius_nm_nw": " -999",
    "34kt_wind_radius_nm_sw": " -999",
    "50kt_wind_radius_nm_ne": " -999",
    "50kt_wind_radius_nm_se": " -999",
    "50kt_wind_radius_nm_nw": " -999",
    "50kt_wind_radius_nm_sw": " -999",
    "64kt_wind_radius_nm_ne": " -999",
    "64kt_wind_radius_nm_se": " -999",
    "64kt_wind_radius_nm_nw": " -999",
    "64kt_wind_radius_nm_sw": " -999",
    "max_wind_radius_nm": " -999"
  },
  {
    "date": "18850919",
    "time_utc": " 1800",
    "record": "  ",
    "status": " HU",
    "lat": " 18.5N",
    "lng": "  56.7W",
    "max_wind_kt": "  70",
    "min_pressure_mb": " -999",
    "34kt_wind_radius_nm_ne": " -999",
    "34kt_wind_radius_nm_se": " -999",
    "34kt_wind_radius_nm_nw": " -999",
    "34kt_wind_radius_nm_sw": " -999",
    "50kt_wind_radius_nm_ne": " -999",
    "50kt_wind_radius_nm_se": " -999",
    "50kt_wind_radius_nm_nw": " -999",
    "50kt_wind_radius_nm_sw": " -999",
    "64kt_wind_radius_nm_ne": " -999",
    "64kt_wind_radius_nm_se": " -999",
    "64kt_wind_radius_nm_nw": " -999",
    "64kt_wind_radius_nm_sw": " -999",
    "max_wind_radius_nm": " -999"
  },
  {
    "date": "18850920",
    "time_utc": " 0000",
    "record": "  ",
    "status": " HU",
    "lat": " 19.0N",
    "lng": "  56.8W",
    "max_wind_kt": "  70",
    "min_pressure_mb": " -999",
    "34kt_wind_radius_nm_ne": " -999",
    "34kt_wind_radius_nm_se": " -999",
    "34kt_wind_radius_nm_nw": " -999",
    "34kt_wind_radius_nm_sw": " -999",
    "50kt_wind_radius_nm_ne": " -999",
    "50kt_wind_radius_nm_se": " -999",
    "50kt_wind_radius_nm_nw": " -999",
    "50kt_wind_radius_nm_sw": " -999",
    "64kt_wind_radius_nm_ne": " -999",
    "64kt_wind_radius_nm_se": " -999",
    "64kt_wind_radius_nm_nw": " -999",
    "64kt_wind_radius_nm_sw": " -999",
    "max_wind_radius_nm": " -999"
  },
  {
    "date": "18850920",
    "time_utc": " 0600",
    "record": "  ",
    "status": " HU",
    "lat": " 19.5N",
    "lng": "  56.9W",
    "max_wind_kt": "  70",
    "min_pressure_mb": " -999",
    "34kt_wind_radius_nm_ne": " -999",
    "34kt_wind_radius_nm_se": " -999",
    "34kt_wind_radius_nm_nw": " -999",
    "34kt_wind_radius_nm_sw": " -999",
    "50kt_wind_radius_nm_ne": " -999",
    "50kt_wind_radius_nm_se": " -999",
    "50kt_wind_radius_nm_nw": " -999",
    "50kt_wind_radius_nm_sw": " -999",
    "64kt_wind_radius_nm_ne": " -999",
    "64kt_wind_radius_nm_se": " -999",
    "64kt_wind_radius_nm_nw": " -999",
    "64kt_wind_radius_nm_sw": " -999",
    "max_wind_radius_nm": " -999"
  },
  {
    "date": "18850920",
    "time_utc": " 1200",
    "record": "  ",
    "status": " HU",
    "lat": " 20.1N",
    "lng": "  57.0W",
    "max_wind_kt": "  70",
    "min_pressure_mb": " -999",
    "34kt_wind_radius_nm_ne": " -999",
    "34kt_wind_radius_nm_se": " -999",
    "34kt_wind_radius_nm_nw": " -999",
    "34kt_wind_radius_nm_sw": " -999",
    "50kt_wind_radius_nm_ne": " -999",
    "50kt_wind_radius_nm_se": " -999",
    "50kt_wind_radius_nm_nw": " -999",
    "50kt_wind_radius_nm_sw": " -999",
    "64kt_wind_radius_nm_ne": " -999",
    "64kt_wind_radius_nm_se": " -999",
    "64kt_wind_radius_nm_nw": " -999",
    "64kt_wind_radius_nm_sw": " -999",
    "max_wind_radius_nm": " -999"
  },
  {
    "date": "18850920",
    "time_utc": " 1800",
    "record": "  ",
    "status": " HU",
    "lat": " 20.9N",
    "lng": "  57.1W",
    "max_wind_kt": "  70",
    "min_pressure_mb": " -999",
    "34kt_wind_radius_nm_ne": " -999",
    "34kt_wind_radius_nm_se": " -999",
    "34kt_wind_radius_nm_nw": " -999",
    "34kt_wind_radius_nm_sw": " -999",
    "50kt_wind_radius_nm_ne": " -999",
    "50kt_wind_radius_nm_se": " -999",
    "50kt_wind_radius_nm_nw": " -999",
    "50kt_wind_radius_nm_sw": " -999",
    "64kt_wind_radius_nm_ne": " -999",
    "64kt_wind_radius_nm_se": " -999",
    "64kt_wind_radius_nm_nw": " -999",
    "64kt_wind_radius_nm_sw": " -999",
    "max_wind_radius_nm": " -999"
  },
  {
    "date": "18850921",
    "time_utc": " 0000",
    "record": "  ",
    "status": " HU",
    "lat": " 22.2N",
    "lng": "  57.2W",
    "max_wind_kt": "  70",
    "min_pressure_mb": " -999",
    "34kt_wind_radius_nm_ne": " -999",
    "34kt_wind_radius_nm_se": " -999",
    "34kt_wind_radius_nm_nw": " -999",
    "34kt_wind_radius_nm_sw": " -999",
    "50kt_wind_radius_nm_ne": " -999",
    "50kt_wind_radius_nm_se": " -999",
    "50kt_wind_radius_nm_nw": " -999",
    "50kt_wind_radius_nm_sw": " -999",
    "64kt_wind_radius_nm_ne": " -999",
    "64kt_wind_radius_nm_se": " -999",
    "64kt_wind_radius_nm_nw": " -999",
    "64kt_wind_radius_nm_sw": " -999",
    "max_wind_radius_nm": " -999"
  },
  {
    "date": "18850921",
    "time_utc": " 0600",
    "record": "  ",
    "status": " HU",
    "lat": " 23.5N",
    "lng": "  57.1W",
    "max_wind_kt": "  70",
    "min_pressure_mb": " -999",
    "34kt_wind_radius_nm_ne": " -999",
    "34kt_wind_radius_nm_se": " -999",
    "34kt_wind_radius_nm_nw": " -999",
    "34kt_wind_radius_nm_sw": " -999",
    "50kt_wind_radius_nm_ne": " -999",
    "50kt_wind_radius_nm_se": " -999",
    "50kt_wind_radius_nm_nw": " -999",
    "50kt_wind_radius_nm_sw": " -999",
    "64kt_wind_radius_nm_ne": " -999",
    "64kt_wind_radius_nm_se": " -999",
    "64kt_wind_radius_nm_nw": " -999",
    "64kt_wind_radius_nm_sw": " -999",
    "max_wind_radius_nm": " -999"
  },
  {
    "date": "18850921",
    "time_utc": " 1200",
    "record": "  ",
    "status": " HU",
    "lat": " 24.9N",
    "lng": "  57.0W",
    "max_wind_kt": "  70",
    "min_pressure_mb": " -999",
    "34kt_wind_radius_nm_ne": " -999",
    "34kt_wind_radius_nm_se": " -999",
    "34kt_wind_radius_nm_nw": " -999",
    "34kt_wind_radius_nm_sw": " -999",
    "50kt_wind_radius_nm_ne": " -999",
    "50kt_wind_radius_nm_se": " -999",
    "50kt_wind_radius_nm_nw": " -999",
    "50kt_wind_radius_nm_sw": " -999",
    "64kt_wind_radius_nm_ne": " -999",
    "64kt_wind_radius_nm_se": " -999",
    "64kt_wind_radius_nm_nw": " -999",
    "64kt_wind_radius_nm_sw": " -999",
    "max_wind_radius_nm": " -999"
  },
  {
    "date": "18850921",
    "time_utc": " 1800",
    "record": "  ",
    "status": " HU",
    "lat": " 27.0N",
    "lng": "  56.5W",
    "max_wind_kt": "  70",
    "min_pressure_mb": " -999",
    "34kt_wind_radius_nm_ne": " -999",
    "34kt_wind_radius_nm_se": " -999",
    "34kt_wind_radius_nm_nw": " -999",
    "34kt_wind_radius_nm_sw": " -999",
    "50kt_wind_radius_nm_ne": " -999",
    "50kt_wind_radius_nm_se": " -999",
    "50kt_wind_radius_nm_nw": " -999",
    "50kt_wind_radius_nm_sw": " -999",
    "64kt_wind_radius_nm_ne": " -999",
    "64kt_wind_radius_nm_se": " -999",
    "64kt_wind_radius_nm_nw": " -999",
    "64kt_wind_radius_nm_sw": " -999",
    "max_wind_radius_nm": " -999"
  }
]