[
  {
    "id": "AL051942_Unnamed",
    "image": "",
    "fatalaties": 0,
    "cost_usd": 0,
    "retired": "false"
  },
  {
    "date": "19420825",
    "time_utc": "0600",
    "record": "",
    "status": "HU",
    "lat": 27.5,
    "lng": -62.5,
    "max_wind_kt": 65,
    "min_pressure_mb": -999,
    "34kt_wind_radius_nm_ne": -999,
    "34kt_wind_radius_nm_se": -999,
    "34kt_wind_radius_nm_nw": -999,
    "34kt_wind_radius_nm_sw": -999,
    "50kt_wind_radius_nm_ne": -999,
    "50kt_wind_radius_nm_se": -999,
    "50kt_wind_radius_nm_nw": -999,
    "50kt_wind_radius_nm_sw": -999,
    "64kt_wind_radius_nm_ne": -999,
    "64kt_wind_radius_nm_se": -999,
    "64kt_wind_radius_nm_nw": -999,
    "64kt_wind_radius_nm_sw": -999,
    "max_wind_radius_nm": -999
  },
  {
    "date": "19420825",
    "time_utc": "1200",
    "record": "",
    "status": "HU",
    "lat": 28.6,
    "lng": -63.0,
    "max_wind_kt": 65,
    "min_pressure_mb": -999,
    "34kt_wind_radius_nm_ne": -999,
    "34kt_wind_radius_nm_se": -999,
    "34kt_wind_radius_nm_nw": -999,
    "34kt_wind_radius_nm_sw": -999,
    "50kt_wind_radius_nm_ne": -999,
    "50kt_wind_radius_nm_se": -999,
    "50kt_wind_radius_nm_nw": -999,
    "50kt_wind_radius_nm_sw": -999,
    "64kt_wind_radius_nm_ne": -999,
    "64kt_wind_radius_nm_se": -999,
    "64kt_wind_radius_nm_nw": -999,
    "64kt_wind_radius_nm_sw": -999,
    "max_wind_radius_nm": -999
  },
  {
    "date": "19420825",
    "time_utc": "1800",
    "record": "",
    "status": "HU",
    "lat": 30.0,
    "lng": -63.4,
    "max_wind_kt": 75,
    "min_pressure_mb": -999,
    "34kt_wind_radius_nm_ne": -999,
    "34kt_wind_radius_nm_se": -999,
    "34kt_wind_radius_nm_nw": -999,
    "34kt_wind_radius_nm_sw": -999,
    "50kt_wind_radius_nm_ne": -999,
    "50kt_wind_radius_nm_se": -999,
    "50kt_wind_radius_nm_nw": -999,
    "50kt_wind_radius_nm_sw": -999,
    "64kt_wind_radius_nm_ne": -999,
    "64kt_wind_radius_nm_se": -999,
    "64kt_wind_radius_nm_nw": -999,
    "64kt_wind_radius_nm_sw": -999,
    "max_wind_radius_nm": -999
  },
  {
    "date": "19420826",
    "time_utc": "0000",
    "record": "",
    "status": "HU",
    "lat": 31.4,
    "lng": -63.5,
    "max_wind_kt": 90,
    "min_pressure_mb": -999,
    "34kt_wind_radius_nm_ne": -999,
    "34kt_wind_radius_nm_se": -999,
    "34kt_wind_radius_nm_nw": -999,
    "34kt_wind_radius_nm_sw": -999,
    "50kt_wind_radius_nm_ne": -999,
    "50kt_wind_radius_nm_se": -999,
    "50kt_wind_radius_nm_nw": -999,
    "50kt_wind_radius_nm_sw": -999,
    "64kt_wind_radius_nm_ne": -999,
    "64kt_wind_radius_nm_se": -999,
    "64kt_wind_radius_nm_nw": -999,
    "64kt_wind_radius_nm_sw": -999,
    "max_wind_radius_nm": -999
  },
  {
    "date": "19420826",
    "time_utc": "0600",
    "record": "",
    "status": "HU",
    "lat": 32.3,
    "lng": -63.1,
    "max_wind_kt": 95,
    "min_pressure_mb": -999,
    "34kt_wind_radius_nm_ne": -999,
    "34kt_wind_radius_nm_se": -999,
    "34kt_wind_radius_nm_nw": -999,
    "34kt_wind_radius_nm_sw": -999,
    "50kt_wind_radius_nm_ne": -999,
    "50kt_wind_radius_nm_se": -999,
    "50kt_wind_radius_nm_nw": -999,
    "50kt_wind_radius_nm_sw": -999,
    "64kt_wind_radius_nm_ne": -999,
    "64kt_wind_radius_nm_se": -999,
    "64kt_wind_radius_nm_nw": -999,
    "64kt_wind_radius_nm_sw": -999,
    "max_wind_radius_nm": -999
  },
  {
    "date": "19420826",
    "time_utc": "1200",
    "record": "",
    "status": "HU",
    "lat": 33.2,
    "lng": -62.2,
    "max_wind_kt": 95,
    "min_pressure_mb": -999,
    "34kt_wind_radius_nm_ne": -999,
    "34kt_wind_radius_nm_se": -999,
    "34kt_wind_radius_nm_nw": -999,
    "34kt_wind_radius_nm_sw": -999,
    "50kt_wind_radius_nm_ne": -999,
    "50kt_wind_radius_nm_se": -999,
    "50kt_wind_radius_nm_nw": -999,
    "50kt_wind_radius_nm_sw": -999,
    "64kt_wind_radius_nm_ne": -999,
    "64kt_wind_radius_nm_se": -999,
    "64kt_wind_radius_nm_nw": -999,
    "64kt_wind_radius_nm_sw": -999,
    "max_wind_radius_nm": -999
  },
  {
    "date": "19420826",
    "time_utc": "1800",
    "record": "",
    "status": "HU",
    "lat": 34.2,
    "lng": -60.4,
    "max_wind_kt": 95,
    "min_pressure_mb": -999,
    "34kt_wind_radius_nm_ne": -999,
    "34kt_wind_radius_nm_se": -999,
    "34kt_wind_radius_nm_nw": -999,
    "34kt_wind_radius_nm_sw": -999,
    "50kt_wind_radius_nm_ne": -999,
    "50kt_wind_radius_nm_se": -999,
    "50kt_wind_radius_nm_nw": -999,
    "50kt_wind_radius_nm_sw": -999,
    "64kt_wind_radius_nm_ne": -999,
    "64kt_wind_radius_nm_se": -999,
    "64kt_wind_radius_nm_nw": -999,
    "64kt_wind_radius_nm_sw": -999,
    "max_wind_radius_nm": -999
  },
  {
    "date": "19420827",
    "time_utc": "0000",
    "record": "",
    "status": "HU",
    "lat": 35.1,
    "lng": -58.7,
    "max_wind_kt": 90,
    "min_pressure_mb": -999,
    "34kt_wind_radius_nm_ne": -999,
    "34kt_wind_radius_nm_se": -999,
    "34kt_wind_radius_nm_nw": -999,
    "34kt_wind_radius_nm_sw": -999,
    "50kt_wind_radius_nm_ne": -999,
    "50kt_wind_radius_nm_se": -999,
    "50kt_wind_radius_nm_nw": -999,
    "50kt_wind_radius_nm_sw": -999,
    "64kt_wind_radius_nm_ne": -999,
    "64kt_wind_radius_nm_se": -999,
    "64kt_wind_radius_nm_nw": -999,
    "64kt_wind_radius_nm_sw": -999,
    "max_wind_radius_nm": -999
  },
  {
    "date": "19420827",
    "time_utc": "0600",
    "record": "",
    "status": "HU",
    "lat": 35.6,
    "lng": -57.8,
    "max_wind_kt": 90,
    "min_pressure_mb": -999,
    "34kt_wind_radius_nm_ne": -999,
    "34kt_wind_radius_nm_se": -999,
    "34kt_wind_radius_nm_nw": -999,
    "34kt_wind_radius_nm_sw": -999,
    "50kt_wind_radius_nm_ne": -999,
    "50kt_wind_radius_nm_se": -999,
    "50kt_wind_radius_nm_nw": -999,
    "50kt_wind_radius_nm_sw": -999,
    "64kt_wind_radius_nm_ne": -999,
    "64kt_wind_radius_nm_se": -999,
    "64kt_wind_radius_nm_nw": -999,
    "64kt_wind_radius_nm_sw": -999,
    "max_wind_radius_nm": -999
  },
  {
    "date": "19420827",
    "time_utc": "1200",
    "record": "",
    "status": "HU",
    "lat": 35.9,
    "lng": -57.2,
    "max_wind_kt": 85,
    "min_pressure_mb": -999,
    "34kt_wind_radius_nm_ne": -999,
    "34kt_wind_radius_nm_se": -999,
    "34kt_wind_radius_nm_nw": -999,
    "34kt_wind_radius_nm_sw": -999,
    "50kt_wind_radius_nm_ne": -999,
    "50kt_wind_radius_nm_se": -999,
    "50kt_wind_radius_nm_nw": -999,
    "50kt_wind_radius_nm_sw": -999,
    "64kt_wind_radius_nm_ne": -999,
    "64kt_wind_radius_nm_se": -999,
    "64kt_wind_radius_nm_nw": -999,
    "64kt_wind_radius_nm_sw": -999,
    "max_wind_radius_nm": -999
  },
  {
    "date": "19420827",
    "time_utc": "1800",
    "record": "",
    "status": "HU",
    "lat": 36.3,
    "lng": -56.7,
    "max_wind_kt": 85,
    "min_pressure_mb": -999,
    "34kt_wind_radius_nm_ne": -999,
    "34kt_wind_radius_nm_se": -999,
    "34kt_wind_radius_nm_nw": -999,
    "34kt_wind_radius_nm_sw": -999,
    "50kt_wind_radius_nm_ne": -999,
    "50kt_wind_radius_nm_se": -999,
    "50kt_wind_radius_nm_nw": -999,
    "50kt_wind_radius_nm_sw": -999,
    "64kt_wind_radius_nm_ne": -999,
    "64kt_wind_radius_nm_se": -999,
    "64kt_wind_radius_nm_nw": -999,
    "64kt_wind_radius_nm_sw": -999,
    "max_wind_radius_nm": -999
  },
  {
    "date": "19420828",
    "time_utc": "0000",
    "record": "",
    "status": "HU",
    "lat": 36.8,
    "lng": -56.2,
    "max_wind_kt": 80,
    "min_pressure_mb": -999,
    "34kt_wind_radius_nm_ne": -999,
    "34kt_wind_radius_nm_se": -999,
    "34kt_wind_radius_nm_nw": -999,
    "34kt_wind_radius_nm_sw": -999,
    "50kt_wind_radius_nm_ne": -999,
    "50kt_wind_radius_nm_se": -999,
    "50kt_wind_radius_nm_nw": -999,
    "50kt_wind_radius_nm_sw": -999,
    "64kt_wind_radius_nm_ne": -999,
    "64kt_wind_radius_nm_se": -999,
    "64kt_wind_radius_nm_nw": -999,
    "64kt_wind_radius_nm_sw": -999,
    "max_wind_radius_nm": -999
  },
  {
    "date": "19420828",
    "time_utc": "0600",
    "record": "",
    "status": "HU",
    "lat": 37.3,
    "lng": -55.7,
    "max_wind_kt": 80,
    "min_pressure_mb": -999,
    "34kt_wind_radius_nm_ne": -999,
    "34kt_wind_radius_nm_se": -999,
    "34kt_wind_radius_nm_nw": -999,
    "34kt_wind_radius_nm_sw": -999,
    "50kt_wind_radius_nm_ne": -999,
    "50kt_wind_radius_nm_se": -999,
    "50kt_wind_radius_nm_nw": -999,
    "50kt_wind_radius_nm_sw": -999,
    "64kt_wind_radius_nm_ne": -999,
    "64kt_wind_radius_nm_se": -999,
    "64kt_wind_radius_nm_nw": -999,
    "64kt_wind_radius_nm_sw": -999,
    "max_wind_radius_nm": -999
  },
  {
    "date": "19420828",
    "time_utc": "1200",
    "record": "",
    "status": "HU",
    "lat": 37.8,
    "lng": -55.2,
    "max_wind_kt": 75,
    "min_pressure_mb": -999,
    "34kt_wind_radius_nm_ne": -999,
    "34kt_wind_radius_nm_se": -999,
    "34kt_wind_radius_nm_nw": -999,
    "34kt_wind_radius_nm_sw": -999,
    "50kt_wind_radius_nm_ne": -999,
    "50kt_wind_radius_nm_se": -999,
    "50kt_wind_radius_nm_nw": -999,
    "50kt_wind_radius_nm_sw": -999,
    "64kt_wind_radius_nm_ne": -999,
    "64kt_wind_radius_nm_se": -999,
    "64kt_wind_radius_nm_nw": -999,
    "64kt_wind_radius_nm_sw": -999,
    "max_wind_radius_nm": -999
  },
  {
    "date": "19420828",
    "time_utc": "1800",
    "record": "",
    "status": "HU",
    "lat": 38.2,
    "lng": -54.5,
    "max_wind_kt": 75,
    "min_pressure_mb": -999,
    "34kt_wind_radius_nm_ne": -999,
    "34kt_wind_radius_nm_se": -999,
    "34kt_wind_radius_nm_nw": -999,
    "34kt_wind_radius_nm_sw": -999,
    "50kt_wind_radius_nm_ne": -999,
    "50kt_wind_radius_nm_se": -999,
    "50kt_wind_radius_nm_nw": -999,
    "50kt_wind_radius_nm_sw": -999,
    "64kt_wind_radius_nm_ne": -999,
    "64kt_wind_radius_nm_se": -999,
    "64kt_wind_radius_nm_nw": -999,
    "64kt_wind_radius_nm_sw": -999,
    "max_wind_radius_nm": -999
  },
  {
    "date": "19420829",
    "time_utc": "0000",
    "record": "",
    "status": "HU",
    "lat": 38.6,
    "lng": -53.9,
    "max_wind_kt": 70,
    "min_pressure_mb": -999,
    "34kt_wind_radius_nm_ne": -999,
    "34kt_wind_radius_nm_se": -999,
    "34kt_wind_radius_nm_nw": -999,
    "34kt_wind_radius_nm_sw": -999,
    "50kt_wind_radius_nm_ne": -999,
    "50kt_wind_radius_nm_se": -999,
    "50kt_wind_radius_nm_nw": -999,
    "50kt_wind_radius_nm_sw": -999,
    "64kt_wind_radius_nm_ne": -999,
    "64kt_wind_radius_nm_se": -999,
    "64kt_wind_radius_nm_nw": -999,
    "64kt_wind_radius_nm_sw": -999,
    "max_wind_radius_nm": -999
  },
  {
    "date": "19420829",
    "time_utc": "0600",
    "record": "",
    "status": "HU",
    "lat": 38.9,
    "lng": -53.4,
    "max_wind_kt": 70,
    "min_pressure_mb": -999,
    "34kt_wind_radius_nm_ne": -999,
    "34kt_wind_radius_nm_se": -999,
    "34kt_wind_radius_nm_nw": -999,
    "34kt_wind_radius_nm_sw": -999,
    "50kt_wind_radius_nm_ne": -999,
    "50kt_wind_radius_nm_se": -999,
    "50kt_wind_radius_nm_nw": -999,
    "50kt_wind_radius_nm_sw": -999,
    "64kt_wind_radius_nm_ne": -999,
    "64kt_wind_radius_nm_se": -999,
    "64kt_wind_radius_nm_nw": -999,
    "64kt_wind_radius_nm_sw": -999,
    "max_wind_radius_nm": -999
  },
  {
    "date": "19420829",
    "time_utc": "1200",
    "record": "",
    "status": "HU",
    "lat": 39.0,
    "lng": -53.0,
    "max_wind_kt": 65,
    "min_pressure_mb": -999,
    "34kt_wind_radius_nm_ne": -999,
    "34kt_wind_radius_nm_se": -999,
    "34kt_wind_radius_nm_nw": -999,
    "34kt_wind_radius_nm_sw": -999,
    "50kt_wind_radius_nm_ne": -999,
    "50kt_wind_radius_nm_se": -999,
    "50kt_wind_radius_nm_nw": -999,
    "50kt_wind_radius_nm_sw": -999,
    "64kt_wind_radius_nm_ne": -999,
    "64kt_wind_radius_nm_se": -999,
    "64kt_wind_radius_nm_nw": -999,
    "64kt_wind_radius_nm_sw": -999,
    "max_wind_radius_nm": -999
  },
  {
    "date": "19420829",
    "time_utc": "1800",
    "record": "",
    "status": "TS",
    "lat": 39.1,
    "lng": -52.7,
    "max_wind_kt": 60,
    "min_pressure_mb": -999,
    "34kt_wind_radius_nm_ne": -999,
    "34kt_wind_radius_nm_se": -999,
    "34kt_wind_radius_nm_nw": -999,
    "34kt_wind_radius_nm_sw": -999,
    "50kt_wind_radius_nm_ne": -999,
    "50kt_wind_radius_nm_se": -999,
    "50kt_wind_radius_nm_nw": -999,
    "50kt_wind_radius_nm_sw": -999,
    "64kt_wind_radius_nm_ne": -999,
    "64kt_wind_radius_nm_se": -999,
    "64kt_wind_radius_nm_nw": -999,
    "64kt_wind_radius_nm_sw": -999,
    "max_wind_radius_nm": -999
  },
  {
    "date": "19420830",
    "time_utc": "0000",
    "record": "",
    "status": "TS",
    "lat": 39.1,
    "lng": -52.4,
    "max_wind_kt": 55,
    "min_pressure_mb": -999,
    "34kt_wind_radius_nm_ne": -999,
    "34kt_wind_radius_nm_se": -999,
    "34kt_wind_radius_nm_nw": -999,
    "34kt_wind_radius_nm_sw": -999,
    "50kt_wind_radius_nm_ne": -999,
    "50kt_wind_radius_nm_se": -999,
    "50kt_wind_radius_nm_nw": -999,
    "50kt_wind_radius_nm_sw": -999,
    "64kt_wind_radius_nm_ne": -999,
    "64kt_wind_radius_nm_se": -999,
    "64kt_wind_radius_nm_nw": -999,
    "64kt_wind_radius_nm_sw": -999,
    "max_wind_radius_nm": -999
  },
  {
    "date": "19420830",
    "time_utc": "0600",
    "record": "",
    "status": "TS",
    "lat": 39.0,
    "lng": -52.2,
    "max_wind_kt": 55,
    "min_pressure_mb": -999,
    "34kt_wind_radius_nm_ne": -999,
    "34kt_wind_radius_nm_se": -999,
    "34kt_wind_radius_nm_nw": -999,
    "34kt_wind_radius_nm_sw": -999,
    "50kt_wind_radius_nm_ne": -999,
    "50kt_wind_radius_nm_se": -999,
    "50kt_wind_radius_nm_nw": -999,
    "50kt_wind_radius_nm_sw": -999,
    "64kt_wind_radius_nm_ne": -999,
    "64kt_wind_radius_nm_se": -999,
    "64kt_wind_radius_nm_nw": -999,
    "64kt_wind_radius_nm_sw": -999,
    "max_wind_radius_nm": -999
  },
  {
    "date": "19420830",
    "time_utc": "1200",
    "record": "",
    "status": "TS",
    "lat": 39.0,
    "lng": -52.0,
    "max_wind_kt": 50,
    "min_pressure_mb": -999,
    "34kt_wind_radius_nm_ne": -999,
    "34kt_wind_radius_nm_se": -999,
    "34kt_wind_radius_nm_nw": -999,
    "34kt_wind_radius_nm_sw": -999,
    "50kt_wind_radius_nm_ne": -999,
    "50kt_wind_radius_nm_se": -999,
    "50kt_wind_radius_nm_nw": -999,
    "50kt_wind_radius_nm_sw": -999,
    "64kt_wind_radius_nm_ne": -999,
    "64kt_wind_radius_nm_se": -999,
    "64kt_wind_radius_nm_nw": -999,
    "64kt_wind_radius_nm_sw": -999,
    "max_wind_radius_nm": -999
  },
  {
    "date": "19420830",
    "time_utc": "1800",
    "record": "",
    "status": "TS",
    "lat": 38.8,
    "lng": -52.0,
    "max_wind_kt": 45,
    "min_pressure_mb": -999,
    "34kt_wind_radius_nm_ne": -999,
    "34kt_wind_radius_nm_se": -999,
    "34kt_wind_radius_nm_nw": -999,
    "34kt_wind_radius_nm_sw": -999,
    "50kt_wind_radius_nm_ne": -999,
    "50kt_wind_radius_nm_se": -999,
    "50kt_wind_radius_nm_nw": -999,
    "50kt_wind_radius_nm_sw": -999,
    "64kt_wind_radius_nm_ne": -999,
    "64kt_wind_radius_nm_se": -999,
    "64kt_wind_radius_nm_nw": -999,
    "64kt_wind_radius_nm_sw": -999,
    "max_wind_radius_nm": -999
  },
  {
    "date": "19420831",
    "time_utc": "0000",
    "record": "",
    "status": "TS",
    "lat": 38.5,
    "lng": -52.2,
    "max_wind_kt": 45,
    "min_pressure_mb": -999,
    "34kt_wind_radius_nm_ne": -999,
    "34kt_wind_radius_nm_se": -999,
    "34kt_wind_radius_nm_nw": -999,
    "34kt_wind_radius_nm_sw": -999,
    "50kt_wind_radius_nm_ne": -999,
    "50kt_wind_radius_nm_se": -999,
    "50kt_wind_radius_nm_nw": -999,
    "50kt_wind_radius_nm_sw": -999,
    "64kt_wind_radius_nm_ne": -999,
    "64kt_wind_radius_nm_se": -999,
    "64kt_wind_radius_nm_nw": -999,
    "64kt_wind_radius_nm_sw": -999,
    "max_wind_radius_nm": -999
  },
  {
    "date": "19420831",
    "time_utc": "0600",
    "record": "",
    "status": "TS",
    "lat": 38.2,
    "lng": -52.6,
    "max_wind_kt": 45,
    "min_pressure_mb": -999,
    "34kt_wind_radius_nm_ne": -999,
    "34kt_wind_radius_nm_se": -999,
    "34kt_wind_radius_nm_nw": -999,
    "34kt_wind_radius_nm_sw": -999,
    "50kt_wind_radius_nm_ne": -999,
    "50kt_wind_radius_nm_se": -999,
    "50kt_wind_radius_nm_nw": -999,
    "50kt_wind_radius_nm_sw": -999,
    "64kt_wind_radius_nm_ne": -999,
    "64kt_wind_radius_nm_se": -999,
    "64kt_wind_radius_nm_nw": -999,
    "64kt_wind_radius_nm_sw": -999,
    "max_wind_radius_nm": -999
  },
  {
    "date": "19420831",
    "time_utc": "1200",
    "record": "",
    "status": "TS",
    "lat": 38.0,
    "lng": -53.0,
    "max_wind_kt": 45,
    "min_pressure_mb": -999,
    "34kt_wind_radius_nm_ne": -999,
    "34kt_wind_radius_nm_se": -999,
    "34kt_wind_radius_nm_nw": -999,
    "34kt_wind_radius_nm_sw": -999,
    "50kt_wind_radius_nm_ne": -999,
    "50kt_wind_radius_nm_se": -999,
    "50kt_wind_radius_nm_nw": -999,
    "50kt_wind_radius_nm_sw": -999,
    "64kt_wind_radius_nm_ne": -999,
    "64kt_wind_radius_nm_se": -999,
    "64kt_wind_radius_nm_nw": -999,
    "64kt_wind_radius_nm_sw": -999,
    "max_wind_radius_nm": -999
  },
  {
    "date": "19420831",
    "time_utc": "1800",
    "record": "",
    "status": "TS",
    "lat": 37.8,
    "lng": -53.2,
    "max_wind_kt": 45,
    "min_pressure_mb": -999,
    "34kt_wind_radius_nm_ne": -999,
    "34kt_wind_radius_nm_se": -999,
    "34kt_wind_radius_nm_nw": -999,
    "34kt_wind_radius_nm_sw": -999,
    "50kt_wind_radius_nm_ne": -999,
    "50kt_wind_radius_nm_se": -999,
    "50kt_wind_radius_nm_nw": -999,
    "50kt_wind_radius_nm_sw": -999,
    "64kt_wind_radius_nm_ne": -999,
    "64kt_wind_radius_nm_se": -999,
    "64kt_wind_radius_nm_nw": -999,
    "64kt_wind_radius_nm_sw": -999,
    "max_wind_radius_nm": -999
  },
  {
    "date": "19420901",
    "time_utc": "0000",
    "record": "",
    "status": "TS",
    "lat": 37.6,
    "lng": -53.4,
    "max_wind_kt": 40,
    "min_pressure_mb": -999,
    "34kt_wind_radius_nm_ne": -999,
    "34kt_wind_radius_nm_se": -999,
    "34kt_wind_radius_nm_nw": -999,
    "34kt_wind_radius_nm_sw": -999,
    "50kt_wind_radius_nm_ne": -999,
    "50kt_wind_radius_nm_se": -999,
    "50kt_wind_radius_nm_nw": -999,
    "50kt_wind_radius_nm_sw": -999,
    "64kt_wind_radius_nm_ne": -999,
    "64kt_wind_radius_nm_se": -999,
    "64kt_wind_radius_nm_nw": -999,
    "64kt_wind_radius_nm_sw": -999,
    "max_wind_radius_nm": -999
  },
  {
    "date": "19420901",
    "time_utc": "0600",
    "record": "",
    "status": "TS",
    "lat": 37.3,
    "lng": -53.6,
    "max_wind_kt": 40,
    "min_pressure_mb": -999,
    "34kt_wind_radius_nm_ne": -999,
    "34kt_wind_radius_nm_se": -999,
    "34kt_wind_radius_nm_nw": -999,
    "34kt_wind_radius_nm_sw": -999,
    "50kt_wind_radius_nm_ne": -999,
    "50kt_wind_radius_nm_se": -999,
    "50kt_wind_radius_nm_nw": -999,
    "50kt_wind_radius_nm_sw": -999,
    "64kt_wind_radius_nm_ne": -999,
    "64kt_wind_radius_nm_se": -999,
    "64kt_wind_radius_nm_nw": -999,
    "64kt_wind_radius_nm_sw": -999,
    "max_wind_radius_nm": -999
  },
  {
    "date": "19420901",
    "time_utc": "1200",
    "record": "",
    "status": "TS",
    "lat": 37.0,
    "lng": -54.0,
    "max_wind_kt": 35,
    "min_pressure_mb": -999,
    "34kt_wind_radius_nm_ne": -999,
    "34kt_wind_radius_nm_se": -999,
    "34kt_wind_radius_nm_nw": -999,
    "34kt_wind_radius_nm_sw": -999,
    "50kt_wind_radius_nm_ne": -999,
    "50kt_wind_radius_nm_se": -999,
    "50kt_wind_radius_nm_nw": -999,
    "50kt_wind_radius_nm_sw": -999,
    "64kt_wind_radius_nm_ne": -999,
    "64kt_wind_radius_nm_se": -999,
    "64kt_wind_radius_nm_nw": -999,
    "64kt_wind_radius_nm_sw": -999,
    "max_wind_radius_nm": -999
  },
  {
    "date": "19420901",
    "time_utc": "1800",
    "record": "",
    "status": "TS",
    "lat": 36.4,
    "lng": -54.7,
    "max_wind_kt": 35,
    "min_pressure_mb": -999,
    "34kt_wind_radius_nm_ne": -999,
    "34kt_wind_radius_nm_se": -999,
    "34kt_wind_radius_nm_nw": -999,
    "34kt_wind_radius_nm_sw": -999,
    "50kt_wind_radius_nm_ne": -999,
    "50kt_wind_radius_nm_se": -999,
    "50kt_wind_radius_nm_nw": -999,
    "50kt_wind_radius_nm_sw": -999,
    "64kt_wind_radius_nm_ne": -999,
    "64kt_wind_radius_nm_se": -999,
    "64kt_wind_radius_nm_nw": -999,
    "64kt_wind_radius_nm_sw": -999,
    "max_wind_radius_nm": -999
  },
  {
    "date": "19420902",
    "time_utc": "0000",
    "record": "",
    "status": "TS",
    "lat": 36.0,
    "lng": -55.2,
    "max_wind_kt": 35,
    "min_pressure_mb": -999,
    "34kt_wind_radius_nm_ne": -999,
    "34kt_wind_radius_nm_se": -999,
    "34kt_wind_radius_nm_nw": -999,
    "34kt_wind_radius_nm_sw": -999,
    "50kt_wind_radius_nm_ne": -999,
    "50kt_wind_radius_nm_se": -999,
    "50kt_wind_radius_nm_nw": -999,
    "50kt_wind_radius_nm_sw": -999,
    "64kt_wind_radius_nm_ne": -999,
    "64kt_wind_radius_nm_se": -999,
    "64kt_wind_radius_nm_nw": -999,
    "64kt_wind_radius_nm_sw": -999,
    "max_wind_radius_nm": -999
  },
  {
    "date": "19420902",
    "time_utc": "0600",
    "record": "",
    "status": "TS",
    "lat": 35.6,
    "lng": -56.5,
    "max_wind_kt": 35,
    "min_pressure_mb": -999,
    "34kt_wind_radius_nm_ne": -999,
    "34kt_wind_radius_nm_se": -999,
    "34kt_wind_radius_nm_nw": -999,
    "34kt_wind_radius_nm_sw": -999,
    "50kt_wind_radius_nm_ne": -999,
    "50kt_wind_radius_nm_se": -999,
    "50kt_wind_radius_nm_nw": -999,
    "50kt_wind_radius_nm_sw": -999,
    "64kt_wind_radius_nm_ne": -999,
    "64kt_wind_radius_nm_se": -999,
    "64kt_wind_radius_nm_nw": -999,
    "64kt_wind_radius_nm_sw": -999,
    "max_wind_radius_nm": -999
  },
  {
    "date": "19420902",
    "time_utc": "1200",
    "record": "",
    "status": "TS",
    "lat": 35.2,
    "lng": -57.9,
    "max_wind_kt": 35,
    "min_pressure_mb": -999,
    "34kt_wind_radius_nm_ne": -999,
    "34kt_wind_radius_nm_se": -999,
    "34kt_wind_radius_nm_nw": -999,
    "34kt_wind_radius_nm_sw": -999,
    "50kt_wind_radius_nm_ne": -999,
    "50kt_wind_radius_nm_se": -999,
    "50kt_wind_radius_nm_nw": -999,
    "50kt_wind_radius_nm_sw": -999,
    "64kt_wind_radius_nm_ne": -999,
    "64kt_wind_radius_nm_se": -999,
    "64kt_wind_radius_nm_nw": -999,
    "64kt_wind_radius_nm_sw": -999,
    "max_wind_radius_nm": -999
  },
  {
    "date": "19420902",
    "time_utc": "1800",
    "record": "",
    "status": "TS",
    "lat": 34.8,
    "lng": -59.2,
    "max_wind_kt": 35,
    "min_pressure_mb": -999,
    "34kt_wind_radius_nm_ne": -999,
    "34kt_wind_radius_nm_se": -999,
    "34kt_wind_radius_nm_nw": -999,
    "34kt_wind_radius_nm_sw": -999,
    "50kt_wind_radius_nm_ne": -999,
    "50kt_wind_radius_nm_se": -999,
    "50kt_wind_radius_nm_nw": -999,
    "50kt_wind_radius_nm_sw": -999,
    "64kt_wind_radius_nm_ne": -999,
    "64kt_wind_radius_nm_se": -999,
    "64kt_wind_radius_nm_nw": -999,
    "64kt_wind_radius_nm_sw": -999,
    "max_wind_radius_nm": -999
  },
  {
    "date": "19420903",
    "time_utc": "0000",
    "record": "",
    "status": "TD",
    "lat": 34.3,
    "lng": -60.2,
    "max_wind_kt": 30,
    "min_pressure_mb": -999,
    "34kt_wind_radius_nm_ne": -999,
    "34kt_wind_radius_nm_se": -999,
    "34kt_wind_radius_nm_nw": -999,
    "34kt_wind_radius_nm_sw": -999,
    "50kt_wind_radius_nm_ne": -999,
    "50kt_wind_radius_nm_se": -999,
    "50kt_wind_radius_nm_nw": -999,
    "50kt_wind_radius_nm_sw": -999,
    "64kt_wind_radius_nm_ne": -999,
    "64kt_wind_radius_nm_se": -999,
    "64kt_wind_radius_nm_nw": -999,
    "64kt_wind_radius_nm_sw": -999,
    "max_wind_radius_nm": -999
  },
  {
    "date": "19420903",
    "time_utc": "0600",
    "record": "",
    "status": "TD",
    "lat": 33.7,
    "lng": -60.7,
    "max_wind_kt": 30,
    "min_pressure_mb": -999,
    "34kt_wind_radius_nm_ne": -999,
    "34kt_wind_radius_nm_se": -999,
    "34kt_wind_radius_nm_nw": -999,
    "34kt_wind_radius_nm_sw": -999,
    "50kt_wind_radius_nm_ne": -999,
    "50kt_wind_radius_nm_se": -999,
    "50kt_wind_radius_nm_nw": -999,
    "50kt_wind_radius_nm_sw": -999,
    "64kt_wind_radius_nm_ne": -999,
    "64kt_wind_radius_nm_se": -999,
    "64kt_wind_radius_nm_nw": -999,
    "64kt_wind_radius_nm_sw": -999,
    "max_wind_radius_nm": -999
  },
  {
    "date": "19420903",
    "time_utc": "1200",
    "record": "",
    "status": "TD",
    "lat": 33.0,
    "lng": -61.0,
    "max_wind_kt": 25,
    "min_pressure_mb": -999,
    "34kt_wind_radius_nm_ne": -999,
    "34kt_wind_radius_nm_se": -999,
    "34kt_wind_radius_nm_nw": -999,
    "34kt_wind_radius_nm_sw": -999,
    "50kt_wind_radius_nm_ne": -999,
    "50kt_wind_radius_nm_se": -999,
    "50kt_wind_radius_nm_nw": -999,
    "50kt_wind_radius_nm_sw": -999,
    "64kt_wind_radius_nm_ne": -999,
    "64kt_wind_radius_nm_se": -999,
    "64kt_wind_radius_nm_nw": -999,
    "64kt_wind_radius_nm_sw": -999,
    "max_wind_radius_nm": -999
  },
  {
    "date": "19420903",
    "time_utc": "1800",
    "record": "",
    "status": "TD",
    "lat": 32.5,
    "lng": -61.2,
    "max_wind_kt": 25,
    "min_pressure_mb": -999,
    "34kt_wind_radius_nm_ne": -999,
    "34kt_wind_radius_nm_se": -999,
    "34kt_wind_radius_nm_nw": -999,
    "34kt_wind_radius_nm_sw": -999,
    "50kt_wind_radius_nm_ne": -999,
    "50kt_wind_radius_nm_se": -999,
    "50kt_wind_radius_nm_nw": -999,
    "50kt_wind_radius_nm_sw": -999,
    "64kt_wind_radius_nm_ne": -999,
    "64kt_wind_radius_nm_se": -999,
    "64kt_wind_radius_nm_nw": -999,
    "64kt_wind_radius_nm_sw": -999,
    "max_wind_radius_nm": -999
  }
]