[
  {
    "date": 20220926,
    "time_utc": 1800,
    "record": "",
    "status": "LO",
    "lat": "13.8N",
    "lng": "35.8W",
    "max_wind_kt": 25,
    "min_pressure_mb": 1009,
    "34kt_wind_radius_nm_ne": 0,
    "34kt_wind_radius_nm_se": 0,
    "34kt_wind_radius_nm_nw": 0,
    "34kt_wind_radius_nm_sw": 0,
    "50kt_wind_radius_nm_ne": 0,
    "50kt_wind_radius_nm_se": 0,
    "50kt_wind_radius_nm_nw": 0,
    "50kt_wind_radius_nm_sw": 0,
    "64kt_wind_radius_nm_ne": 0,
    "64kt_wind_radius_nm_se": 0,
    "64kt_wind_radius_nm_nw": 0,
    "64kt_wind_radius_nm_sw": 0,
    "max_wind_radius_nm": 60
  },
  {
    "date": 20220927,
    "time_utc": 0,
    "record": "",
    "status": "LO",
    "lat": "13.6N",
    "lng": "35.4W",
    "max_wind_kt": 25,
    "min_pressure_mb": 1009,
    "34kt_wind_radius_nm_ne": 0,
    "34kt_wind_radius_nm_se": 0,
    "34kt_wind_radius_nm_nw": 0,
    "34kt_wind_radius_nm_sw": 0,
    "50kt_wind_radius_nm_ne": 0,
    "50kt_wind_radius_nm_se": 0,
    "50kt_wind_radius_nm_nw": 0,
    "50kt_wind_radius_nm_sw": 0,
    "64kt_wind_radius_nm_ne": 0,
    "64kt_wind_radius_nm_se": 0,
    "64kt_wind_radius_nm_nw": 0,
    "64kt_wind_radius_nm_sw": 0,
    "max_wind_radius_nm": 60
  },
  {
    "date": 20220927,
    "time_utc": 600,
    "record": "",
    "status": "LO",
    "lat": "13.6N",
    "lng": "35.0W",
    "max_wind_kt": 25,
    "min_pressure_mb": 1009,
    "34kt_wind_radius_nm_ne": 0,
    "34kt_wind_radius_nm_se": 0,
    "34kt_wind_radius_nm_nw": 0,
    "34kt_wind_radius_nm_sw": 0,
    "50kt_wind_radius_nm_ne": 0,
    "50kt_wind_radius_nm_se": 0,
    "50kt_wind_radius_nm_nw": 0,
    "50kt_wind_radius_nm_sw": 0,
    "64kt_wind_radius_nm_ne": 0,
    "64kt_wind_radius_nm_se": 0,
    "64kt_wind_radius_nm_nw": 0,
    "64kt_wind_radius_nm_sw": 0,
    "max_wind_radius_nm": 60
  },
  {
    "date": 20220927,
    "time_utc": 1200,
    "record": "",
    "status": "LO",
    "lat": "13.8N",
    "lng": "34.7W",
    "max_wind_kt": 25,
    "min_pressure_mb": 1009,
    "34kt_wind_radius_nm_ne": 0,
    "34kt_wind_radius_nm_se": 0,
    "34kt_wind_radius_nm_nw": 0,
    "34kt_wind_radius_nm_sw": 0,
    "50kt_wind_radius_nm_ne": 0,
    "50kt_wind_radius_nm_se": 0,
    "50kt_wind_radius_nm_nw": 0,
    "50kt_wind_radius_nm_sw": 0,
    "64kt_wind_radius_nm_ne": 0,
    "64kt_wind_radius_nm_se": 0,
    "64kt_wind_radius_nm_nw": 0,
    "64kt_wind_radius_nm_sw": 0,
    "max_wind_radius_nm": 60
  },
  {
    "date": 20220927,
    "time_utc": 1800,
    "record": "",
    "status": "LO",
    "lat": "14.1N",
    "lng": "34.5W",
    "max_wind_kt": 25,
    "min_pressure_mb": 1009,
    "34kt_wind_radius_nm_ne": 0,
    "34kt_wind_radius_nm_se": 0,
    "34kt_wind_radius_nm_nw": 0,
    "34kt_wind_radius_nm_sw": 0,
    "50kt_wind_radius_nm_ne": 0,
    "50kt_wind_radius_nm_se": 0,
    "50kt_wind_radius_nm_nw": 0,
    "50kt_wind_radius_nm_sw": 0,
    "64kt_wind_radius_nm_ne": 0,
    "64kt_wind_radius_nm_se": 0,
    "64kt_wind_radius_nm_nw": 0,
    "64kt_wind_radius_nm_sw": 0,
    "max_wind_radius_nm": 60
  },
  {
    "date": 20220928,
    "time_utc": 0,
    "record": "",
    "status": "TD",
    "lat": "14.5N",
    "lng": "34.3W",
    "max_wind_kt": 30,
    "min_pressure_mb": 1008,
    "34kt_wind_radius_nm_ne": 0,
    "34kt_wind_radius_nm_se": 0,
    "34kt_wind_radius_nm_nw": 0,
    "34kt_wind_radius_nm_sw": 0,
    "50kt_wind_radius_nm_ne": 0,
    "50kt_wind_radius_nm_se": 0,
    "50kt_wind_radius_nm_nw": 0,
    "50kt_wind_radius_nm_sw": 0,
    "64kt_wind_radius_nm_ne": 0,
    "64kt_wind_radius_nm_se": 0,
    "64kt_wind_radius_nm_nw": 0,
    "64kt_wind_radius_nm_sw": 0,
    "max_wind_radius_nm": 60
  },
  {
    "date": 20220928,
    "time_utc": 600,
    "record": "",
    "status": "TD",
    "lat": "15.1N",
    "lng": "34.2W",
    "max_wind_kt": 30,
    "min_pressure_mb": 1008,
    "34kt_wind_radius_nm_ne": 0,
    "34kt_wind_radius_nm_se": 0,
    "34kt_wind_radius_nm_nw": 0,
    "34kt_wind_radius_nm_sw": 0,
    "50kt_wind_radius_nm_ne": 0,
    "50kt_wind_radius_nm_se": 0,
    "50kt_wind_radius_nm_nw": 0,
    "50kt_wind_radius_nm_sw": 0,
    "64kt_wind_radius_nm_ne": 0,
    "64kt_wind_radius_nm_se": 0,
    "64kt_wind_radius_nm_nw": 0,
    "64kt_wind_radius_nm_sw": 0,
    "max_wind_radius_nm": 60
  },
  {
    "date": 20220928,
    "time_utc": 1200,
    "record": "",
    "status": "TD",
    "lat": "15.7N",
    "lng": "34.3W",
    "max_wind_kt": 25,
    "min_pressure_mb": 1009,
    "34kt_wind_radius_nm_ne": 0,
    "34kt_wind_radius_nm_se": 0,
    "34kt_wind_radius_nm_nw": 0,
    "34kt_wind_radius_nm_sw": 0,
    "50kt_wind_radius_nm_ne": 0,
    "50kt_wind_radius_nm_se": 0,
    "50kt_wind_radius_nm_nw": 0,
    "50kt_wind_radius_nm_sw": 0,
    "64kt_wind_radius_nm_ne": 0,
    "64kt_wind_radius_nm_se": 0,
    "64kt_wind_radius_nm_nw": 0,
    "64kt_wind_radius_nm_sw": 0,
    "max_wind_radius_nm": 60
  },
  {
    "date": 20220928,
    "time_utc": 1800,
    "record": "",
    "status": "TD",
    "lat": "16.2N",
    "lng": "34.7W",
    "max_wind_kt": 25,
    "min_pressure_mb": 1009,
    "34kt_wind_radius_nm_ne": 0,
    "34kt_wind_radius_nm_se": 0,
    "34kt_wind_radius_nm_nw": 0,
    "34kt_wind_radius_nm_sw": 0,
    "50kt_wind_radius_nm_ne": 0,
    "50kt_wind_radius_nm_se": 0,
    "50kt_wind_radius_nm_nw": 0,
    "50kt_wind_radius_nm_sw": 0,
    "64kt_wind_radius_nm_ne": 0,
    "64kt_wind_radius_nm_se": 0,
    "64kt_wind_radius_nm_nw": 0,
    "64kt_wind_radius_nm_sw": 0,
    "max_wind_radius_nm": 60
  },
  {
    "date": 20220929,
    "time_utc": 0,
    "record": "",
    "status": "TD",
    "lat": "16.7N",
    "lng": "35.2W",
    "max_wind_kt": 25,
    "min_pressure_mb": 1009,
    "34kt_wind_radius_nm_ne": 0,
    "34kt_wind_radius_nm_se": 0,
    "34kt_wind_radius_nm_nw": 0,
    "34kt_wind_radius_nm_sw": 0,
    "50kt_wind_radius_nm_ne": 0,
    "50kt_wind_radius_nm_se": 0,
    "50kt_wind_radius_nm_nw": 0,
    "50kt_wind_radius_nm_sw": 0,
    "64kt_wind_radius_nm_ne": 0,
    "64kt_wind_radius_nm_se": 0,
    "64kt_wind_radius_nm_nw": 0,
    "64kt_wind_radius_nm_sw": 0,
    "max_wind_radius_nm": 60
  },
  {
    "date": 20220929,
    "time_utc": 600,
    "record": "",
    "status": "TD",
    "lat": "17.5N",
    "lng": "36.0W",
    "max_wind_kt": 25,
    "min_pressure_mb": 1009,
    "34kt_wind_radius_nm_ne": 0,
    "34kt_wind_radius_nm_se": 0,
    "34kt_wind_radius_nm_nw": 0,
    "34kt_wind_radius_nm_sw": 0,
    "50kt_wind_radius_nm_ne": 0,
    "50kt_wind_radius_nm_se": 0,
    "50kt_wind_radius_nm_nw": 0,
    "50kt_wind_radius_nm_sw": 0,
    "64kt_wind_radius_nm_ne": 0,
    "64kt_wind_radius_nm_se": 0,
    "64kt_wind_radius_nm_nw": 0,
    "64kt_wind_radius_nm_sw": 0,
    "max_wind_radius_nm": 60
  },
  {
    "date": 20220929,
    "time_utc": 1200,
    "record": "",
    "status": "LO",
    "lat": "18.3N",
    "lng": "36.9W",
    "max_wind_kt": 25,
    "min_pressure_mb": 1009,
    "34kt_wind_radius_nm_ne": 0,
    "34kt_wind_radius_nm_se": 0,
    "34kt_wind_radius_nm_nw": 0,
    "34kt_wind_radius_nm_sw": 0,
    "50kt_wind_radius_nm_ne": 0,
    "50kt_wind_radius_nm_se": 0,
    "50kt_wind_radius_nm_nw": 0,
    "50kt_wind_radius_nm_sw": 0,
    "64kt_wind_radius_nm_ne": 0,
    "64kt_wind_radius_nm_se": 0,
    "64kt_wind_radius_nm_nw": 0,
    "64kt_wind_radius_nm_sw": 0,
    "max_wind_radius_nm": 80
  }
]