[
  {
    "date": 20120803,
    "time_utc": 600,
    "record": "",
    "status": "LO",
    "lat": "12.2N",
    "lng": "23.1W",
    "max_wind_kt": 25,
    "min_pressure_mb": 1011,
    "34kt_wind_radius_nm_ne": 0,
    "34kt_wind_radius_nm_se": 0,
    "34kt_wind_radius_nm_nw": 0,
    "34kt_wind_radius_nm_sw": 0,
    "50kt_wind_radius_nm_ne": 0,
    "50kt_wind_radius_nm_se": 0,
    "50kt_wind_radius_nm_nw": 0,
    "50kt_wind_radius_nm_sw": 0,
    "64kt_wind_radius_nm_ne": 0,
    "64kt_wind_radius_nm_se": 0,
    "64kt_wind_radius_nm_nw": 0,
    "64kt_wind_radius_nm_sw": 0,
    "max_wind_radius_nm": -999
  },
  {
    "date": 20120803,
    "time_utc": 1200,
    "record": "",
    "status": "LO",
    "lat": "12.5N",
    "lng": "24.5W",
    "max_wind_kt": 30,
    "min_pressure_mb": 1010,
    "34kt_wind_radius_nm_ne": 0,
    "34kt_wind_radius_nm_se": 0,
    "34kt_wind_radius_nm_nw": 0,
    "34kt_wind_radius_nm_sw": 0,
    "50kt_wind_radius_nm_ne": 0,
    "50kt_wind_radius_nm_se": 0,
    "50kt_wind_radius_nm_nw": 0,
    "50kt_wind_radius_nm_sw": 0,
    "64kt_wind_radius_nm_ne": 0,
    "64kt_wind_radius_nm_se": 0,
    "64kt_wind_radius_nm_nw": 0,
    "64kt_wind_radius_nm_sw": 0,
    "max_wind_radius_nm": -999
  },
  {
    "date": 20120803,
    "time_utc": 1800,
    "record": "",
    "status": "TD",
    "lat": "13.0N",
    "lng": "25.9W",
    "max_wind_kt": 30,
    "min_pressure_mb": 1009,
    "34kt_wind_radius_nm_ne": 0,
    "34kt_wind_radius_nm_se": 0,
    "34kt_wind_radius_nm_nw": 0,
    "34kt_wind_radius_nm_sw": 0,
    "50kt_wind_radius_nm_ne": 0,
    "50kt_wind_radius_nm_se": 0,
    "50kt_wind_radius_nm_nw": 0,
    "50kt_wind_radius_nm_sw": 0,
    "64kt_wind_radius_nm_ne": 0,
    "64kt_wind_radius_nm_se": 0,
    "64kt_wind_radius_nm_nw": 0,
    "64kt_wind_radius_nm_sw": 0,
    "max_wind_radius_nm": -999
  },
  {
    "date": 20120804,
    "time_utc": 0,
    "record": "",
    "status": "TD",
    "lat": "13.5N",
    "lng": "27.3W",
    "max_wind_kt": 30,
    "min_pressure_mb": 1009,
    "34kt_wind_radius_nm_ne": 0,
    "34kt_wind_radius_nm_se": 0,
    "34kt_wind_radius_nm_nw": 0,
    "34kt_wind_radius_nm_sw": 0,
    "50kt_wind_radius_nm_ne": 0,
    "50kt_wind_radius_nm_se": 0,
    "50kt_wind_radius_nm_nw": 0,
    "50kt_wind_radius_nm_sw": 0,
    "64kt_wind_radius_nm_ne": 0,
    "64kt_wind_radius_nm_se": 0,
    "64kt_wind_radius_nm_nw": 0,
    "64kt_wind_radius_nm_sw": 0,
    "max_wind_radius_nm": -999
  },
  {
    "date": 20120804,
    "time_utc": 600,
    "record": "",
    "status": "TS",
    "lat": "14.1N",
    "lng": "28.6W",
    "max_wind_kt": 35,
    "min_pressure_mb": 1007,
    "34kt_wind_radius_nm_ne": 40,
    "34kt_wind_radius_nm_se": 0,
    "34kt_wind_radius_nm_nw": 0,
    "34kt_wind_radius_nm_sw": 30,
    "50kt_wind_radius_nm_ne": 0,
    "50kt_wind_radius_nm_se": 0,
    "50kt_wind_radius_nm_nw": 0,
    "50kt_wind_radius_nm_sw": 0,
    "64kt_wind_radius_nm_ne": 0,
    "64kt_wind_radius_nm_se": 0,
    "64kt_wind_radius_nm_nw": 0,
    "64kt_wind_radius_nm_sw": 0,
    "max_wind_radius_nm": -999
  },
  {
    "date": 20120804,
    "time_utc": 1200,
    "record": "",
    "status": "TS",
    "lat": "14.7N",
    "lng": "29.9W",
    "max_wind_kt": 40,
    "min_pressure_mb": 1005,
    "34kt_wind_radius_nm_ne": 50,
    "34kt_wind_radius_nm_se": 30,
    "34kt_wind_radius_nm_nw": 0,
    "34kt_wind_radius_nm_sw": 40,
    "50kt_wind_radius_nm_ne": 0,
    "50kt_wind_radius_nm_se": 0,
    "50kt_wind_radius_nm_nw": 0,
    "50kt_wind_radius_nm_sw": 0,
    "64kt_wind_radius_nm_ne": 0,
    "64kt_wind_radius_nm_se": 0,
    "64kt_wind_radius_nm_nw": 0,
    "64kt_wind_radius_nm_sw": 0,
    "max_wind_radius_nm": -999
  },
  {
    "date": 20120804,
    "time_utc": 1800,
    "record": "",
    "status": "TS",
    "lat": "15.3N",
    "lng": "31.2W",
    "max_wind_kt": 45,
    "min_pressure_mb": 1003,
    "34kt_wind_radius_nm_ne": 60,
    "34kt_wind_radius_nm_se": 40,
    "34kt_wind_radius_nm_nw": 0,
    "34kt_wind_radius_nm_sw": 50,
    "50kt_wind_radius_nm_ne": 0,
    "50kt_wind_radius_nm_se": 0,
    "50kt_wind_radius_nm_nw": 0,
    "50kt_wind_radius_nm_sw": 0,
    "64kt_wind_radius_nm_ne": 0,
    "64kt_wind_radius_nm_se": 0,
    "64kt_wind_radius_nm_nw": 0,
    "64kt_wind_radius_nm_sw": 0,
    "max_wind_radius_nm": -999
  },
  {
    "date": 20120805,
    "time_utc": 0,
    "record": "",
    "status": "TS",
    "lat": "15.8N",
    "lng": "32.5W",
    "max_wind_kt": 50,
    "min_pressure_mb": 1002,
    "34kt_wind_radius_nm_ne": 70,
    "34kt_wind_radius_nm_se": 50,
    "34kt_wind_radius_nm_nw": 20,
    "34kt_wind_radius_nm_sw": 60,
    "50kt_wind_radius_nm_ne": 30,
    "50kt_wind_radius_nm_se": 20,
    "50kt_wind_radius_nm_nw": 0,
    "50kt_wind_radius_nm_sw": 30,
    "64kt_wind_radius_nm_ne": 0,
    "64kt_wind_radius_nm_se": 0,
    "64kt_wind_radius_nm_nw": 0,
    "64kt_wind_radius_nm_sw": 0,
    "max_wind_radius_nm": -999
  },
  {
    "date": 20120805,
    "time_utc": 600,
    "record": "",
    "status": "TS",
    "lat": "16.1N",
    "lng": "33.8W",
    "max_wind_kt": 50,
    "min_pressure_mb": 1002,
    "34kt_wind_radius_nm_ne": 70,
    "34kt_wind_radius_nm_se": 50,
    "34kt_wind_radius_nm_nw": 20,
    "34kt_wind_radius_nm_sw": 60,
    "50kt_wind_radius_nm_ne": 30,
    "50kt_wind_radius_nm_se": 20,
    "50kt_wind_radius_nm_nw": 0,
    "50kt_wind_radius_nm_sw": 30,
    "64kt_wind_radius_nm_ne": 0,
    "64kt_wind_radius_nm_se": 0,
    "64kt_wind_radius_nm_nw": 0,
    "64kt_wind_radius_nm_sw": 0,
    "max_wind_radius_nm": -999
  },
  {
    "date": 20120805,
    "time_utc": 1200,
    "record": "",
    "status": "TS",
    "lat": "16.2N",
    "lng": "35.0W",
    "max_wind_kt": 45,
    "min_pressure_mb": 1004,
    "34kt_wind_radius_nm_ne": 60,
    "34kt_wind_radius_nm_se": 40,
    "34kt_wind_radius_nm_nw": 20,
    "34kt_wind_radius_nm_sw": 50,
    "50kt_wind_radius_nm_ne": 0,
    "50kt_wind_radius_nm_se": 0,
    "50kt_wind_radius_nm_nw": 0,
    "50kt_wind_radius_nm_sw": 0,
    "64kt_wind_radius_nm_ne": 0,
    "64kt_wind_radius_nm_se": 0,
    "64kt_wind_radius_nm_nw": 0,
    "64kt_wind_radius_nm_sw": 0,
    "max_wind_radius_nm": -999
  },
  {
    "date": 20120805,
    "time_utc": 1800,
    "record": "",
    "status": "TS",
    "lat": "16.2N",
    "lng": "36.2W",
    "max_wind_kt": 45,
    "min_pressure_mb": 1005,
    "34kt_wind_radius_nm_ne": 50,
    "34kt_wind_radius_nm_se": 30,
    "34kt_wind_radius_nm_nw": 20,
    "34kt_wind_radius_nm_sw": 40,
    "50kt_wind_radius_nm_ne": 0,
    "50kt_wind_radius_nm_se": 0,
    "50kt_wind_radius_nm_nw": 0,
    "50kt_wind_radius_nm_sw": 0,
    "64kt_wind_radius_nm_ne": 0,
    "64kt_wind_radius_nm_se": 0,
    "64kt_wind_radius_nm_nw": 0,
    "64kt_wind_radius_nm_sw": 0,
    "max_wind_radius_nm": -999
  },
  {
    "date": 20120806,
    "time_utc": 0,
    "record": "",
    "status": "TS",
    "lat": "16.2N",
    "lng": "37.3W",
    "max_wind_kt": 35,
    "min_pressure_mb": 1008,
    "34kt_wind_radius_nm_ne": 40,
    "34kt_wind_radius_nm_se": 0,
    "34kt_wind_radius_nm_nw": 0,
    "34kt_wind_radius_nm_sw": 40,
    "50kt_wind_radius_nm_ne": 0,
    "50kt_wind_radius_nm_se": 0,
    "50kt_wind_radius_nm_nw": 0,
    "50kt_wind_radius_nm_sw": 0,
    "64kt_wind_radius_nm_ne": 0,
    "64kt_wind_radius_nm_se": 0,
    "64kt_wind_radius_nm_nw": 0,
    "64kt_wind_radius_nm_sw": 0,
    "max_wind_radius_nm": -999
  },
  {
    "date": 20120806,
    "time_utc": 600,
    "record": "",
    "status": "TD",
    "lat": "16.3N",
    "lng": "38.4W",
    "max_wind_kt": 30,
    "min_pressure_mb": 1009,
    "34kt_wind_radius_nm_ne": 0,
    "34kt_wind_radius_nm_se": 0,
    "34kt_wind_radius_nm_nw": 0,
    "34kt_wind_radius_nm_sw": 0,
    "50kt_wind_radius_nm_ne": 0,
    "50kt_wind_radius_nm_se": 0,
    "50kt_wind_radius_nm_nw": 0,
    "50kt_wind_radius_nm_sw": 0,
    "64kt_wind_radius_nm_ne": 0,
    "64kt_wind_radius_nm_se": 0,
    "64kt_wind_radius_nm_nw": 0,
    "64kt_wind_radius_nm_sw": 0,
    "max_wind_radius_nm": -999
  },
  {
    "date": 20120806,
    "time_utc": 1200,
    "record": "",
    "status": "LO",
    "lat": "16.4N",
    "lng": "39.6W",
    "max_wind_kt": 30,
    "min_pressure_mb": 1009,
    "34kt_wind_radius_nm_ne": 0,
    "34kt_wind_radius_nm_se": 0,
    "34kt_wind_radius_nm_nw": 0,
    "34kt_wind_radius_nm_sw": 0,
    "50kt_wind_radius_nm_ne": 0,
    "50kt_wind_radius_nm_se": 0,
    "50kt_wind_radius_nm_nw": 0,
    "50kt_wind_radius_nm_sw": 0,
    "64kt_wind_radius_nm_ne": 0,
    "64kt_wind_radius_nm_se": 0,
    "64kt_wind_radius_nm_nw": 0,
    "64kt_wind_radius_nm_sw": 0,
    "max_wind_radius_nm": -999
  },
  {
    "date": 20120806,
    "time_utc": 1800,
    "record": "",
    "status": "LO",
    "lat": "16.5N",
    "lng": "40.9W",
    "max_wind_kt": 30,
    "min_pressure_mb": 1009,
    "34kt_wind_radius_nm_ne": 0,
    "34kt_wind_radius_nm_se": 0,
    "34kt_wind_radius_nm_nw": 0,
    "34kt_wind_radius_nm_sw": 0,
    "50kt_wind_radius_nm_ne": 0,
    "50kt_wind_radius_nm_se": 0,
    "50kt_wind_radius_nm_nw": 0,
    "50kt_wind_radius_nm_sw": 0,
    "64kt_wind_radius_nm_ne": 0,
    "64kt_wind_radius_nm_se": 0,
    "64kt_wind_radius_nm_nw": 0,
    "64kt_wind_radius_nm_sw": 0,
    "max_wind_radius_nm": -999
  },
  {
    "date": 20120807,
    "time_utc": 0,
    "record": "",
    "status": "LO",
    "lat": "16.7N",
    "lng": "42.5W",
    "max_wind_kt": 25,
    "min_pressure_mb": 1010,
    "34kt_wind_radius_nm_ne": 0,
    "34kt_wind_radius_nm_se": 0,
    "34kt_wind_radius_nm_nw": 0,
    "34kt_wind_radius_nm_sw": 0,
    "50kt_wind_radius_nm_ne": 0,
    "50kt_wind_radius_nm_se": 0,
    "50kt_wind_radius_nm_nw": 0,
    "50kt_wind_radius_nm_sw": 0,
    "64kt_wind_radius_nm_ne": 0,
    "64kt_wind_radius_nm_se": 0,
    "64kt_wind_radius_nm_nw": 0,
    "64kt_wind_radius_nm_sw": 0,
    "max_wind_radius_nm": -999
  },
  {
    "date": 20120807,
    "time_utc": 600,
    "record": "",
    "status": "LO",
    "lat": "16.9N",
    "lng": "44.3W",
    "max_wind_kt": 25,
    "min_pressure_mb": 1010,
    "34kt_wind_radius_nm_ne": 0,
    "34kt_wind_radius_nm_se": 0,
    "34kt_wind_radius_nm_nw": 0,
    "34kt_wind_radius_nm_sw": 0,
    "50kt_wind_radius_nm_ne": 0,
    "50kt_wind_radius_nm_se": 0,
    "50kt_wind_radius_nm_nw": 0,
    "50kt_wind_radius_nm_sw": 0,
    "64kt_wind_radius_nm_ne": 0,
    "64kt_wind_radius_nm_se": 0,
    "64kt_wind_radius_nm_nw": 0,
    "64kt_wind_radius_nm_sw": 0,
    "max_wind_radius_nm": -999
  },
  {
    "date": 20120807,
    "time_utc": 1200,
    "record": "",
    "status": "LO",
    "lat": "17.2N",
    "lng": "46.3W",
    "max_wind_kt": 25,
    "min_pressure_mb": 1010,
    "34kt_wind_radius_nm_ne": 0,
    "34kt_wind_radius_nm_se": 0,
    "34kt_wind_radius_nm_nw": 0,
    "34kt_wind_radius_nm_sw": 0,
    "50kt_wind_radius_nm_ne": 0,
    "50kt_wind_radius_nm_se": 0,
    "50kt_wind_radius_nm_nw": 0,
    "50kt_wind_radius_nm_sw": 0,
    "64kt_wind_radius_nm_ne": 0,
    "64kt_wind_radius_nm_se": 0,
    "64kt_wind_radius_nm_nw": 0,
    "64kt_wind_radius_nm_sw": 0,
    "max_wind_radius_nm": -999
  },
  {
    "date": 20120807,
    "time_utc": 1800,
    "record": "",
    "status": "LO",
    "lat": "17.6N",
    "lng": "48.5W",
    "max_wind_kt": 25,
    "min_pressure_mb": 1011,
    "34kt_wind_radius_nm_ne": 0,
    "34kt_wind_radius_nm_se": 0,
    "34kt_wind_radius_nm_nw": 0,
    "34kt_wind_radius_nm_sw": 0,
    "50kt_wind_radius_nm_ne": 0,
    "50kt_wind_radius_nm_se": 0,
    "50kt_wind_radius_nm_nw": 0,
    "50kt_wind_radius_nm_sw": 0,
    "64kt_wind_radius_nm_ne": 0,
    "64kt_wind_radius_nm_se": 0,
    "64kt_wind_radius_nm_nw": 0,
    "64kt_wind_radius_nm_sw": 0,
    "max_wind_radius_nm": -999
  },
  {
    "date": 20120808,
    "time_utc": 0,
    "record": "",
    "status": "LO",
    "lat": "18.0N",
    "lng": "50.7W",
    "max_wind_kt": 25,
    "min_pressure_mb": 1011,
    "34kt_wind_radius_nm_ne": 0,
    "34kt_wind_radius_nm_se": 0,
    "34kt_wind_radius_nm_nw": 0,
    "34kt_wind_radius_nm_sw": 0,
    "50kt_wind_radius_nm_ne": 0,
    "50kt_wind_radius_nm_se": 0,
    "50kt_wind_radius_nm_nw": 0,
    "50kt_wind_radius_nm_sw": 0,
    "64kt_wind_radius_nm_ne": 0,
    "64kt_wind_radius_nm_se": 0,
    "64kt_wind_radius_nm_nw": 0,
    "64kt_wind_radius_nm_sw": 0,
    "max_wind_radius_nm": -999
  },
  {
    "date": 20120808,
    "time_utc": 600,
    "record": "",
    "status": "LO",
    "lat": "18.4N",
    "lng": "52.9W",
    "max_wind_kt": 25,
    "min_pressure_mb": 1011,
    "34kt_wind_radius_nm_ne": 0,
    "34kt_wind_radius_nm_se": 0,
    "34kt_wind_radius_nm_nw": 0,
    "34kt_wind_radius_nm_sw": 0,
    "50kt_wind_radius_nm_ne": 0,
    "50kt_wind_radius_nm_se": 0,
    "50kt_wind_radius_nm_nw": 0,
    "50kt_wind_radius_nm_sw": 0,
    "64kt_wind_radius_nm_ne": 0,
    "64kt_wind_radius_nm_se": 0,
    "64kt_wind_radius_nm_nw": 0,
    "64kt_wind_radius_nm_sw": 0,
    "max_wind_radius_nm": -999
  }
]