[
  {
    "id": "AL122010_Igor",
    "image": "",
    "fatalaties": 0,
    "cost_usd": 0,
    "retired": "false"
  },
  {
    "date": "20100908",
    "time_utc": "0600",
    "record": "",
    "status": "TD",
    "lat": 14.0,
    "lng": -22.7,
    "max_wind_kt": 30,
    "min_pressure_mb": 1006,
    "34kt_wind_radius_nm_ne": 0,
    "34kt_wind_radius_nm_se": 0,
    "34kt_wind_radius_nm_nw": 0,
    "34kt_wind_radius_nm_sw": 0,
    "50kt_wind_radius_nm_ne": 0,
    "50kt_wind_radius_nm_se": 0,
    "50kt_wind_radius_nm_nw": 0,
    "50kt_wind_radius_nm_sw": 0,
    "64kt_wind_radius_nm_ne": 0,
    "64kt_wind_radius_nm_se": 0,
    "64kt_wind_radius_nm_nw": 0,
    "64kt_wind_radius_nm_sw": 0,
    "max_wind_radius_nm": -999
  },
  {
    "date": "20100908",
    "time_utc": "1200",
    "record": "",
    "status": "TS",
    "lat": 13.8,
    "lng": -23.3,
    "max_wind_kt": 40,
    "min_pressure_mb": 1005,
    "34kt_wind_radius_nm_ne": 0,
    "34kt_wind_radius_nm_se": 45,
    "34kt_wind_radius_nm_nw": 45,
    "34kt_wind_radius_nm_sw": 30,
    "50kt_wind_radius_nm_ne": 0,
    "50kt_wind_radius_nm_se": 0,
    "50kt_wind_radius_nm_nw": 0,
    "50kt_wind_radius_nm_sw": 0,
    "64kt_wind_radius_nm_ne": 0,
    "64kt_wind_radius_nm_se": 0,
    "64kt_wind_radius_nm_nw": 0,
    "64kt_wind_radius_nm_sw": 0,
    "max_wind_radius_nm": -999
  },
  {
    "date": "20100908",
    "time_utc": "1800",
    "record": "",
    "status": "TS",
    "lat": 13.8,
    "lng": -23.7,
    "max_wind_kt": 40,
    "min_pressure_mb": 1005,
    "34kt_wind_radius_nm_ne": 0,
    "34kt_wind_radius_nm_se": 45,
    "34kt_wind_radius_nm_nw": 45,
    "34kt_wind_radius_nm_sw": 30,
    "50kt_wind_radius_nm_ne": 0,
    "50kt_wind_radius_nm_se": 0,
    "50kt_wind_radius_nm_nw": 0,
    "50kt_wind_radius_nm_sw": 0,
    "64kt_wind_radius_nm_ne": 0,
    "64kt_wind_radius_nm_se": 0,
    "64kt_wind_radius_nm_nw": 0,
    "64kt_wind_radius_nm_sw": 0,
    "max_wind_radius_nm": -999
  },
  {
    "date": "20100909",
    "time_utc": "0000",
    "record": "",
    "status": "TS",
    "lat": 13.8,
    "lng": -24.1,
    "max_wind_kt": 40,
    "min_pressure_mb": 1005,
    "34kt_wind_radius_nm_ne": 0,
    "34kt_wind_radius_nm_se": 45,
    "34kt_wind_radius_nm_nw": 45,
    "34kt_wind_radius_nm_sw": 30,
    "50kt_wind_radius_nm_ne": 0,
    "50kt_wind_radius_nm_se": 0,
    "50kt_wind_radius_nm_nw": 0,
    "50kt_wind_radius_nm_sw": 0,
    "64kt_wind_radius_nm_ne": 0,
    "64kt_wind_radius_nm_se": 0,
    "64kt_wind_radius_nm_nw": 0,
    "64kt_wind_radius_nm_sw": 0,
    "max_wind_radius_nm": -999
  },
  {
    "date": "20100909",
    "time_utc": "0600",
    "record": "",
    "status": "TS",
    "lat": 13.9,
    "lng": -24.8,
    "max_wind_kt": 35,
    "min_pressure_mb": 1005,
    "34kt_wind_radius_nm_ne": 0,
    "34kt_wind_radius_nm_se": 45,
    "34kt_wind_radius_nm_nw": 45,
    "34kt_wind_radius_nm_sw": 30,
    "50kt_wind_radius_nm_ne": 0,
    "50kt_wind_radius_nm_se": 0,
    "50kt_wind_radius_nm_nw": 0,
    "50kt_wind_radius_nm_sw": 0,
    "64kt_wind_radius_nm_ne": 0,
    "64kt_wind_radius_nm_se": 0,
    "64kt_wind_radius_nm_nw": 0,
    "64kt_wind_radius_nm_sw": 0,
    "max_wind_radius_nm": -999
  },
  {
    "date": "20100909",
    "time_utc": "1200",
    "record": "",
    "status": "TD",
    "lat": 14.2,
    "lng": -25.5,
    "max_wind_kt": 30,
    "min_pressure_mb": 1006,
    "34kt_wind_radius_nm_ne": 0,
    "34kt_wind_radius_nm_se": 0,
    "34kt_wind_radius_nm_nw": 0,
    "34kt_wind_radius_nm_sw": 0,
    "50kt_wind_radius_nm_ne": 0,
    "50kt_wind_radius_nm_se": 0,
    "50kt_wind_radius_nm_nw": 0,
    "50kt_wind_radius_nm_sw": 0,
    "64kt_wind_radius_nm_ne": 0,
    "64kt_wind_radius_nm_se": 0,
    "64kt_wind_radius_nm_nw": 0,
    "64kt_wind_radius_nm_sw": 0,
    "max_wind_radius_nm": -999
  },
  {
    "date": "20100909",
    "time_utc": "1800",
    "record": "",
    "status": "TD",
    "lat": 14.7,
    "lng": -26.4,
    "max_wind_kt": 30,
    "min_pressure_mb": 1006,
    "34kt_wind_radius_nm_ne": 0,
    "34kt_wind_radius_nm_se": 0,
    "34kt_wind_radius_nm_nw": 0,
    "34kt_wind_radius_nm_sw": 0,
    "50kt_wind_radius_nm_ne": 0,
    "50kt_wind_radius_nm_se": 0,
    "50kt_wind_radius_nm_nw": 0,
    "50kt_wind_radius_nm_sw": 0,
    "64kt_wind_radius_nm_ne": 0,
    "64kt_wind_radius_nm_se": 0,
    "64kt_wind_radius_nm_nw": 0,
    "64kt_wind_radius_nm_sw": 0,
    "max_wind_radius_nm": -999
  },
  {
    "date": "20100910",
    "time_utc": "0000",
    "record": "",
    "status": "TD",
    "lat": 15.4,
    "lng": -27.5,
    "max_wind_kt": 30,
    "min_pressure_mb": 1004,
    "34kt_wind_radius_nm_ne": 0,
    "34kt_wind_radius_nm_se": 0,
    "34kt_wind_radius_nm_nw": 0,
    "34kt_wind_radius_nm_sw": 0,
    "50kt_wind_radius_nm_ne": 0,
    "50kt_wind_radius_nm_se": 0,
    "50kt_wind_radius_nm_nw": 0,
    "50kt_wind_radius_nm_sw": 0,
    "64kt_wind_radius_nm_ne": 0,
    "64kt_wind_radius_nm_se": 0,
    "64kt_wind_radius_nm_nw": 0,
    "64kt_wind_radius_nm_sw": 0,
    "max_wind_radius_nm": -999
  },
  {
    "date": "20100910",
    "time_utc": "0600",
    "record": "",
    "status": "TD",
    "lat": 15.9,
    "lng": -28.7,
    "max_wind_kt": 30,
    "min_pressure_mb": 1004,
    "34kt_wind_radius_nm_ne": 0,
    "34kt_wind_radius_nm_se": 0,
    "34kt_wind_radius_nm_nw": 0,
    "34kt_wind_radius_nm_sw": 0,
    "50kt_wind_radius_nm_ne": 0,
    "50kt_wind_radius_nm_se": 0,
    "50kt_wind_radius_nm_nw": 0,
    "50kt_wind_radius_nm_sw": 0,
    "64kt_wind_radius_nm_ne": 0,
    "64kt_wind_radius_nm_se": 0,
    "64kt_wind_radius_nm_nw": 0,
    "64kt_wind_radius_nm_sw": 0,
    "max_wind_radius_nm": -999
  },
  {
    "date": "20100910",
    "time_utc": "1200",
    "record": "",
    "status": "TS",
    "lat": 16.3,
    "lng": -30.4,
    "max_wind_kt": 35,
    "min_pressure_mb": 1004,
    "34kt_wind_radius_nm_ne": 0,
    "34kt_wind_radius_nm_se": 0,
    "34kt_wind_radius_nm_nw": 30,
    "34kt_wind_radius_nm_sw": 30,
    "50kt_wind_radius_nm_ne": 0,
    "50kt_wind_radius_nm_se": 0,
    "50kt_wind_radius_nm_nw": 0,
    "50kt_wind_radius_nm_sw": 0,
    "64kt_wind_radius_nm_ne": 0,
    "64kt_wind_radius_nm_se": 0,
    "64kt_wind_radius_nm_nw": 0,
    "64kt_wind_radius_nm_sw": 0,
    "max_wind_radius_nm": -999
  },
  {
    "date": "20100910",
    "time_utc": "1800",
    "record": "",
    "status": "TS",
    "lat": 16.6,
    "lng": -32.5,
    "max_wind_kt": 40,
    "min_pressure_mb": 1002,
    "34kt_wind_radius_nm_ne": 0,
    "34kt_wind_radius_nm_se": 0,
    "34kt_wind_radius_nm_nw": 40,
    "34kt_wind_radius_nm_sw": 40,
    "50kt_wind_radius_nm_ne": 0,
    "50kt_wind_radius_nm_se": 0,
    "50kt_wind_radius_nm_nw": 0,
    "50kt_wind_radius_nm_sw": 0,
    "64kt_wind_radius_nm_ne": 0,
    "64kt_wind_radius_nm_se": 0,
    "64kt_wind_radius_nm_nw": 0,
    "64kt_wind_radius_nm_sw": 0,
    "max_wind_radius_nm": -999
  },
  {
    "date": "20100911",
    "time_utc": "0000",
    "record": "",
    "status": "TS",
    "lat": 16.9,
    "lng": -34.8,
    "max_wind_kt": 50,
    "min_pressure_mb": 999,
    "34kt_wind_radius_nm_ne": 0,
    "34kt_wind_radius_nm_se": 0,
    "34kt_wind_radius_nm_nw": 40,
    "34kt_wind_radius_nm_sw": 40,
    "50kt_wind_radius_nm_ne": 0,
    "50kt_wind_radius_nm_se": 0,
    "50kt_wind_radius_nm_nw": 0,
    "50kt_wind_radius_nm_sw": 20,
    "64kt_wind_radius_nm_ne": 0,
    "64kt_wind_radius_nm_se": 0,
    "64kt_wind_radius_nm_nw": 0,
    "64kt_wind_radius_nm_sw": 0,
    "max_wind_radius_nm": -999
  },
  {
    "date": "20100911",
    "time_utc": "0600",
    "record": "",
    "status": "TS",
    "lat": 17.1,
    "lng": -37.0,
    "max_wind_kt": 60,
    "min_pressure_mb": 995,
    "34kt_wind_radius_nm_ne": 40,
    "34kt_wind_radius_nm_se": 40,
    "34kt_wind_radius_nm_nw": 40,
    "34kt_wind_radius_nm_sw": 40,
    "50kt_wind_radius_nm_ne": 20,
    "50kt_wind_radius_nm_se": 0,
    "50kt_wind_radius_nm_nw": 0,
    "50kt_wind_radius_nm_sw": 20,
    "64kt_wind_radius_nm_ne": 0,
    "64kt_wind_radius_nm_se": 0,
    "64kt_wind_radius_nm_nw": 0,
    "64kt_wind_radius_nm_sw": 0,
    "max_wind_radius_nm": -999
  },
  {
    "date": "20100911",
    "time_utc": "1200",
    "record": "",
    "status": "TS",
    "lat": 17.3,
    "lng": -38.7,
    "max_wind_kt": 60,
    "min_pressure_mb": 995,
    "34kt_wind_radius_nm_ne": 100,
    "34kt_wind_radius_nm_se": 60,
    "34kt_wind_radius_nm_nw": 60,
    "34kt_wind_radius_nm_sw": 100,
    "50kt_wind_radius_nm_ne": 45,
    "50kt_wind_radius_nm_se": 30,
    "50kt_wind_radius_nm_nw": 0,
    "50kt_wind_radius_nm_sw": 30,
    "64kt_wind_radius_nm_ne": 0,
    "64kt_wind_radius_nm_se": 0,
    "64kt_wind_radius_nm_nw": 0,
    "64kt_wind_radius_nm_sw": 0,
    "max_wind_radius_nm": -999
  },
  {
    "date": "20100911",
    "time_utc": "1800",
    "record": "",
    "status": "TS",
    "lat": 17.4,
    "lng": -40.4,
    "max_wind_kt": 60,
    "min_pressure_mb": 995,
    "34kt_wind_radius_nm_ne": 100,
    "34kt_wind_radius_nm_se": 60,
    "34kt_wind_radius_nm_nw": 60,
    "34kt_wind_radius_nm_sw": 100,
    "50kt_wind_radius_nm_ne": 45,
    "50kt_wind_radius_nm_se": 30,
    "50kt_wind_radius_nm_nw": 0,
    "50kt_wind_radius_nm_sw": 30,
    "64kt_wind_radius_nm_ne": 0,
    "64kt_wind_radius_nm_se": 0,
    "64kt_wind_radius_nm_nw": 0,
    "64kt_wind_radius_nm_sw": 0,
    "max_wind_radius_nm": -999
  },
  {
    "date": "20100912",
    "time_utc": "0000",
    "record": "",
    "status": "HU",
    "lat": 17.6,
    "lng": -42.0,
    "max_wind_kt": 65,
    "min_pressure_mb": 987,
    "34kt_wind_radius_nm_ne": 100,
    "34kt_wind_radius_nm_se": 60,
    "34kt_wind_radius_nm_nw": 60,
    "34kt_wind_radius_nm_sw": 100,
    "50kt_wind_radius_nm_ne": 45,
    "50kt_wind_radius_nm_se": 30,
    "50kt_wind_radius_nm_nw": 20,
    "50kt_wind_radius_nm_sw": 30,
    "64kt_wind_radius_nm_ne": 15,
    "64kt_wind_radius_nm_se": 0,
    "64kt_wind_radius_nm_nw": 0,
    "64kt_wind_radius_nm_sw": 15,
    "max_wind_radius_nm": -999
  },
  {
    "date": "20100912",
    "time_utc": "0600",
    "record": "",
    "status": "HU",
    "lat": 17.7,
    "lng": -43.5,
    "max_wind_kt": 70,
    "min_pressure_mb": 985,
    "34kt_wind_radius_nm_ne": 100,
    "34kt_wind_radius_nm_se": 60,
    "34kt_wind_radius_nm_nw": 60,
    "34kt_wind_radius_nm_sw": 100,
    "50kt_wind_radius_nm_ne": 45,
    "50kt_wind_radius_nm_se": 30,
    "50kt_wind_radius_nm_nw": 20,
    "50kt_wind_radius_nm_sw": 30,
    "64kt_wind_radius_nm_ne": 15,
    "64kt_wind_radius_nm_se": 0,
    "64kt_wind_radius_nm_nw": 0,
    "64kt_wind_radius_nm_sw": 15,
    "max_wind_radius_nm": -999
  },
  {
    "date": "20100912",
    "time_utc": "1200",
    "record": "",
    "status": "HU",
    "lat": 17.7,
    "lng": -44.9,
    "max_wind_kt": 90,
    "min_pressure_mb": 970,
    "34kt_wind_radius_nm_ne": 120,
    "34kt_wind_radius_nm_se": 80,
    "34kt_wind_radius_nm_nw": 80,
    "34kt_wind_radius_nm_sw": 120,
    "50kt_wind_radius_nm_ne": 50,
    "50kt_wind_radius_nm_se": 40,
    "50kt_wind_radius_nm_nw": 30,
    "50kt_wind_radius_nm_sw": 40,
    "64kt_wind_radius_nm_ne": 30,
    "64kt_wind_radius_nm_se": 15,
    "64kt_wind_radius_nm_nw": 15,
    "64kt_wind_radius_nm_sw": 20,
    "max_wind_radius_nm": -999
  },
  {
    "date": "20100912",
    "time_utc": "1800",
    "record": "",
    "status": "HU",
    "lat": 17.7,
    "lng": -46.1,
    "max_wind_kt": 115,
    "min_pressure_mb": 948,
    "34kt_wind_radius_nm_ne": 140,
    "34kt_wind_radius_nm_se": 110,
    "34kt_wind_radius_nm_nw": 90,
    "34kt_wind_radius_nm_sw": 130,
    "50kt_wind_radius_nm_ne": 70,
    "50kt_wind_radius_nm_se": 60,
    "50kt_wind_radius_nm_nw": 40,
    "50kt_wind_radius_nm_sw": 60,
    "64kt_wind_radius_nm_ne": 30,
    "64kt_wind_radius_nm_se": 30,
    "64kt_wind_radius_nm_nw": 15,
    "64kt_wind_radius_nm_sw": 30,
    "max_wind_radius_nm": -999
  },
  {
    "date": "20100913",
    "time_utc": "0000",
    "record": "",
    "status": "HU",
    "lat": 17.7,
    "lng": -47.3,
    "max_wind_kt": 130,
    "min_pressure_mb": 935,
    "34kt_wind_radius_nm_ne": 140,
    "34kt_wind_radius_nm_se": 110,
    "34kt_wind_radius_nm_nw": 90,
    "34kt_wind_radius_nm_sw": 130,
    "50kt_wind_radius_nm_ne": 70,
    "50kt_wind_radius_nm_se": 60,
    "50kt_wind_radius_nm_nw": 40,
    "50kt_wind_radius_nm_sw": 60,
    "64kt_wind_radius_nm_ne": 30,
    "64kt_wind_radius_nm_se": 30,
    "64kt_wind_radius_nm_nw": 15,
    "64kt_wind_radius_nm_sw": 30,
    "max_wind_radius_nm": -999
  },
  {
    "date": "20100913",
    "time_utc": "0600",
    "record": "",
    "status": "HU",
    "lat": 17.6,
    "lng": -48.3,
    "max_wind_kt": 130,
    "min_pressure_mb": 935,
    "34kt_wind_radius_nm_ne": 150,
    "34kt_wind_radius_nm_se": 140,
    "34kt_wind_radius_nm_nw": 90,
    "34kt_wind_radius_nm_sw": 130,
    "50kt_wind_radius_nm_ne": 70,
    "50kt_wind_radius_nm_se": 60,
    "50kt_wind_radius_nm_nw": 50,
    "50kt_wind_radius_nm_sw": 60,
    "64kt_wind_radius_nm_ne": 30,
    "64kt_wind_radius_nm_se": 30,
    "64kt_wind_radius_nm_nw": 15,
    "64kt_wind_radius_nm_sw": 30,
    "max_wind_radius_nm": -999
  },
  {
    "date": "20100913",
    "time_utc": "1200",
    "record": "",
    "status": "HU",
    "lat": 17.6,
    "lng": -49.3,
    "max_wind_kt": 130,
    "min_pressure_mb": 933,
    "34kt_wind_radius_nm_ne": 150,
    "34kt_wind_radius_nm_se": 140,
    "34kt_wind_radius_nm_nw": 100,
    "34kt_wind_radius_nm_sw": 130,
    "50kt_wind_radius_nm_ne": 80,
    "50kt_wind_radius_nm_se": 60,
    "50kt_wind_radius_nm_nw": 50,
    "50kt_wind_radius_nm_sw": 80,
    "64kt_wind_radius_nm_ne": 45,
    "64kt_wind_radius_nm_se": 30,
    "64kt_wind_radius_nm_nw": 30,
    "64kt_wind_radius_nm_sw": 45,
    "max_wind_radius_nm": -999
  },
  {
    "date": "20100913",
    "time_utc": "1800",
    "record": "",
    "status": "HU",
    "lat": 17.6,
    "lng": -50.2,
    "max_wind_kt": 125,
    "min_pressure_mb": 937,
    "34kt_wind_radius_nm_ne": 180,
    "34kt_wind_radius_nm_se": 140,
    "34kt_wind_radius_nm_nw": 110,
    "34kt_wind_radius_nm_sw": 140,
    "50kt_wind_radius_nm_ne": 90,
    "50kt_wind_radius_nm_se": 70,
    "50kt_wind_radius_nm_nw": 60,
    "50kt_wind_radius_nm_sw": 80,
    "64kt_wind_radius_nm_ne": 45,
    "64kt_wind_radius_nm_se": 30,
    "64kt_wind_radius_nm_nw": 30,
    "64kt_wind_radius_nm_sw": 45,
    "max_wind_radius_nm": -999
  },
  {
    "date": "20100914",
    "time_utc": "0000",
    "record": "",
    "status": "HU",
    "lat": 17.7,
    "lng": -50.9,
    "max_wind_kt": 125,
    "min_pressure_mb": 937,
    "34kt_wind_radius_nm_ne": 180,
    "34kt_wind_radius_nm_se": 140,
    "34kt_wind_radius_nm_nw": 110,
    "34kt_wind_radius_nm_sw": 140,
    "50kt_wind_radius_nm_ne": 90,
    "50kt_wind_radius_nm_se": 70,
    "50kt_wind_radius_nm_nw": 60,
    "50kt_wind_radius_nm_sw": 80,
    "64kt_wind_radius_nm_ne": 45,
    "64kt_wind_radius_nm_se": 30,
    "64kt_wind_radius_nm_nw": 30,
    "64kt_wind_radius_nm_sw": 45,
    "max_wind_radius_nm": -999
  },
  {
    "date": "20100914",
    "time_utc": "0600",
    "record": "",
    "status": "HU",
    "lat": 17.9,
    "lng": -51.5,
    "max_wind_kt": 115,
    "min_pressure_mb": 945,
    "34kt_wind_radius_nm_ne": 180,
    "34kt_wind_radius_nm_se": 140,
    "34kt_wind_radius_nm_nw": 110,
    "34kt_wind_radius_nm_sw": 140,
    "50kt_wind_radius_nm_ne": 90,
    "50kt_wind_radius_nm_se": 70,
    "50kt_wind_radius_nm_nw": 60,
    "50kt_wind_radius_nm_sw": 80,
    "64kt_wind_radius_nm_ne": 45,
    "64kt_wind_radius_nm_se": 30,
    "64kt_wind_radius_nm_nw": 30,
    "64kt_wind_radius_nm_sw": 45,
    "max_wind_radius_nm": -999
  },
  {
    "date": "20100914",
    "time_utc": "1200",
    "record": "",
    "status": "HU",
    "lat": 18.2,
    "lng": -52.1,
    "max_wind_kt": 115,
    "min_pressure_mb": 945,
    "34kt_wind_radius_nm_ne": 180,
    "34kt_wind_radius_nm_se": 140,
    "34kt_wind_radius_nm_nw": 110,
    "34kt_wind_radius_nm_sw": 140,
    "50kt_wind_radius_nm_ne": 90,
    "50kt_wind_radius_nm_se": 70,
    "50kt_wind_radius_nm_nw": 60,
    "50kt_wind_radius_nm_sw": 80,
    "64kt_wind_radius_nm_ne": 45,
    "64kt_wind_radius_nm_se": 30,
    "64kt_wind_radius_nm_nw": 30,
    "64kt_wind_radius_nm_sw": 45,
    "max_wind_radius_nm": -999
  },
  {
    "date": "20100914",
    "time_utc": "1800",
    "record": "",
    "status": "HU",
    "lat": 18.6,
    "lng": -52.8,
    "max_wind_kt": 125,
    "min_pressure_mb": 933,
    "34kt_wind_radius_nm_ne": 210,
    "34kt_wind_radius_nm_se": 150,
    "34kt_wind_radius_nm_nw": 130,
    "34kt_wind_radius_nm_sw": 160,
    "50kt_wind_radius_nm_ne": 90,
    "50kt_wind_radius_nm_se": 70,
    "50kt_wind_radius_nm_nw": 60,
    "50kt_wind_radius_nm_sw": 90,
    "64kt_wind_radius_nm_ne": 45,
    "64kt_wind_radius_nm_se": 30,
    "64kt_wind_radius_nm_nw": 30,
    "64kt_wind_radius_nm_sw": 45,
    "max_wind_radius_nm": -999
  },
  {
    "date": "20100915",
    "time_utc": "0000",
    "record": "",
    "status": "HU",
    "lat": 18.9,
    "lng": -53.5,
    "max_wind_kt": 135,
    "min_pressure_mb": 924,
    "34kt_wind_radius_nm_ne": 210,
    "34kt_wind_radius_nm_se": 150,
    "34kt_wind_radius_nm_nw": 130,
    "34kt_wind_radius_nm_sw": 160,
    "50kt_wind_radius_nm_ne": 100,
    "50kt_wind_radius_nm_se": 70,
    "50kt_wind_radius_nm_nw": 60,
    "50kt_wind_radius_nm_sw": 90,
    "64kt_wind_radius_nm_ne": 45,
    "64kt_wind_radius_nm_se": 30,
    "64kt_wind_radius_nm_nw": 30,
    "64kt_wind_radius_nm_sw": 45,
    "max_wind_radius_nm": -999
  },
  {
    "date": "20100915",
    "time_utc": "0600",
    "record": "",
    "status": "HU",
    "lat": 19.2,
    "lng": -54.1,
    "max_wind_kt": 125,
    "min_pressure_mb": 935,
    "34kt_wind_radius_nm_ne": 210,
    "34kt_wind_radius_nm_se": 150,
    "34kt_wind_radius_nm_nw": 130,
    "34kt_wind_radius_nm_sw": 160,
    "50kt_wind_radius_nm_ne": 100,
    "50kt_wind_radius_nm_se": 80,
    "50kt_wind_radius_nm_nw": 60,
    "50kt_wind_radius_nm_sw": 90,
    "64kt_wind_radius_nm_ne": 45,
    "64kt_wind_radius_nm_se": 30,
    "64kt_wind_radius_nm_nw": 30,
    "64kt_wind_radius_nm_sw": 45,
    "max_wind_radius_nm": -999
  },
  {
    "date": "20100915",
    "time_utc": "1200",
    "record": "",
    "status": "HU",
    "lat": 19.5,
    "lng": -54.7,
    "max_wind_kt": 115,
    "min_pressure_mb": 945,
    "34kt_wind_radius_nm_ne": 210,
    "34kt_wind_radius_nm_se": 150,
    "34kt_wind_radius_nm_nw": 130,
    "34kt_wind_radius_nm_sw": 160,
    "50kt_wind_radius_nm_ne": 100,
    "50kt_wind_radius_nm_se": 80,
    "50kt_wind_radius_nm_nw": 60,
    "50kt_wind_radius_nm_sw": 90,
    "64kt_wind_radius_nm_ne": 45,
    "64kt_wind_radius_nm_se": 30,
    "64kt_wind_radius_nm_nw": 30,
    "64kt_wind_radius_nm_sw": 45,
    "max_wind_radius_nm": -999
  },
  {
    "date": "20100915",
    "time_utc": "1800",
    "record": "",
    "status": "HU",
    "lat": 19.8,
    "lng": -55.3,
    "max_wind_kt": 115,
    "min_pressure_mb": 942,
    "34kt_wind_radius_nm_ne": 210,
    "34kt_wind_radius_nm_se": 175,
    "34kt_wind_radius_nm_nw": 140,
    "34kt_wind_radius_nm_sw": 175,
    "50kt_wind_radius_nm_ne": 120,
    "50kt_wind_radius_nm_se": 80,
    "50kt_wind_radius_nm_nw": 60,
    "50kt_wind_radius_nm_sw": 100,
    "64kt_wind_radius_nm_ne": 45,
    "64kt_wind_radius_nm_se": 45,
    "64kt_wind_radius_nm_nw": 30,
    "64kt_wind_radius_nm_sw": 45,
    "max_wind_radius_nm": -999
  },
  {
    "date": "20100916",
    "time_utc": "0000",
    "record": "",
    "status": "HU",
    "lat": 20.1,
    "lng": -56.0,
    "max_wind_kt": 120,
    "min_pressure_mb": 936,
    "34kt_wind_radius_nm_ne": 240,
    "34kt_wind_radius_nm_se": 210,
    "34kt_wind_radius_nm_nw": 180,
    "34kt_wind_radius_nm_sw": 210,
    "50kt_wind_radius_nm_ne": 120,
    "50kt_wind_radius_nm_se": 90,
    "50kt_wind_radius_nm_nw": 80,
    "50kt_wind_radius_nm_sw": 100,
    "64kt_wind_radius_nm_ne": 60,
    "64kt_wind_radius_nm_se": 45,
    "64kt_wind_radius_nm_nw": 45,
    "64kt_wind_radius_nm_sw": 60,
    "max_wind_radius_nm": -999
  },
  {
    "date": "20100916",
    "time_utc": "0600",
    "record": "",
    "status": "HU",
    "lat": 20.4,
    "lng": -56.5,
    "max_wind_kt": 125,
    "min_pressure_mb": 929,
    "34kt_wind_radius_nm_ne": 240,
    "34kt_wind_radius_nm_se": 210,
    "34kt_wind_radius_nm_nw": 180,
    "34kt_wind_radius_nm_sw": 210,
    "50kt_wind_radius_nm_ne": 130,
    "50kt_wind_radius_nm_se": 90,
    "50kt_wind_radius_nm_nw": 80,
    "50kt_wind_radius_nm_sw": 110,
    "64kt_wind_radius_nm_ne": 60,
    "64kt_wind_radius_nm_se": 45,
    "64kt_wind_radius_nm_nw": 45,
    "64kt_wind_radius_nm_sw": 60,
    "max_wind_radius_nm": -999
  },
  {
    "date": "20100916",
    "time_utc": "1200",
    "record": "",
    "status": "HU",
    "lat": 20.8,
    "lng": -57.1,
    "max_wind_kt": 120,
    "min_pressure_mb": 934,
    "34kt_wind_radius_nm_ne": 240,
    "34kt_wind_radius_nm_se": 210,
    "34kt_wind_radius_nm_nw": 180,
    "34kt_wind_radius_nm_sw": 210,
    "50kt_wind_radius_nm_ne": 130,
    "50kt_wind_radius_nm_se": 90,
    "50kt_wind_radius_nm_nw": 80,
    "50kt_wind_radius_nm_sw": 110,
    "64kt_wind_radius_nm_ne": 60,
    "64kt_wind_radius_nm_se": 45,
    "64kt_wind_radius_nm_nw": 45,
    "64kt_wind_radius_nm_sw": 60,
    "max_wind_radius_nm": -999
  },
  {
    "date": "20100916",
    "time_utc": "1800",
    "record": "",
    "status": "HU",
    "lat": 21.4,
    "lng": -57.8,
    "max_wind_kt": 115,
    "min_pressure_mb": 940,
    "34kt_wind_radius_nm_ne": 250,
    "34kt_wind_radius_nm_se": 210,
    "34kt_wind_radius_nm_nw": 180,
    "34kt_wind_radius_nm_sw": 225,
    "50kt_wind_radius_nm_ne": 140,
    "50kt_wind_radius_nm_se": 110,
    "50kt_wind_radius_nm_nw": 100,
    "50kt_wind_radius_nm_sw": 120,
    "64kt_wind_radius_nm_ne": 90,
    "64kt_wind_radius_nm_se": 60,
    "64kt_wind_radius_nm_nw": 45,
    "64kt_wind_radius_nm_sw": 75,
    "max_wind_radius_nm": -999
  },
  {
    "date": "20100917",
    "time_utc": "0000",
    "record": "",
    "status": "HU",
    "lat": 21.8,
    "lng": -58.4,
    "max_wind_kt": 115,
    "min_pressure_mb": 935,
    "34kt_wind_radius_nm_ne": 250,
    "34kt_wind_radius_nm_se": 210,
    "34kt_wind_radius_nm_nw": 180,
    "34kt_wind_radius_nm_sw": 225,
    "50kt_wind_radius_nm_ne": 140,
    "50kt_wind_radius_nm_se": 110,
    "50kt_wind_radius_nm_nw": 100,
    "50kt_wind_radius_nm_sw": 120,
    "64kt_wind_radius_nm_ne": 90,
    "64kt_wind_radius_nm_se": 60,
    "64kt_wind_radius_nm_nw": 45,
    "64kt_wind_radius_nm_sw": 75,
    "max_wind_radius_nm": -999
  },
  {
    "date": "20100917",
    "time_utc": "0600",
    "record": "",
    "status": "HU",
    "lat": 22.2,
    "lng": -59.1,
    "max_wind_kt": 110,
    "min_pressure_mb": 935,
    "34kt_wind_radius_nm_ne": 250,
    "34kt_wind_radius_nm_se": 210,
    "34kt_wind_radius_nm_nw": 180,
    "34kt_wind_radius_nm_sw": 240,
    "50kt_wind_radius_nm_ne": 140,
    "50kt_wind_radius_nm_se": 110,
    "50kt_wind_radius_nm_nw": 100,
    "50kt_wind_radius_nm_sw": 120,
    "64kt_wind_radius_nm_ne": 90,
    "64kt_wind_radius_nm_se": 60,
    "64kt_wind_radius_nm_nw": 45,
    "64kt_wind_radius_nm_sw": 75,
    "max_wind_radius_nm": -999
  },
  {
    "date": "20100917",
    "time_utc": "1200",
    "record": "",
    "status": "HU",
    "lat": 22.8,
    "lng": -59.9,
    "max_wind_kt": 100,
    "min_pressure_mb": 945,
    "34kt_wind_radius_nm_ne": 250,
    "34kt_wind_radius_nm_se": 210,
    "34kt_wind_radius_nm_nw": 180,
    "34kt_wind_radius_nm_sw": 240,
    "50kt_wind_radius_nm_ne": 140,
    "50kt_wind_radius_nm_se": 110,
    "50kt_wind_radius_nm_nw": 100,
    "50kt_wind_radius_nm_sw": 120,
    "64kt_wind_radius_nm_ne": 90,
    "64kt_wind_radius_nm_se": 60,
    "64kt_wind_radius_nm_nw": 45,
    "64kt_wind_radius_nm_sw": 75,
    "max_wind_radius_nm": -999
  },
  {
    "date": "20100917",
    "time_utc": "1800",
    "record": "",
    "status": "HU",
    "lat": 23.5,
    "lng": -60.7,
    "max_wind_kt": 90,
    "min_pressure_mb": 947,
    "34kt_wind_radius_nm_ne": 300,
    "34kt_wind_radius_nm_se": 210,
    "34kt_wind_radius_nm_nw": 200,
    "34kt_wind_radius_nm_sw": 240,
    "50kt_wind_radius_nm_ne": 160,
    "50kt_wind_radius_nm_se": 110,
    "50kt_wind_radius_nm_nw": 130,
    "50kt_wind_radius_nm_sw": 120,
    "64kt_wind_radius_nm_ne": 90,
    "64kt_wind_radius_nm_se": 60,
    "64kt_wind_radius_nm_nw": 45,
    "64kt_wind_radius_nm_sw": 75,
    "max_wind_radius_nm": -999
  },
  {
    "date": "20100918",
    "time_utc": "0000",
    "record": "",
    "status": "HU",
    "lat": 24.2,
    "lng": -61.6,
    "max_wind_kt": 90,
    "min_pressure_mb": 947,
    "34kt_wind_radius_nm_ne": 300,
    "34kt_wind_radius_nm_se": 210,
    "34kt_wind_radius_nm_nw": 200,
    "34kt_wind_radius_nm_sw": 240,
    "50kt_wind_radius_nm_ne": 160,
    "50kt_wind_radius_nm_se": 110,
    "50kt_wind_radius_nm_nw": 130,
    "50kt_wind_radius_nm_sw": 120,
    "64kt_wind_radius_nm_ne": 90,
    "64kt_wind_radius_nm_se": 60,
    "64kt_wind_radius_nm_nw": 45,
    "64kt_wind_radius_nm_sw": 75,
    "max_wind_radius_nm": -999
  },
  {
    "date": "20100918",
    "time_utc": "0600",
    "record": "",
    "status": "HU",
    "lat": 24.9,
    "lng": -62.5,
    "max_wind_kt": 85,
    "min_pressure_mb": 939,
    "34kt_wind_radius_nm_ne": 300,
    "34kt_wind_radius_nm_se": 210,
    "34kt_wind_radius_nm_nw": 200,
    "34kt_wind_radius_nm_sw": 240,
    "50kt_wind_radius_nm_ne": 160,
    "50kt_wind_radius_nm_se": 110,
    "50kt_wind_radius_nm_nw": 130,
    "50kt_wind_radius_nm_sw": 130,
    "64kt_wind_radius_nm_ne": 90,
    "64kt_wind_radius_nm_se": 60,
    "64kt_wind_radius_nm_nw": 45,
    "64kt_wind_radius_nm_sw": 75,
    "max_wind_radius_nm": -999
  },
  {
    "date": "20100918",
    "time_utc": "1200",
    "record": "",
    "status": "HU",
    "lat": 25.7,
    "lng": -63.3,
    "max_wind_kt": 85,
    "min_pressure_mb": 939,
    "34kt_wind_radius_nm_ne": 300,
    "34kt_wind_radius_nm_se": 210,
    "34kt_wind_radius_nm_nw": 200,
    "34kt_wind_radius_nm_sw": 240,
    "50kt_wind_radius_nm_ne": 160,
    "50kt_wind_radius_nm_se": 110,
    "50kt_wind_radius_nm_nw": 130,
    "50kt_wind_radius_nm_sw": 130,
    "64kt_wind_radius_nm_ne": 90,
    "64kt_wind_radius_nm_se": 60,
    "64kt_wind_radius_nm_nw": 45,
    "64kt_wind_radius_nm_sw": 75,
    "max_wind_radius_nm": -999
  },
  {
    "date": "20100918",
    "time_utc": "1800",
    "record": "",
    "status": "HU",
    "lat": 26.6,
    "lng": -64.0,
    "max_wind_kt": 80,
    "min_pressure_mb": 945,
    "34kt_wind_radius_nm_ne": 300,
    "34kt_wind_radius_nm_se": 225,
    "34kt_wind_radius_nm_nw": 200,
    "34kt_wind_radius_nm_sw": 240,
    "50kt_wind_radius_nm_ne": 160,
    "50kt_wind_radius_nm_se": 110,
    "50kt_wind_radius_nm_nw": 110,
    "50kt_wind_radius_nm_sw": 130,
    "64kt_wind_radius_nm_ne": 80,
    "64kt_wind_radius_nm_se": 50,
    "64kt_wind_radius_nm_nw": 45,
    "64kt_wind_radius_nm_sw": 75,
    "max_wind_radius_nm": -999
  },
  {
    "date": "20100919",
    "time_utc": "0000",
    "record": "",
    "status": "HU",
    "lat": 27.5,
    "lng": -64.6,
    "max_wind_kt": 80,
    "min_pressure_mb": 945,
    "34kt_wind_radius_nm_ne": 300,
    "34kt_wind_radius_nm_se": 225,
    "34kt_wind_radius_nm_nw": 200,
    "34kt_wind_radius_nm_sw": 240,
    "50kt_wind_radius_nm_ne": 160,
    "50kt_wind_radius_nm_se": 110,
    "50kt_wind_radius_nm_nw": 110,
    "50kt_wind_radius_nm_sw": 150,
    "64kt_wind_radius_nm_ne": 80,
    "64kt_wind_radius_nm_se": 45,
    "64kt_wind_radius_nm_nw": 45,
    "64kt_wind_radius_nm_sw": 75,
    "max_wind_radius_nm": -999
  },
  {
    "date": "20100919",
    "time_utc": "0600",
    "record": "",
    "status": "HU",
    "lat": 28.4,
    "lng": -65.2,
    "max_wind_kt": 75,
    "min_pressure_mb": 949,
    "34kt_wind_radius_nm_ne": 300,
    "34kt_wind_radius_nm_se": 225,
    "34kt_wind_radius_nm_nw": 200,
    "34kt_wind_radius_nm_sw": 260,
    "50kt_wind_radius_nm_ne": 160,
    "50kt_wind_radius_nm_se": 130,
    "50kt_wind_radius_nm_nw": 120,
    "50kt_wind_radius_nm_sw": 140,
    "64kt_wind_radius_nm_ne": 75,
    "64kt_wind_radius_nm_se": 45,
    "64kt_wind_radius_nm_nw": 60,
    "64kt_wind_radius_nm_sw": 75,
    "max_wind_radius_nm": -999
  },
  {
    "date": "20100919",
    "time_utc": "1200",
    "record": "",
    "status": "HU",
    "lat": 29.6,
    "lng": -65.6,
    "max_wind_kt": 75,
    "min_pressure_mb": 949,
    "34kt_wind_radius_nm_ne": 300,
    "34kt_wind_radius_nm_se": 250,
    "34kt_wind_radius_nm_nw": 200,
    "34kt_wind_radius_nm_sw": 300,
    "50kt_wind_radius_nm_ne": 160,
    "50kt_wind_radius_nm_se": 130,
    "50kt_wind_radius_nm_nw": 120,
    "50kt_wind_radius_nm_sw": 140,
    "64kt_wind_radius_nm_ne": 75,
    "64kt_wind_radius_nm_se": 45,
    "64kt_wind_radius_nm_nw": 60,
    "64kt_wind_radius_nm_sw": 75,
    "max_wind_radius_nm": -999
  },
  {
    "date": "20100919",
    "time_utc": "1800",
    "record": "",
    "status": "HU",
    "lat": 30.8,
    "lng": -65.9,
    "max_wind_kt": 70,
    "min_pressure_mb": 952,
    "34kt_wind_radius_nm_ne": 300,
    "34kt_wind_radius_nm_se": 250,
    "34kt_wind_radius_nm_nw": 200,
    "34kt_wind_radius_nm_sw": 300,
    "50kt_wind_radius_nm_ne": 180,
    "50kt_wind_radius_nm_se": 150,
    "50kt_wind_radius_nm_nw": 120,
    "50kt_wind_radius_nm_sw": 150,
    "64kt_wind_radius_nm_ne": 75,
    "64kt_wind_radius_nm_se": 60,
    "64kt_wind_radius_nm_nw": 60,
    "64kt_wind_radius_nm_sw": 75,
    "max_wind_radius_nm": -999
  },
  {
    "date": "20100920",
    "time_utc": "0000",
    "record": "",
    "status": "HU",
    "lat": 31.9,
    "lng": -65.7,
    "max_wind_kt": 65,
    "min_pressure_mb": 953,
    "34kt_wind_radius_nm_ne": 300,
    "34kt_wind_radius_nm_se": 250,
    "34kt_wind_radius_nm_nw": 200,
    "34kt_wind_radius_nm_sw": 300,
    "50kt_wind_radius_nm_ne": 180,
    "50kt_wind_radius_nm_se": 150,
    "50kt_wind_radius_nm_nw": 120,
    "50kt_wind_radius_nm_sw": 150,
    "64kt_wind_radius_nm_ne": 75,
    "64kt_wind_radius_nm_se": 60,
    "64kt_wind_radius_nm_nw": 75,
    "64kt_wind_radius_nm_sw": 75,
    "max_wind_radius_nm": -999
  },
  {
    "date": "20100920",
    "time_utc": "0600",
    "record": "",
    "status": "HU",
    "lat": 33.2,
    "lng": -65.2,
    "max_wind_kt": 65,
    "min_pressure_mb": 957,
    "34kt_wind_radius_nm_ne": 350,
    "34kt_wind_radius_nm_se": 300,
    "34kt_wind_radius_nm_nw": 250,
    "34kt_wind_radius_nm_sw": 300,
    "50kt_wind_radius_nm_ne": 180,
    "50kt_wind_radius_nm_se": 150,
    "50kt_wind_radius_nm_nw": 120,
    "50kt_wind_radius_nm_sw": 160,
    "64kt_wind_radius_nm_ne": 75,
    "64kt_wind_radius_nm_se": 50,
    "64kt_wind_radius_nm_nw": 75,
    "64kt_wind_radius_nm_sw": 75,
    "max_wind_radius_nm": -999
  },
  {
    "date": "20100920",
    "time_utc": "1200",
    "record": "",
    "status": "HU",
    "lat": 35.1,
    "lng": -64.2,
    "max_wind_kt": 65,
    "min_pressure_mb": 960,
    "34kt_wind_radius_nm_ne": 350,
    "34kt_wind_radius_nm_se": 300,
    "34kt_wind_radius_nm_nw": 250,
    "34kt_wind_radius_nm_sw": 300,
    "50kt_wind_radius_nm_ne": 180,
    "50kt_wind_radius_nm_se": 150,
    "50kt_wind_radius_nm_nw": 120,
    "50kt_wind_radius_nm_sw": 160,
    "64kt_wind_radius_nm_ne": 75,
    "64kt_wind_radius_nm_se": 50,
    "64kt_wind_radius_nm_nw": 75,
    "64kt_wind_radius_nm_sw": 75,
    "max_wind_radius_nm": -999
  },
  {
    "date": "20100920",
    "time_utc": "1800",
    "record": "",
    "status": "HU",
    "lat": 37.2,
    "lng": -62.6,
    "max_wind_kt": 65,
    "min_pressure_mb": 960,
    "34kt_wind_radius_nm_ne": 350,
    "34kt_wind_radius_nm_se": 300,
    "34kt_wind_radius_nm_nw": 250,
    "34kt_wind_radius_nm_sw": 300,
    "50kt_wind_radius_nm_ne": 180,
    "50kt_wind_radius_nm_se": 150,
    "50kt_wind_radius_nm_nw": 120,
    "50kt_wind_radius_nm_sw": 160,
    "64kt_wind_radius_nm_ne": 75,
    "64kt_wind_radius_nm_se": 45,
    "64kt_wind_radius_nm_nw": 60,
    "64kt_wind_radius_nm_sw": 75,
    "max_wind_radius_nm": -999
  },
  {
    "date": "20100921",
    "time_utc": "0000",
    "record": "",
    "status": "HU",
    "lat": 39.0,
    "lng": -60.4,
    "max_wind_kt": 65,
    "min_pressure_mb": 960,
    "34kt_wind_radius_nm_ne": 400,
    "34kt_wind_radius_nm_se": 350,
    "34kt_wind_radius_nm_nw": 300,
    "34kt_wind_radius_nm_sw": 350,
    "50kt_wind_radius_nm_ne": 200,
    "50kt_wind_radius_nm_se": 180,
    "50kt_wind_radius_nm_nw": 140,
    "50kt_wind_radius_nm_sw": 160,
    "64kt_wind_radius_nm_ne": 75,
    "64kt_wind_radius_nm_se": 45,
    "64kt_wind_radius_nm_nw": 60,
    "64kt_wind_radius_nm_sw": 75,
    "max_wind_radius_nm": -999
  },
  {
    "date": "20100921",
    "time_utc": "0600",
    "record": "",
    "status": "HU",
    "lat": 41.5,
    "lng": -57.0,
    "max_wind_kt": 65,
    "min_pressure_mb": 960,
    "34kt_wind_radius_nm_ne": 400,
    "34kt_wind_radius_nm_se": 350,
    "34kt_wind_radius_nm_nw": 300,
    "34kt_wind_radius_nm_sw": 350,
    "50kt_wind_radius_nm_ne": 210,
    "50kt_wind_radius_nm_se": 180,
    "50kt_wind_radius_nm_nw": 140,
    "50kt_wind_radius_nm_sw": 160,
    "64kt_wind_radius_nm_ne": 75,
    "64kt_wind_radius_nm_se": 45,
    "64kt_wind_radius_nm_nw": 60,
    "64kt_wind_radius_nm_sw": 75,
    "max_wind_radius_nm": -999
  },
  {
    "date": "20100921",
    "time_utc": "1200",
    "record": "",
    "status": "HU",
    "lat": 44.8,
    "lng": -54.4,
    "max_wind_kt": 65,
    "min_pressure_mb": 955,
    "34kt_wind_radius_nm_ne": 400,
    "34kt_wind_radius_nm_se": 350,
    "34kt_wind_radius_nm_nw": 350,
    "34kt_wind_radius_nm_sw": 350,
    "50kt_wind_radius_nm_ne": 200,
    "50kt_wind_radius_nm_se": 180,
    "50kt_wind_radius_nm_nw": 140,
    "50kt_wind_radius_nm_sw": 160,
    "64kt_wind_radius_nm_ne": 75,
    "64kt_wind_radius_nm_se": 45,
    "64kt_wind_radius_nm_nw": 60,
    "64kt_wind_radius_nm_sw": 75,
    "max_wind_radius_nm": -999
  },
  {
    "date": "20100921",
    "time_utc": "1500",
    "record": "L",
    "status": "HU",
    "lat": 46.6,
    "lng": -53.2,
    "max_wind_kt": 75,
    "min_pressure_mb": 950,
    "34kt_wind_radius_nm_ne": 400,
    "34kt_wind_radius_nm_se": 350,
    "34kt_wind_radius_nm_nw": 350,
    "34kt_wind_radius_nm_sw": 350,
    "50kt_wind_radius_nm_ne": 200,
    "50kt_wind_radius_nm_se": 180,
    "50kt_wind_radius_nm_nw": 140,
    "50kt_wind_radius_nm_sw": 160,
    "64kt_wind_radius_nm_ne": 75,
    "64kt_wind_radius_nm_se": 45,
    "64kt_wind_radius_nm_nw": 60,
    "64kt_wind_radius_nm_sw": 75,
    "max_wind_radius_nm": -999
  },
  {
    "date": "20100921",
    "time_utc": "1800",
    "record": "",
    "status": "EX",
    "lat": 48.5,
    "lng": -52.1,
    "max_wind_kt": 75,
    "min_pressure_mb": 950,
    "34kt_wind_radius_nm_ne": 450,
    "34kt_wind_radius_nm_se": 400,
    "34kt_wind_radius_nm_nw": 350,
    "34kt_wind_radius_nm_sw": 400,
    "50kt_wind_radius_nm_ne": 220,
    "50kt_wind_radius_nm_se": 210,
    "50kt_wind_radius_nm_nw": 160,
    "50kt_wind_radius_nm_sw": 180,
    "64kt_wind_radius_nm_ne": 0,
    "64kt_wind_radius_nm_se": 75,
    "64kt_wind_radius_nm_nw": 75,
    "64kt_wind_radius_nm_sw": 75,
    "max_wind_radius_nm": -999
  },
  {
    "date": "20100922",
    "time_utc": "0000",
    "record": "",
    "status": "EX",
    "lat": 51.5,
    "lng": -50.5,
    "max_wind_kt": 75,
    "min_pressure_mb": 950,
    "34kt_wind_radius_nm_ne": 450,
    "34kt_wind_radius_nm_se": 400,
    "34kt_wind_radius_nm_nw": 350,
    "34kt_wind_radius_nm_sw": 400,
    "50kt_wind_radius_nm_ne": 220,
    "50kt_wind_radius_nm_se": 210,
    "50kt_wind_radius_nm_nw": 160,
    "50kt_wind_radius_nm_sw": 180,
    "64kt_wind_radius_nm_ne": 0,
    "64kt_wind_radius_nm_se": 75,
    "64kt_wind_radius_nm_nw": 75,
    "64kt_wind_radius_nm_sw": 75,
    "max_wind_radius_nm": -999
  },
  {
    "date": "20100922",
    "time_utc": "0600",
    "record": "",
    "status": "EX",
    "lat": 53.5,
    "lng": -49.5,
    "max_wind_kt": 70,
    "min_pressure_mb": 950,
    "34kt_wind_radius_nm_ne": 450,
    "34kt_wind_radius_nm_se": 400,
    "34kt_wind_radius_nm_nw": 350,
    "34kt_wind_radius_nm_sw": 400,
    "50kt_wind_radius_nm_ne": 220,
    "50kt_wind_radius_nm_se": 210,
    "50kt_wind_radius_nm_nw": 160,
    "50kt_wind_radius_nm_sw": 180,
    "64kt_wind_radius_nm_ne": 0,
    "64kt_wind_radius_nm_se": 75,
    "64kt_wind_radius_nm_nw": 75,
    "64kt_wind_radius_nm_sw": 75,
    "max_wind_radius_nm": -999
  },
  {
    "date": "20100922",
    "time_utc": "1200",
    "record": "",
    "status": "EX",
    "lat": 55.5,
    "lng": -49.4,
    "max_wind_kt": 70,
    "min_pressure_mb": 950,
    "34kt_wind_radius_nm_ne": 450,
    "34kt_wind_radius_nm_se": 400,
    "34kt_wind_radius_nm_nw": 350,
    "34kt_wind_radius_nm_sw": 400,
    "50kt_wind_radius_nm_ne": 220,
    "50kt_wind_radius_nm_se": 240,
    "50kt_wind_radius_nm_nw": 160,
    "50kt_wind_radius_nm_sw": 180,
    "64kt_wind_radius_nm_ne": 0,
    "64kt_wind_radius_nm_se": 75,
    "64kt_wind_radius_nm_nw": 75,
    "64kt_wind_radius_nm_sw": 75,
    "max_wind_radius_nm": -999
  },
  {
    "date": "20100922",
    "time_utc": "1800",
    "record": "",
    "status": "EX",
    "lat": 57.0,
    "lng": -50.0,
    "max_wind_kt": 65,
    "min_pressure_mb": 955,
    "34kt_wind_radius_nm_ne": 450,
    "34kt_wind_radius_nm_se": 400,
    "34kt_wind_radius_nm_nw": 350,
    "34kt_wind_radius_nm_sw": 400,
    "50kt_wind_radius_nm_ne": 220,
    "50kt_wind_radius_nm_se": 240,
    "50kt_wind_radius_nm_nw": 160,
    "50kt_wind_radius_nm_sw": 180,
    "64kt_wind_radius_nm_ne": 0,
    "64kt_wind_radius_nm_se": 75,
    "64kt_wind_radius_nm_nw": 75,
    "64kt_wind_radius_nm_sw": 75,
    "max_wind_radius_nm": -999
  },
  {
    "date": "20100923",
    "time_utc": "0000",
    "record": "",
    "status": "EX",
    "lat": 58.5,
    "lng": -51.0,
    "max_wind_kt": 60,
    "min_pressure_mb": 960,
    "34kt_wind_radius_nm_ne": 450,
    "34kt_wind_radius_nm_se": 400,
    "34kt_wind_radius_nm_nw": 350,
    "34kt_wind_radius_nm_sw": 400,
    "50kt_wind_radius_nm_ne": 220,
    "50kt_wind_radius_nm_se": 240,
    "50kt_wind_radius_nm_nw": 160,
    "50kt_wind_radius_nm_sw": 180,
    "64kt_wind_radius_nm_ne": 0,
    "64kt_wind_radius_nm_se": 0,
    "64kt_wind_radius_nm_nw": 0,
    "64kt_wind_radius_nm_sw": 0,
    "max_wind_radius_nm": -999
  }
]