[
  {
    "date": "19720920",
    "time_utc": "1200",
    "record": "",
    "status": "TD",
    "lat": 13.0,
    "lng": -33.0,
    "max_wind_kt": 20,
    "min_pressure_mb": -999,
    "34kt_wind_radius_nm_ne": -999,
    "34kt_wind_radius_nm_se": -999,
    "34kt_wind_radius_nm_nw": -999,
    "34kt_wind_radius_nm_sw": -999,
    "50kt_wind_radius_nm_ne": -999,
    "50kt_wind_radius_nm_se": -999,
    "50kt_wind_radius_nm_nw": -999,
    "50kt_wind_radius_nm_sw": -999,
    "64kt_wind_radius_nm_ne": -999,
    "64kt_wind_radius_nm_se": -999,
    "64kt_wind_radius_nm_nw": -999,
    "64kt_wind_radius_nm_sw": -999,
    "max_wind_radius_nm": -999
  },
  {
    "date": "19720920",
    "time_utc": "1800",
    "record": "",
    "status": "TD",
    "lat": 13.0,
    "lng": -34.0,
    "max_wind_kt": 25,
    "min_pressure_mb": -999,
    "34kt_wind_radius_nm_ne": -999,
    "34kt_wind_radius_nm_se": -999,
    "34kt_wind_radius_nm_nw": -999,
    "34kt_wind_radius_nm_sw": -999,
    "50kt_wind_radius_nm_ne": -999,
    "50kt_wind_radius_nm_se": -999,
    "50kt_wind_radius_nm_nw": -999,
    "50kt_wind_radius_nm_sw": -999,
    "64kt_wind_radius_nm_ne": -999,
    "64kt_wind_radius_nm_se": -999,
    "64kt_wind_radius_nm_nw": -999,
    "64kt_wind_radius_nm_sw": -999,
    "max_wind_radius_nm": -999
  },
  {
    "date": "19720921",
    "time_utc": "0000",
    "record": "",
    "status": "TD",
    "lat": 13.0,
    "lng": -35.0,
    "max_wind_kt": 25,
    "min_pressure_mb": -999,
    "34kt_wind_radius_nm_ne": -999,
    "34kt_wind_radius_nm_se": -999,
    "34kt_wind_radius_nm_nw": -999,
    "34kt_wind_radius_nm_sw": -999,
    "50kt_wind_radius_nm_ne": -999,
    "50kt_wind_radius_nm_se": -999,
    "50kt_wind_radius_nm_nw": -999,
    "50kt_wind_radius_nm_sw": -999,
    "64kt_wind_radius_nm_ne": -999,
    "64kt_wind_radius_nm_se": -999,
    "64kt_wind_radius_nm_nw": -999,
    "64kt_wind_radius_nm_sw": -999,
    "max_wind_radius_nm": -999
  },
  {
    "date": "19720921",
    "time_utc": "0600",
    "record": "",
    "status": "TD",
    "lat": 13.0,
    "lng": -36.0,
    "max_wind_kt": 25,
    "min_pressure_mb": -999,
    "34kt_wind_radius_nm_ne": -999,
    "34kt_wind_radius_nm_se": -999,
    "34kt_wind_radius_nm_nw": -999,
    "34kt_wind_radius_nm_sw": -999,
    "50kt_wind_radius_nm_ne": -999,
    "50kt_wind_radius_nm_se": -999,
    "50kt_wind_radius_nm_nw": -999,
    "50kt_wind_radius_nm_sw": -999,
    "64kt_wind_radius_nm_ne": -999,
    "64kt_wind_radius_nm_se": -999,
    "64kt_wind_radius_nm_nw": -999,
    "64kt_wind_radius_nm_sw": -999,
    "max_wind_radius_nm": -999
  },
  {
    "date": "19720921",
    "time_utc": "1200",
    "record": "",
    "status": "TD",
    "lat": 13.0,
    "lng": -37.0,
    "max_wind_kt": 25,
    "min_pressure_mb": -999,
    "34kt_wind_radius_nm_ne": -999,
    "34kt_wind_radius_nm_se": -999,
    "34kt_wind_radius_nm_nw": -999,
    "34kt_wind_radius_nm_sw": -999,
    "50kt_wind_radius_nm_ne": -999,
    "50kt_wind_radius_nm_se": -999,
    "50kt_wind_radius_nm_nw": -999,
    "50kt_wind_radius_nm_sw": -999,
    "64kt_wind_radius_nm_ne": -999,
    "64kt_wind_radius_nm_se": -999,
    "64kt_wind_radius_nm_nw": -999,
    "64kt_wind_radius_nm_sw": -999,
    "max_wind_radius_nm": -999
  },
  {
    "date": "19720921",
    "time_utc": "1800",
    "record": "",
    "status": "TD",
    "lat": 13.4,
    "lng": -37.7,
    "max_wind_kt": 25,
    "min_pressure_mb": -999,
    "34kt_wind_radius_nm_ne": -999,
    "34kt_wind_radius_nm_se": -999,
    "34kt_wind_radius_nm_nw": -999,
    "34kt_wind_radius_nm_sw": -999,
    "50kt_wind_radius_nm_ne": -999,
    "50kt_wind_radius_nm_se": -999,
    "50kt_wind_radius_nm_nw": -999,
    "50kt_wind_radius_nm_sw": -999,
    "64kt_wind_radius_nm_ne": -999,
    "64kt_wind_radius_nm_se": -999,
    "64kt_wind_radius_nm_nw": -999,
    "64kt_wind_radius_nm_sw": -999,
    "max_wind_radius_nm": -999
  },
  {
    "date": "19720922",
    "time_utc": "0000",
    "record": "",
    "status": "TD",
    "lat": 13.8,
    "lng": -38.5,
    "max_wind_kt": 25,
    "min_pressure_mb": -999,
    "34kt_wind_radius_nm_ne": -999,
    "34kt_wind_radius_nm_se": -999,
    "34kt_wind_radius_nm_nw": -999,
    "34kt_wind_radius_nm_sw": -999,
    "50kt_wind_radius_nm_ne": -999,
    "50kt_wind_radius_nm_se": -999,
    "50kt_wind_radius_nm_nw": -999,
    "50kt_wind_radius_nm_sw": -999,
    "64kt_wind_radius_nm_ne": -999,
    "64kt_wind_radius_nm_se": -999,
    "64kt_wind_radius_nm_nw": -999,
    "64kt_wind_radius_nm_sw": -999,
    "max_wind_radius_nm": -999
  },
  {
    "date": "19720922",
    "time_utc": "0600",
    "record": "",
    "status": "TD",
    "lat": 14.2,
    "lng": -39.2,
    "max_wind_kt": 25,
    "min_pressure_mb": -999,
    "34kt_wind_radius_nm_ne": -999,
    "34kt_wind_radius_nm_se": -999,
    "34kt_wind_radius_nm_nw": -999,
    "34kt_wind_radius_nm_sw": -999,
    "50kt_wind_radius_nm_ne": -999,
    "50kt_wind_radius_nm_se": -999,
    "50kt_wind_radius_nm_nw": -999,
    "50kt_wind_radius_nm_sw": -999,
    "64kt_wind_radius_nm_ne": -999,
    "64kt_wind_radius_nm_se": -999,
    "64kt_wind_radius_nm_nw": -999,
    "64kt_wind_radius_nm_sw": -999,
    "max_wind_radius_nm": -999
  },
  {
    "date": "19720922",
    "time_utc": "1200",
    "record": "",
    "status": "TD",
    "lat": 14.5,
    "lng": -40.0,
    "max_wind_kt": 25,
    "min_pressure_mb": -999,
    "34kt_wind_radius_nm_ne": -999,
    "34kt_wind_radius_nm_se": -999,
    "34kt_wind_radius_nm_nw": -999,
    "34kt_wind_radius_nm_sw": -999,
    "50kt_wind_radius_nm_ne": -999,
    "50kt_wind_radius_nm_se": -999,
    "50kt_wind_radius_nm_nw": -999,
    "50kt_wind_radius_nm_sw": -999,
    "64kt_wind_radius_nm_ne": -999,
    "64kt_wind_radius_nm_se": -999,
    "64kt_wind_radius_nm_nw": -999,
    "64kt_wind_radius_nm_sw": -999,
    "max_wind_radius_nm": -999
  },
  {
    "date": "19720922",
    "time_utc": "1800",
    "record": "",
    "status": "TD",
    "lat": 15.0,
    "lng": -40.5,
    "max_wind_kt": 25,
    "min_pressure_mb": -999,
    "34kt_wind_radius_nm_ne": -999,
    "34kt_wind_radius_nm_se": -999,
    "34kt_wind_radius_nm_nw": -999,
    "34kt_wind_radius_nm_sw": -999,
    "50kt_wind_radius_nm_ne": -999,
    "50kt_wind_radius_nm_se": -999,
    "50kt_wind_radius_nm_nw": -999,
    "50kt_wind_radius_nm_sw": -999,
    "64kt_wind_radius_nm_ne": -999,
    "64kt_wind_radius_nm_se": -999,
    "64kt_wind_radius_nm_nw": -999,
    "64kt_wind_radius_nm_sw": -999,
    "max_wind_radius_nm": -999
  },
  {
    "date": "19720923",
    "time_utc": "0000",
    "record": "",
    "status": "TD",
    "lat": 15.5,
    "lng": -41.0,
    "max_wind_kt": 25,
    "min_pressure_mb": -999,
    "34kt_wind_radius_nm_ne": -999,
    "34kt_wind_radius_nm_se": -999,
    "34kt_wind_radius_nm_nw": -999,
    "34kt_wind_radius_nm_sw": -999,
    "50kt_wind_radius_nm_ne": -999,
    "50kt_wind_radius_nm_se": -999,
    "50kt_wind_radius_nm_nw": -999,
    "50kt_wind_radius_nm_sw": -999,
    "64kt_wind_radius_nm_ne": -999,
    "64kt_wind_radius_nm_se": -999,
    "64kt_wind_radius_nm_nw": -999,
    "64kt_wind_radius_nm_sw": -999,
    "max_wind_radius_nm": -999
  },
  {
    "date": "19720923",
    "time_utc": "0600",
    "record": "",
    "status": "TD",
    "lat": 16.0,
    "lng": -41.5,
    "max_wind_kt": 25,
    "min_pressure_mb": -999,
    "34kt_wind_radius_nm_ne": -999,
    "34kt_wind_radius_nm_se": -999,
    "34kt_wind_radius_nm_nw": -999,
    "34kt_wind_radius_nm_sw": -999,
    "50kt_wind_radius_nm_ne": -999,
    "50kt_wind_radius_nm_se": -999,
    "50kt_wind_radius_nm_nw": -999,
    "50kt_wind_radius_nm_sw": -999,
    "64kt_wind_radius_nm_ne": -999,
    "64kt_wind_radius_nm_se": -999,
    "64kt_wind_radius_nm_nw": -999,
    "64kt_wind_radius_nm_sw": -999,
    "max_wind_radius_nm": -999
  },
  {
    "date": "19720923",
    "time_utc": "1200",
    "record": "",
    "status": "TD",
    "lat": 16.5,
    "lng": -42.0,
    "max_wind_kt": 20,
    "min_pressure_mb": -999,
    "34kt_wind_radius_nm_ne": -999,
    "34kt_wind_radius_nm_se": -999,
    "34kt_wind_radius_nm_nw": -999,
    "34kt_wind_radius_nm_sw": -999,
    "50kt_wind_radius_nm_ne": -999,
    "50kt_wind_radius_nm_se": -999,
    "50kt_wind_radius_nm_nw": -999,
    "50kt_wind_radius_nm_sw": -999,
    "64kt_wind_radius_nm_ne": -999,
    "64kt_wind_radius_nm_se": -999,
    "64kt_wind_radius_nm_nw": -999,
    "64kt_wind_radius_nm_sw": -999,
    "max_wind_radius_nm": -999
  },
  {
    "date": "19720923",
    "time_utc": "1800",
    "record": "",
    "status": "TD",
    "lat": 16.4,
    "lng": -43.2,
    "max_wind_kt": 20,
    "min_pressure_mb": -999,
    "34kt_wind_radius_nm_ne": -999,
    "34kt_wind_radius_nm_se": -999,
    "34kt_wind_radius_nm_nw": -999,
    "34kt_wind_radius_nm_sw": -999,
    "50kt_wind_radius_nm_ne": -999,
    "50kt_wind_radius_nm_se": -999,
    "50kt_wind_radius_nm_nw": -999,
    "50kt_wind_radius_nm_sw": -999,
    "64kt_wind_radius_nm_ne": -999,
    "64kt_wind_radius_nm_se": -999,
    "64kt_wind_radius_nm_nw": -999,
    "64kt_wind_radius_nm_sw": -999,
    "max_wind_radius_nm": -999
  },
  {
    "date": "19720924",
    "time_utc": "0000",
    "record": "",
    "status": "TD",
    "lat": 16.3,
    "lng": -44.4,
    "max_wind_kt": 20,
    "min_pressure_mb": -999,
    "34kt_wind_radius_nm_ne": -999,
    "34kt_wind_radius_nm_se": -999,
    "34kt_wind_radius_nm_nw": -999,
    "34kt_wind_radius_nm_sw": -999,
    "50kt_wind_radius_nm_ne": -999,
    "50kt_wind_radius_nm_se": -999,
    "50kt_wind_radius_nm_nw": -999,
    "50kt_wind_radius_nm_sw": -999,
    "64kt_wind_radius_nm_ne": -999,
    "64kt_wind_radius_nm_se": -999,
    "64kt_wind_radius_nm_nw": -999,
    "64kt_wind_radius_nm_sw": -999,
    "max_wind_radius_nm": -999
  },
  {
    "date": "19720924",
    "time_utc": "0600",
    "record": "",
    "status": "TD",
    "lat": 16.2,
    "lng": -45.5,
    "max_wind_kt": 20,
    "min_pressure_mb": -999,
    "34kt_wind_radius_nm_ne": -999,
    "34kt_wind_radius_nm_se": -999,
    "34kt_wind_radius_nm_nw": -999,
    "34kt_wind_radius_nm_sw": -999,
    "50kt_wind_radius_nm_ne": -999,
    "50kt_wind_radius_nm_se": -999,
    "50kt_wind_radius_nm_nw": -999,
    "50kt_wind_radius_nm_sw": -999,
    "64kt_wind_radius_nm_ne": -999,
    "64kt_wind_radius_nm_se": -999,
    "64kt_wind_radius_nm_nw": -999,
    "64kt_wind_radius_nm_sw": -999,
    "max_wind_radius_nm": -999
  },
  {
    "date": "19720924",
    "time_utc": "1200",
    "record": "",
    "status": "TD",
    "lat": 16.0,
    "lng": -46.5,
    "max_wind_kt": 20,
    "min_pressure_mb": -999,
    "34kt_wind_radius_nm_ne": -999,
    "34kt_wind_radius_nm_se": -999,
    "34kt_wind_radius_nm_nw": -999,
    "34kt_wind_radius_nm_sw": -999,
    "50kt_wind_radius_nm_ne": -999,
    "50kt_wind_radius_nm_se": -999,
    "50kt_wind_radius_nm_nw": -999,
    "50kt_wind_radius_nm_sw": -999,
    "64kt_wind_radius_nm_ne": -999,
    "64kt_wind_radius_nm_se": -999,
    "64kt_wind_radius_nm_nw": -999,
    "64kt_wind_radius_nm_sw": -999,
    "max_wind_radius_nm": -999
  }
]