[
  {
    "date": "18511016",
    "time_utc": " 0000",
    "record": "  ",
    "status": " TS",
    "lat": " 28.7N",
    "lng": "  78.0W",
    "max_wind_kt": "  40",
    "min_pressure_mb": " -999",
    "34kt_wind_radius_nm_ne": " -999",
    "34kt_wind_radius_nm_se": " -999",
    "34kt_wind_radius_nm_nw": " -999",
    "34kt_wind_radius_nm_sw": " -999",
    "50kt_wind_radius_nm_ne": " -999",
    "50kt_wind_radius_nm_se": " -999",
    "50kt_wind_radius_nm_nw": " -999",
    "50kt_wind_radius_nm_sw": " -999",
    "64kt_wind_radius_nm_ne": " -999",
    "64kt_wind_radius_nm_se": " -999",
    "64kt_wind_radius_nm_nw": " -999",
    "64kt_wind_radius_nm_sw": " -999",
    "max_wind_radius_nm": " -999"
  },
  {
    "date": "18511016",
    "time_utc": " 0600",
    "record": "  ",
    "status": " TS",
    "lat": " 29.1N",
    "lng": "  77.8W",
    "max_wind_kt": "  40",
    "min_pressure_mb": " -999",
    "34kt_wind_radius_nm_ne": " -999",
    "34kt_wind_radius_nm_se": " -999",
    "34kt_wind_radius_nm_nw": " -999",
    "34kt_wind_radius_nm_sw": " -999",
    "50kt_wind_radius_nm_ne": " -999",
    "50kt_wind_radius_nm_se": " -999",
    "50kt_wind_radius_nm_nw": " -999",
    "50kt_wind_radius_nm_sw": " -999",
    "64kt_wind_radius_nm_ne": " -999",
    "64kt_wind_radius_nm_se": " -999",
    "64kt_wind_radius_nm_nw": " -999",
    "64kt_wind_radius_nm_sw": " -999",
    "max_wind_radius_nm": " -999"
  },
  {
    "date": "18511016",
    "time_utc": " 1200",
    "record": "  ",
    "status": " TS",
    "lat": " 29.5N",
    "lng": "  77.5W",
    "max_wind_kt": "  50",
    "min_pressure_mb": " -999",
    "34kt_wind_radius_nm_ne": " -999",
    "34kt_wind_radius_nm_se": " -999",
    "34kt_wind_radius_nm_nw": " -999",
    "34kt_wind_radius_nm_sw": " -999",
    "50kt_wind_radius_nm_ne": " -999",
    "50kt_wind_radius_nm_se": " -999",
    "50kt_wind_radius_nm_nw": " -999",
    "50kt_wind_radius_nm_sw": " -999",
    "64kt_wind_radius_nm_ne": " -999",
    "64kt_wind_radius_nm_se": " -999",
    "64kt_wind_radius_nm_nw": " -999",
    "64kt_wind_radius_nm_sw": " -999",
    "max_wind_radius_nm": " -999"
  },
  {
    "date": "18511016",
    "time_utc": " 1800",
    "record": "  ",
    "status": " TS",
    "lat": " 30.1N",
    "lng": "  77.1W",
    "max_wind_kt": "  50",
    "min_pressure_mb": " -999",
    "34kt_wind_radius_nm_ne": " -999",
    "34kt_wind_radius_nm_se": " -999",
    "34kt_wind_radius_nm_nw": " -999",
    "34kt_wind_radius_nm_sw": " -999",
    "50kt_wind_radius_nm_ne": " -999",
    "50kt_wind_radius_nm_se": " -999",
    "50kt_wind_radius_nm_nw": " -999",
    "50kt_wind_radius_nm_sw": " -999",
    "64kt_wind_radius_nm_ne": " -999",
    "64kt_wind_radius_nm_se": " -999",
    "64kt_wind_radius_nm_nw": " -999",
    "64kt_wind_radius_nm_sw": " -999",
    "max_wind_radius_nm": " -999"
  },
  {
    "date": "18511017",
    "time_utc": " 0000",
    "record": "  ",
    "status": " TS",
    "lat": " 30.7N",
    "lng": "  76.6W",
    "max_wind_kt": "  60",
    "min_pressure_mb": " -999",
    "34kt_wind_radius_nm_ne": " -999",
    "34kt_wind_radius_nm_se": " -999",
    "34kt_wind_radius_nm_nw": " -999",
    "34kt_wind_radius_nm_sw": " -999",
    "50kt_wind_radius_nm_ne": " -999",
    "50kt_wind_radius_nm_se": " -999",
    "50kt_wind_radius_nm_nw": " -999",
    "50kt_wind_radius_nm_sw": " -999",
    "64kt_wind_radius_nm_ne": " -999",
    "64kt_wind_radius_nm_se": " -999",
    "64kt_wind_radius_nm_nw": " -999",
    "64kt_wind_radius_nm_sw": " -999",
    "max_wind_radius_nm": " -999"
  },
  {
    "date": "18511017",
    "time_utc": " 0600",
    "record": "  ",
    "status": " TS",
    "lat": " 31.2N",
    "lng": "  76.3W",
    "max_wind_kt": "  60",
    "min_pressure_mb": " -999",
    "34kt_wind_radius_nm_ne": " -999",
    "34kt_wind_radius_nm_se": " -999",
    "34kt_wind_radius_nm_nw": " -999",
    "34kt_wind_radius_nm_sw": " -999",
    "50kt_wind_radius_nm_ne": " -999",
    "50kt_wind_radius_nm_se": " -999",
    "50kt_wind_radius_nm_nw": " -999",
    "50kt_wind_radius_nm_sw": " -999",
    "64kt_wind_radius_nm_ne": " -999",
    "64kt_wind_radius_nm_se": " -999",
    "64kt_wind_radius_nm_nw": " -999",
    "64kt_wind_radius_nm_sw": " -999",
    "max_wind_radius_nm": " -999"
  },
  {
    "date": "18511017",
    "time_utc": " 1200",
    "record": "  ",
    "status": " TS",
    "lat": " 31.6N",
    "lng": "  75.9W",
    "max_wind_kt": "  60",
    "min_pressure_mb": " -999",
    "34kt_wind_radius_nm_ne": " -999",
    "34kt_wind_radius_nm_se": " -999",
    "34kt_wind_radius_nm_nw": " -999",
    "34kt_wind_radius_nm_sw": " -999",
    "50kt_wind_radius_nm_ne": " -999",
    "50kt_wind_radius_nm_se": " -999",
    "50kt_wind_radius_nm_nw": " -999",
    "50kt_wind_radius_nm_sw": " -999",
    "64kt_wind_radius_nm_ne": " -999",
    "64kt_wind_radius_nm_se": " -999",
    "64kt_wind_radius_nm_nw": " -999",
    "64kt_wind_radius_nm_sw": " -999",
    "max_wind_radius_nm": " -999"
  },
  {
    "date": "18511017",
    "time_utc": " 1800",
    "record": "  ",
    "status": " TS",
    "lat": " 32.0N",
    "lng": "  75.5W",
    "max_wind_kt": "  60",
    "min_pressure_mb": " -999",
    "34kt_wind_radius_nm_ne": " -999",
    "34kt_wind_radius_nm_se": " -999",
    "34kt_wind_radius_nm_nw": " -999",
    "34kt_wind_radius_nm_sw": " -999",
    "50kt_wind_radius_nm_ne": " -999",
    "50kt_wind_radius_nm_se": " -999",
    "50kt_wind_radius_nm_nw": " -999",
    "50kt_wind_radius_nm_sw": " -999",
    "64kt_wind_radius_nm_ne": " -999",
    "64kt_wind_radius_nm_se": " -999",
    "64kt_wind_radius_nm_nw": " -999",
    "64kt_wind_radius_nm_sw": " -999",
    "max_wind_radius_nm": " -999"
  },
  {
    "date": "18511018",
    "time_utc": " 0000",
    "record": "  ",
    "status": " TS",
    "lat": " 32.7N",
    "lng": "  74.9W",
    "max_wind_kt": "  60",
    "min_pressure_mb": " -999",
    "34kt_wind_radius_nm_ne": " -999",
    "34kt_wind_radius_nm_se": " -999",
    "34kt_wind_radius_nm_nw": " -999",
    "34kt_wind_radius_nm_sw": " -999",
    "50kt_wind_radius_nm_ne": " -999",
    "50kt_wind_radius_nm_se": " -999",
    "50kt_wind_radius_nm_nw": " -999",
    "50kt_wind_radius_nm_sw": " -999",
    "64kt_wind_radius_nm_ne": " -999",
    "64kt_wind_radius_nm_se": " -999",
    "64kt_wind_radius_nm_nw": " -999",
    "64kt_wind_radius_nm_sw": " -999",
    "max_wind_radius_nm": " -999"
  },
  {
    "date": "18511018",
    "time_utc": " 0600",
    "record": "  ",
    "status": " TS",
    "lat": " 33.3N",
    "lng": "  74.3W",
    "max_wind_kt": "  60",
    "min_pressure_mb": " -999",
    "34kt_wind_radius_nm_ne": " -999",
    "34kt_wind_radius_nm_se": " -999",
    "34kt_wind_radius_nm_nw": " -999",
    "34kt_wind_radius_nm_sw": " -999",
    "50kt_wind_radius_nm_ne": " -999",
    "50kt_wind_radius_nm_se": " -999",
    "50kt_wind_radius_nm_nw": " -999",
    "50kt_wind_radius_nm_sw": " -999",
    "64kt_wind_radius_nm_ne": " -999",
    "64kt_wind_radius_nm_se": " -999",
    "64kt_wind_radius_nm_nw": " -999",
    "64kt_wind_radius_nm_sw": " -999",
    "max_wind_radius_nm": " -999"
  },
  {
    "date": "18511018",
    "time_utc": " 1200",
    "record": "  ",
    "status": " TS",
    "lat": " 34.0N",
    "lng": "  73.8W",
    "max_wind_kt": "  60",
    "min_pressure_mb": " -999",
    "34kt_wind_radius_nm_ne": " -999",
    "34kt_wind_radius_nm_se": " -999",
    "34kt_wind_radius_nm_nw": " -999",
    "34kt_wind_radius_nm_sw": " -999",
    "50kt_wind_radius_nm_ne": " -999",
    "50kt_wind_radius_nm_se": " -999",
    "50kt_wind_radius_nm_nw": " -999",
    "50kt_wind_radius_nm_sw": " -999",
    "64kt_wind_radius_nm_ne": " -999",
    "64kt_wind_radius_nm_se": " -999",
    "64kt_wind_radius_nm_nw": " -999",
    "64kt_wind_radius_nm_sw": " -999",
    "max_wind_radius_nm": " -999"
  },
  {
    "date": "18511018",
    "time_utc": " 1800",
    "record": "  ",
    "status": " TS",
    "lat": " 35.3N",
    "lng": "  73.0W",
    "max_wind_kt": "  60",
    "min_pressure_mb": " -999",
    "34kt_wind_radius_nm_ne": " -999",
    "34kt_wind_radius_nm_se": " -999",
    "34kt_wind_radius_nm_nw": " -999",
    "34kt_wind_radius_nm_sw": " -999",
    "50kt_wind_radius_nm_ne": " -999",
    "50kt_wind_radius_nm_se": " -999",
    "50kt_wind_radius_nm_nw": " -999",
    "50kt_wind_radius_nm_sw": " -999",
    "64kt_wind_radius_nm_ne": " -999",
    "64kt_wind_radius_nm_se": " -999",
    "64kt_wind_radius_nm_nw": " -999",
    "64kt_wind_radius_nm_sw": " -999",
    "max_wind_radius_nm": " -999"
  },
  {
    "date": "18511019",
    "time_utc": " 0000",
    "record": "  ",
    "status": " TS",
    "lat": " 37.0N",
    "lng": "  72.6W",
    "max_wind_kt": "  50",
    "min_pressure_mb": " -999",
    "34kt_wind_radius_nm_ne": " -999",
    "34kt_wind_radius_nm_se": " -999",
    "34kt_wind_radius_nm_nw": " -999",
    "34kt_wind_radius_nm_sw": " -999",
    "50kt_wind_radius_nm_ne": " -999",
    "50kt_wind_radius_nm_se": " -999",
    "50kt_wind_radius_nm_nw": " -999",
    "50kt_wind_radius_nm_sw": " -999",
    "64kt_wind_radius_nm_ne": " -999",
    "64kt_wind_radius_nm_se": " -999",
    "64kt_wind_radius_nm_nw": " -999",
    "64kt_wind_radius_nm_sw": " -999",
    "max_wind_radius_nm": " -999"
  },
  {
    "date": "18511019",
    "time_utc": " 0600",
    "record": "  ",
    "status": " TS",
    "lat": " 38.5N",
    "lng": "  72.1W",
    "max_wind_kt": "  50",
    "min_pressure_mb": " -999",
    "34kt_wind_radius_nm_ne": " -999",
    "34kt_wind_radius_nm_se": " -999",
    "34kt_wind_radius_nm_nw": " -999",
    "34kt_wind_radius_nm_sw": " -999",
    "50kt_wind_radius_nm_ne": " -999",
    "50kt_wind_radius_nm_se": " -999",
    "50kt_wind_radius_nm_nw": " -999",
    "50kt_wind_radius_nm_sw": " -999",
    "64kt_wind_radius_nm_ne": " -999",
    "64kt_wind_radius_nm_se": " -999",
    "64kt_wind_radius_nm_nw": " -999",
    "64kt_wind_radius_nm_sw": " -999",
    "max_wind_radius_nm": " -999"
  },
  {
    "date": "18511019",
    "time_utc": " 1200",
    "record": "  ",
    "status": " TS",
    "lat": " 40.2N",
    "lng": "  71.8W",
    "max_wind_kt": "  50",
    "min_pressure_mb": " -999",
    "34kt_wind_radius_nm_ne": " -999",
    "34kt_wind_radius_nm_se": " -999",
    "34kt_wind_radius_nm_nw": " -999",
    "34kt_wind_radius_nm_sw": " -999",
    "50kt_wind_radius_nm_ne": " -999",
    "50kt_wind_radius_nm_se": " -999",
    "50kt_wind_radius_nm_nw": " -999",
    "50kt_wind_radius_nm_sw": " -999",
    "64kt_wind_radius_nm_ne": " -999",
    "64kt_wind_radius_nm_se": " -999",
    "64kt_wind_radius_nm_nw": " -999",
    "64kt_wind_radius_nm_sw": " -999",
    "max_wind_radius_nm": " -999"
  },
  {
    "date": "18511019",
    "time_utc": " 1500",
    "record": " L",
    "status": " TS",
    "lat": " 41.1N",
    "lng": "  71.7W",
    "max_wind_kt": "  50",
    "min_pressure_mb": " -999",
    "34kt_wind_radius_nm_ne": " -999",
    "34kt_wind_radius_nm_se": " -999",
    "34kt_wind_radius_nm_nw": " -999",
    "34kt_wind_radius_nm_sw": " -999",
    "50kt_wind_radius_nm_ne": " -999",
    "50kt_wind_radius_nm_se": " -999",
    "50kt_wind_radius_nm_nw": " -999",
    "50kt_wind_radius_nm_sw": " -999",
    "64kt_wind_radius_nm_ne": " -999",
    "64kt_wind_radius_nm_se": " -999",
    "64kt_wind_radius_nm_nw": " -999",
    "64kt_wind_radius_nm_sw": " -999",
    "max_wind_radius_nm": " -999"
  },
  {
    "date": "18511019",
    "time_utc": " 1800",
    "record": "  ",
    "status": " TS",
    "lat": " 42.0N",
    "lng": "  71.6W",
    "max_wind_kt": "  40",
    "min_pressure_mb": " -999",
    "34kt_wind_radius_nm_ne": " -999",
    "34kt_wind_radius_nm_se": " -999",
    "34kt_wind_radius_nm_nw": " -999",
    "34kt_wind_radius_nm_sw": " -999",
    "50kt_wind_radius_nm_ne": " -999",
    "50kt_wind_radius_nm_se": " -999",
    "50kt_wind_radius_nm_nw": " -999",
    "50kt_wind_radius_nm_sw": " -999",
    "64kt_wind_radius_nm_ne": " -999",
    "64kt_wind_radius_nm_se": " -999",
    "64kt_wind_radius_nm_nw": " -999",
    "64kt_wind_radius_nm_sw": " -999",
    "max_wind_radius_nm": " -999"
  }
]