[
  {
    "date": "20130722",
    "time_utc": " 1800",
    "record": "  ",
    "status": " LO",
    "lat": " 11.3N",
    "lng": "  20.0W",
    "max_wind_kt": "  25",
    "min_pressure_mb": " 1009",
    "34kt_wind_radius_nm_ne": "    0",
    "34kt_wind_radius_nm_se": "    0",
    "34kt_wind_radius_nm_nw": "    0",
    "34kt_wind_radius_nm_sw": "    0",
    "50kt_wind_radius_nm_ne": "    0",
    "50kt_wind_radius_nm_se": "    0",
    "50kt_wind_radius_nm_nw": "    0",
    "50kt_wind_radius_nm_sw": "    0",
    "64kt_wind_radius_nm_ne": "    0",
    "64kt_wind_radius_nm_se": "    0",
    "64kt_wind_radius_nm_nw": "    0",
    "64kt_wind_radius_nm_sw": "    0",
    "max_wind_radius_nm": " -999"
  },
  {
    "date": "20130723",
    "time_utc": " 0000",
    "record": "  ",
    "status": " LO",
    "lat": " 11.5N",
    "lng": "  20.9W",
    "max_wind_kt": "  25",
    "min_pressure_mb": " 1009",
    "34kt_wind_radius_nm_ne": "    0",
    "34kt_wind_radius_nm_se": "    0",
    "34kt_wind_radius_nm_nw": "    0",
    "34kt_wind_radius_nm_sw": "    0",
    "50kt_wind_radius_nm_ne": "    0",
    "50kt_wind_radius_nm_se": "    0",
    "50kt_wind_radius_nm_nw": "    0",
    "50kt_wind_radius_nm_sw": "    0",
    "64kt_wind_radius_nm_ne": "    0",
    "64kt_wind_radius_nm_se": "    0",
    "64kt_wind_radius_nm_nw": "    0",
    "64kt_wind_radius_nm_sw": "    0",
    "max_wind_radius_nm": " -999"
  },
  {
    "date": "20130723",
    "time_utc": " 0600",
    "record": "  ",
    "status": " LO",
    "lat": " 11.7N",
    "lng": "  21.8W",
    "max_wind_kt": "  25",
    "min_pressure_mb": " 1009",
    "34kt_wind_radius_nm_ne": "    0",
    "34kt_wind_radius_nm_se": "    0",
    "34kt_wind_radius_nm_nw": "    0",
    "34kt_wind_radius_nm_sw": "    0",
    "50kt_wind_radius_nm_ne": "    0",
    "50kt_wind_radius_nm_se": "    0",
    "50kt_wind_radius_nm_nw": "    0",
    "50kt_wind_radius_nm_sw": "    0",
    "64kt_wind_radius_nm_ne": "    0",
    "64kt_wind_radius_nm_se": "    0",
    "64kt_wind_radius_nm_nw": "    0",
    "64kt_wind_radius_nm_sw": "    0",
    "max_wind_radius_nm": " -999"
  },
  {
    "date": "20130723",
    "time_utc": " 1200",
    "record": "  ",
    "status": " LO",
    "lat": " 12.0N",
    "lng": "  22.8W",
    "max_wind_kt": "  25",
    "min_pressure_mb": " 1009",
    "34kt_wind_radius_nm_ne": "    0",
    "34kt_wind_radius_nm_se": "    0",
    "34kt_wind_radius_nm_nw": "    0",
    "34kt_wind_radius_nm_sw": "    0",
    "50kt_wind_radius_nm_ne": "    0",
    "50kt_wind_radius_nm_se": "    0",
    "50kt_wind_radius_nm_nw": "    0",
    "50kt_wind_radius_nm_sw": "    0",
    "64kt_wind_radius_nm_ne": "    0",
    "64kt_wind_radius_nm_se": "    0",
    "64kt_wind_radius_nm_nw": "    0",
    "64kt_wind_radius_nm_sw": "    0",
    "max_wind_radius_nm": " -999"
  },
  {
    "date": "20130723",
    "time_utc": " 1800",
    "record": "  ",
    "status": " TD",
    "lat": " 12.4N",
    "lng": "  23.9W",
    "max_wind_kt": "  25",
    "min_pressure_mb": " 1008",
    "34kt_wind_radius_nm_ne": "    0",
    "34kt_wind_radius_nm_se": "    0",
    "34kt_wind_radius_nm_nw": "    0",
    "34kt_wind_radius_nm_sw": "    0",
    "50kt_wind_radius_nm_ne": "    0",
    "50kt_wind_radius_nm_se": "    0",
    "50kt_wind_radius_nm_nw": "    0",
    "50kt_wind_radius_nm_sw": "    0",
    "64kt_wind_radius_nm_ne": "    0",
    "64kt_wind_radius_nm_se": "    0",
    "64kt_wind_radius_nm_nw": "    0",
    "64kt_wind_radius_nm_sw": "    0",
    "max_wind_radius_nm": " -999"
  },
  {
    "date": "20130724",
    "time_utc": " 0000",
    "record": "  ",
    "status": " TD",
    "lat": " 13.0N",
    "lng": "  25.4W",
    "max_wind_kt": "  30",
    "min_pressure_mb": " 1007",
    "34kt_wind_radius_nm_ne": "    0",
    "34kt_wind_radius_nm_se": "    0",
    "34kt_wind_radius_nm_nw": "    0",
    "34kt_wind_radius_nm_sw": "    0",
    "50kt_wind_radius_nm_ne": "    0",
    "50kt_wind_radius_nm_se": "    0",
    "50kt_wind_radius_nm_nw": "    0",
    "50kt_wind_radius_nm_sw": "    0",
    "64kt_wind_radius_nm_ne": "    0",
    "64kt_wind_radius_nm_se": "    0",
    "64kt_wind_radius_nm_nw": "    0",
    "64kt_wind_radius_nm_sw": "    0",
    "max_wind_radius_nm": " -999"
  },
  {
    "date": "20130724",
    "time_utc": " 0600",
    "record": "  ",
    "status": " TS",
    "lat": " 13.5N",
    "lng": "  27.1W",
    "max_wind_kt": "  35",
    "min_pressure_mb": " 1006",
    "34kt_wind_radius_nm_ne": "   40",
    "34kt_wind_radius_nm_se": "    0",
    "34kt_wind_radius_nm_nw": "    0",
    "34kt_wind_radius_nm_sw": "   30",
    "50kt_wind_radius_nm_ne": "    0",
    "50kt_wind_radius_nm_se": "    0",
    "50kt_wind_radius_nm_nw": "    0",
    "50kt_wind_radius_nm_sw": "    0",
    "64kt_wind_radius_nm_ne": "    0",
    "64kt_wind_radius_nm_se": "    0",
    "64kt_wind_radius_nm_nw": "    0",
    "64kt_wind_radius_nm_sw": "    0",
    "max_wind_radius_nm": " -999"
  },
  {
    "date": "20130724",
    "time_utc": " 1200",
    "record": "  ",
    "status": " TS",
    "lat": " 13.9N",
    "lng": "  29.0W",
    "max_wind_kt": "  40",
    "min_pressure_mb": " 1005",
    "34kt_wind_radius_nm_ne": "   40",
    "34kt_wind_radius_nm_se": "    0",
    "34kt_wind_radius_nm_nw": "    0",
    "34kt_wind_radius_nm_sw": "   30",
    "50kt_wind_radius_nm_ne": "    0",
    "50kt_wind_radius_nm_se": "    0",
    "50kt_wind_radius_nm_nw": "    0",
    "50kt_wind_radius_nm_sw": "    0",
    "64kt_wind_radius_nm_ne": "    0",
    "64kt_wind_radius_nm_se": "    0",
    "64kt_wind_radius_nm_nw": "    0",
    "64kt_wind_radius_nm_sw": "    0",
    "max_wind_radius_nm": " -999"
  },
  {
    "date": "20130724",
    "time_utc": " 1800",
    "record": "  ",
    "status": " TS",
    "lat": " 14.4N",
    "lng": "  30.8W",
    "max_wind_kt": "  45",
    "min_pressure_mb": " 1004",
    "34kt_wind_radius_nm_ne": "   40",
    "34kt_wind_radius_nm_se": "    0",
    "34kt_wind_radius_nm_nw": "    0",
    "34kt_wind_radius_nm_sw": "   30",
    "50kt_wind_radius_nm_ne": "    0",
    "50kt_wind_radius_nm_se": "    0",
    "50kt_wind_radius_nm_nw": "    0",
    "50kt_wind_radius_nm_sw": "    0",
    "64kt_wind_radius_nm_ne": "    0",
    "64kt_wind_radius_nm_se": "    0",
    "64kt_wind_radius_nm_nw": "    0",
    "64kt_wind_radius_nm_sw": "    0",
    "max_wind_radius_nm": " -999"
  },
  {
    "date": "20130725",
    "time_utc": " 0000",
    "record": "  ",
    "status": " TS",
    "lat": " 14.9N",
    "lng": "  32.4W",
    "max_wind_kt": "  45",
    "min_pressure_mb": " 1004",
    "34kt_wind_radius_nm_ne": "   40",
    "34kt_wind_radius_nm_se": "    0",
    "34kt_wind_radius_nm_nw": "    0",
    "34kt_wind_radius_nm_sw": "   30",
    "50kt_wind_radius_nm_ne": "    0",
    "50kt_wind_radius_nm_se": "    0",
    "50kt_wind_radius_nm_nw": "    0",
    "50kt_wind_radius_nm_sw": "    0",
    "64kt_wind_radius_nm_ne": "    0",
    "64kt_wind_radius_nm_se": "    0",
    "64kt_wind_radius_nm_nw": "    0",
    "64kt_wind_radius_nm_sw": "    0",
    "max_wind_radius_nm": " -999"
  },
  {
    "date": "20130725",
    "time_utc": " 0600",
    "record": "  ",
    "status": " TS",
    "lat": " 15.3N",
    "lng": "  33.9W",
    "max_wind_kt": "  50",
    "min_pressure_mb": " 1002",
    "34kt_wind_radius_nm_ne": "   40",
    "34kt_wind_radius_nm_se": "   30",
    "34kt_wind_radius_nm_nw": "    0",
    "34kt_wind_radius_nm_sw": "   40",
    "50kt_wind_radius_nm_ne": "   20",
    "50kt_wind_radius_nm_se": "    0",
    "50kt_wind_radius_nm_nw": "    0",
    "50kt_wind_radius_nm_sw": "    0",
    "64kt_wind_radius_nm_ne": "    0",
    "64kt_wind_radius_nm_se": "    0",
    "64kt_wind_radius_nm_nw": "    0",
    "64kt_wind_radius_nm_sw": "    0",
    "max_wind_radius_nm": " -999"
  },
  {
    "date": "20130725",
    "time_utc": " 1200",
    "record": "  ",
    "status": " TS",
    "lat": " 15.7N",
    "lng": "  35.5W",
    "max_wind_kt": "  50",
    "min_pressure_mb": " 1002",
    "34kt_wind_radius_nm_ne": "   50",
    "34kt_wind_radius_nm_se": "   30",
    "34kt_wind_radius_nm_nw": "   20",
    "34kt_wind_radius_nm_sw": "   40",
    "50kt_wind_radius_nm_ne": "   20",
    "50kt_wind_radius_nm_se": "    0",
    "50kt_wind_radius_nm_nw": "    0",
    "50kt_wind_radius_nm_sw": "    0",
    "64kt_wind_radius_nm_ne": "    0",
    "64kt_wind_radius_nm_se": "    0",
    "64kt_wind_radius_nm_nw": "    0",
    "64kt_wind_radius_nm_sw": "    0",
    "max_wind_radius_nm": " -999"
  },
  {
    "date": "20130725",
    "time_utc": " 1800",
    "record": "  ",
    "status": " TS",
    "lat": " 16.0N",
    "lng": "  37.1W",
    "max_wind_kt": "  50",
    "min_pressure_mb": " 1003",
    "34kt_wind_radius_nm_ne": "   50",
    "34kt_wind_radius_nm_se": "   30",
    "34kt_wind_radius_nm_nw": "   20",
    "34kt_wind_radius_nm_sw": "   40",
    "50kt_wind_radius_nm_ne": "   20",
    "50kt_wind_radius_nm_se": "    0",
    "50kt_wind_radius_nm_nw": "    0",
    "50kt_wind_radius_nm_sw": "    0",
    "64kt_wind_radius_nm_ne": "    0",
    "64kt_wind_radius_nm_se": "    0",
    "64kt_wind_radius_nm_nw": "    0",
    "64kt_wind_radius_nm_sw": "    0",
    "max_wind_radius_nm": " -999"
  },
  {
    "date": "20130726",
    "time_utc": " 0000",
    "record": "  ",
    "status": " TS",
    "lat": " 16.4N",
    "lng": "  38.7W",
    "max_wind_kt": "  45",
    "min_pressure_mb": " 1005",
    "34kt_wind_radius_nm_ne": "   50",
    "34kt_wind_radius_nm_se": "   30",
    "34kt_wind_radius_nm_nw": "   20",
    "34kt_wind_radius_nm_sw": "   40",
    "50kt_wind_radius_nm_ne": "    0",
    "50kt_wind_radius_nm_se": "    0",
    "50kt_wind_radius_nm_nw": "    0",
    "50kt_wind_radius_nm_sw": "    0",
    "64kt_wind_radius_nm_ne": "    0",
    "64kt_wind_radius_nm_se": "    0",
    "64kt_wind_radius_nm_nw": "    0",
    "64kt_wind_radius_nm_sw": "    0",
    "max_wind_radius_nm": " -999"
  },
  {
    "date": "20130726",
    "time_utc": " 0600",
    "record": "  ",
    "status": " TS",
    "lat": " 16.9N",
    "lng": "  40.7W",
    "max_wind_kt": "  45",
    "min_pressure_mb": " 1006",
    "34kt_wind_radius_nm_ne": "   50",
    "34kt_wind_radius_nm_se": "   30",
    "34kt_wind_radius_nm_nw": "    0",
    "34kt_wind_radius_nm_sw": "   40",
    "50kt_wind_radius_nm_ne": "    0",
    "50kt_wind_radius_nm_se": "    0",
    "50kt_wind_radius_nm_nw": "    0",
    "50kt_wind_radius_nm_sw": "    0",
    "64kt_wind_radius_nm_ne": "    0",
    "64kt_wind_radius_nm_se": "    0",
    "64kt_wind_radius_nm_nw": "    0",
    "64kt_wind_radius_nm_sw": "    0",
    "max_wind_radius_nm": " -999"
  },
  {
    "date": "20130726",
    "time_utc": " 1200",
    "record": "  ",
    "status": " TS",
    "lat": " 17.3N",
    "lng": "  42.8W",
    "max_wind_kt": "  45",
    "min_pressure_mb": " 1008",
    "34kt_wind_radius_nm_ne": "   50",
    "34kt_wind_radius_nm_se": "    0",
    "34kt_wind_radius_nm_nw": "    0",
    "34kt_wind_radius_nm_sw": "   50",
    "50kt_wind_radius_nm_ne": "    0",
    "50kt_wind_radius_nm_se": "    0",
    "50kt_wind_radius_nm_nw": "    0",
    "50kt_wind_radius_nm_sw": "    0",
    "64kt_wind_radius_nm_ne": "    0",
    "64kt_wind_radius_nm_se": "    0",
    "64kt_wind_radius_nm_nw": "    0",
    "64kt_wind_radius_nm_sw": "    0",
    "max_wind_radius_nm": " -999"
  },
  {
    "date": "20130726",
    "time_utc": " 1800",
    "record": "  ",
    "status": " TS",
    "lat": " 17.6N",
    "lng": "  45.0W",
    "max_wind_kt": "  40",
    "min_pressure_mb": " 1010",
    "34kt_wind_radius_nm_ne": "   50",
    "34kt_wind_radius_nm_se": "    0",
    "34kt_wind_radius_nm_nw": "    0",
    "34kt_wind_radius_nm_sw": "   50",
    "50kt_wind_radius_nm_ne": "    0",
    "50kt_wind_radius_nm_se": "    0",
    "50kt_wind_radius_nm_nw": "    0",
    "50kt_wind_radius_nm_sw": "    0",
    "64kt_wind_radius_nm_ne": "    0",
    "64kt_wind_radius_nm_se": "    0",
    "64kt_wind_radius_nm_nw": "    0",
    "64kt_wind_radius_nm_sw": "    0",
    "max_wind_radius_nm": " -999"
  },
  {
    "date": "20130727",
    "time_utc": " 0000",
    "record": "  ",
    "status": " TS",
    "lat": " 17.8N",
    "lng": "  47.1W",
    "max_wind_kt": "  35",
    "min_pressure_mb": " 1012",
    "34kt_wind_radius_nm_ne": "   50",
    "34kt_wind_radius_nm_se": "    0",
    "34kt_wind_radius_nm_nw": "    0",
    "34kt_wind_radius_nm_sw": "   50",
    "50kt_wind_radius_nm_ne": "    0",
    "50kt_wind_radius_nm_se": "    0",
    "50kt_wind_radius_nm_nw": "    0",
    "50kt_wind_radius_nm_sw": "    0",
    "64kt_wind_radius_nm_ne": "    0",
    "64kt_wind_radius_nm_se": "    0",
    "64kt_wind_radius_nm_nw": "    0",
    "64kt_wind_radius_nm_sw": "    0",
    "max_wind_radius_nm": " -999"
  },
  {
    "date": "20130727",
    "time_utc": " 0600",
    "record": "  ",
    "status": " TS",
    "lat": " 18.0N",
    "lng": "  49.2W",
    "max_wind_kt": "  35",
    "min_pressure_mb": " 1012",
    "34kt_wind_radius_nm_ne": "   50",
    "34kt_wind_radius_nm_se": "    0",
    "34kt_wind_radius_nm_nw": "    0",
    "34kt_wind_radius_nm_sw": "   50",
    "50kt_wind_radius_nm_ne": "    0",
    "50kt_wind_radius_nm_se": "    0",
    "50kt_wind_radius_nm_nw": "    0",
    "50kt_wind_radius_nm_sw": "    0",
    "64kt_wind_radius_nm_ne": "    0",
    "64kt_wind_radius_nm_se": "    0",
    "64kt_wind_radius_nm_nw": "    0",
    "64kt_wind_radius_nm_sw": "    0",
    "max_wind_radius_nm": " -999"
  },
  {
    "date": "20130727",
    "time_utc": " 1200",
    "record": "  ",
    "status": " TS",
    "lat": " 18.3N",
    "lng": "  51.1W",
    "max_wind_kt": "  35",
    "min_pressure_mb": " 1012",
    "34kt_wind_radius_nm_ne": "   60",
    "34kt_wind_radius_nm_se": "    0",
    "34kt_wind_radius_nm_nw": "    0",
    "34kt_wind_radius_nm_sw": "   60",
    "50kt_wind_radius_nm_ne": "    0",
    "50kt_wind_radius_nm_se": "    0",
    "50kt_wind_radius_nm_nw": "    0",
    "50kt_wind_radius_nm_sw": "    0",
    "64kt_wind_radius_nm_ne": "    0",
    "64kt_wind_radius_nm_se": "    0",
    "64kt_wind_radius_nm_nw": "    0",
    "64kt_wind_radius_nm_sw": "    0",
    "max_wind_radius_nm": " -999"
  },
  {
    "date": "20130727",
    "time_utc": " 1800",
    "record": "  ",
    "status": " DB",
    "lat": " 18.6N",
    "lng": "  53.0W",
    "max_wind_kt": "  35",
    "min_pressure_mb": " 1012",
    "34kt_wind_radius_nm_ne": "   60",
    "34kt_wind_radius_nm_se": "    0",
    "34kt_wind_radius_nm_nw": "    0",
    "34kt_wind_radius_nm_sw": "   60",
    "50kt_wind_radius_nm_ne": "    0",
    "50kt_wind_radius_nm_se": "    0",
    "50kt_wind_radius_nm_nw": "    0",
    "50kt_wind_radius_nm_sw": "    0",
    "64kt_wind_radius_nm_ne": "    0",
    "64kt_wind_radius_nm_se": "    0",
    "64kt_wind_radius_nm_nw": "    0",
    "64kt_wind_radius_nm_sw": "    0",
    "max_wind_radius_nm": " -999"
  },
  {
    "date": "20130728",
    "time_utc": " 0000",
    "record": "  ",
    "status": " DB",
    "lat": " 19.0N",
    "lng": "  54.9W",
    "max_wind_kt": "  35",
    "min_pressure_mb": " 1012",
    "34kt_wind_radius_nm_ne": "   60",
    "34kt_wind_radius_nm_se": "    0",
    "34kt_wind_radius_nm_nw": "    0",
    "34kt_wind_radius_nm_sw": "   60",
    "50kt_wind_radius_nm_ne": "    0",
    "50kt_wind_radius_nm_se": "    0",
    "50kt_wind_radius_nm_nw": "    0",
    "50kt_wind_radius_nm_sw": "    0",
    "64kt_wind_radius_nm_ne": "    0",
    "64kt_wind_radius_nm_se": "    0",
    "64kt_wind_radius_nm_nw": "    0",
    "64kt_wind_radius_nm_sw": "    0",
    "max_wind_radius_nm": " -999"
  },
  {
    "date": "20130728",
    "time_utc": " 0600",
    "record": "  ",
    "status": " DB",
    "lat": " 19.4N",
    "lng": "  56.8W",
    "max_wind_kt": "  35",
    "min_pressure_mb": " 1013",
    "34kt_wind_radius_nm_ne": "   60",
    "34kt_wind_radius_nm_se": "    0",
    "34kt_wind_radius_nm_nw": "    0",
    "34kt_wind_radius_nm_sw": "   60",
    "50kt_wind_radius_nm_ne": "    0",
    "50kt_wind_radius_nm_se": "    0",
    "50kt_wind_radius_nm_nw": "    0",
    "50kt_wind_radius_nm_sw": "    0",
    "64kt_wind_radius_nm_ne": "    0",
    "64kt_wind_radius_nm_se": "    0",
    "64kt_wind_radius_nm_nw": "    0",
    "64kt_wind_radius_nm_sw": "    0",
    "max_wind_radius_nm": " -999"
  },
  {
    "date": "20130728",
    "time_utc": " 1200",
    "record": "  ",
    "status": " DB",
    "lat": " 19.8N",
    "lng": "  58.6W",
    "max_wind_kt": "  35",
    "min_pressure_mb": " 1013",
    "34kt_wind_radius_nm_ne": "   60",
    "34kt_wind_radius_nm_se": "    0",
    "34kt_wind_radius_nm_nw": "    0",
    "34kt_wind_radius_nm_sw": "   60",
    "50kt_wind_radius_nm_ne": "    0",
    "50kt_wind_radius_nm_se": "    0",
    "50kt_wind_radius_nm_nw": "    0",
    "50kt_wind_radius_nm_sw": "    0",
    "64kt_wind_radius_nm_ne": "    0",
    "64kt_wind_radius_nm_se": "    0",
    "64kt_wind_radius_nm_nw": "    0",
    "64kt_wind_radius_nm_sw": "    0",
    "max_wind_radius_nm": " -999"
  },
  {
    "date": "20130728",
    "time_utc": " 1800",
    "record": "  ",
    "status": " DB",
    "lat": " 20.1N",
    "lng": "  60.3W",
    "max_wind_kt": "  30",
    "min_pressure_mb": " 1013",
    "34kt_wind_radius_nm_ne": "    0",
    "34kt_wind_radius_nm_se": "    0",
    "34kt_wind_radius_nm_nw": "    0",
    "34kt_wind_radius_nm_sw": "    0",
    "50kt_wind_radius_nm_ne": "    0",
    "50kt_wind_radius_nm_se": "    0",
    "50kt_wind_radius_nm_nw": "    0",
    "50kt_wind_radius_nm_sw": "    0",
    "64kt_wind_radius_nm_ne": "    0",
    "64kt_wind_radius_nm_se": "    0",
    "64kt_wind_radius_nm_nw": "    0",
    "64kt_wind_radius_nm_sw": "    0",
    "max_wind_radius_nm": " -999"
  },
  {
    "date": "20130729",
    "time_utc": " 0000",
    "record": "  ",
    "status": " DB",
    "lat": " 20.4N",
    "lng": "  62.0W",
    "max_wind_kt": "  25",
    "min_pressure_mb": " 1014",
    "34kt_wind_radius_nm_ne": "    0",
    "34kt_wind_radius_nm_se": "    0",
    "34kt_wind_radius_nm_nw": "    0",
    "34kt_wind_radius_nm_sw": "    0",
    "50kt_wind_radius_nm_ne": "    0",
    "50kt_wind_radius_nm_se": "    0",
    "50kt_wind_radius_nm_nw": "    0",
    "50kt_wind_radius_nm_sw": "    0",
    "64kt_wind_radius_nm_ne": "    0",
    "64kt_wind_radius_nm_se": "    0",
    "64kt_wind_radius_nm_nw": "    0",
    "64kt_wind_radius_nm_sw": "    0",
    "max_wind_radius_nm": " -999"
  },
  {
    "date": "20130729",
    "time_utc": " 0600",
    "record": "  ",
    "status": " DB",
    "lat": " 20.6N",
    "lng": "  63.7W",
    "max_wind_kt": "  25",
    "min_pressure_mb": " 1014",
    "34kt_wind_radius_nm_ne": "    0",
    "34kt_wind_radius_nm_se": "    0",
    "34kt_wind_radius_nm_nw": "    0",
    "34kt_wind_radius_nm_sw": "    0",
    "50kt_wind_radius_nm_ne": "    0",
    "50kt_wind_radius_nm_se": "    0",
    "50kt_wind_radius_nm_nw": "    0",
    "50kt_wind_radius_nm_sw": "    0",
    "64kt_wind_radius_nm_ne": "    0",
    "64kt_wind_radius_nm_se": "    0",
    "64kt_wind_radius_nm_nw": "    0",
    "64kt_wind_radius_nm_sw": "    0",
    "max_wind_radius_nm": " -999"
  },
  {
    "date": "20130729",
    "time_utc": " 1200",
    "record": "  ",
    "status": " DB",
    "lat": " 20.8N",
    "lng": "  65.3W",
    "max_wind_kt": "  25",
    "min_pressure_mb": " 1015",
    "34kt_wind_radius_nm_ne": "    0",
    "34kt_wind_radius_nm_se": "    0",
    "34kt_wind_radius_nm_nw": "    0",
    "34kt_wind_radius_nm_sw": "    0",
    "50kt_wind_radius_nm_ne": "    0",
    "50kt_wind_radius_nm_se": "    0",
    "50kt_wind_radius_nm_nw": "    0",
    "50kt_wind_radius_nm_sw": "    0",
    "64kt_wind_radius_nm_ne": "    0",
    "64kt_wind_radius_nm_se": "    0",
    "64kt_wind_radius_nm_nw": "    0",
    "64kt_wind_radius_nm_sw": "    0",
    "max_wind_radius_nm": " -999"
  },
  {
    "date": "20130729",
    "time_utc": " 1800",
    "record": "  ",
    "status": " DB",
    "lat": " 21.0N",
    "lng": "  66.9W",
    "max_wind_kt": "  25",
    "min_pressure_mb": " 1015",
    "34kt_wind_radius_nm_ne": "    0",
    "34kt_wind_radius_nm_se": "    0",
    "34kt_wind_radius_nm_nw": "    0",
    "34kt_wind_radius_nm_sw": "    0",
    "50kt_wind_radius_nm_ne": "    0",
    "50kt_wind_radius_nm_se": "    0",
    "50kt_wind_radius_nm_nw": "    0",
    "50kt_wind_radius_nm_sw": "    0",
    "64kt_wind_radius_nm_ne": "    0",
    "64kt_wind_radius_nm_se": "    0",
    "64kt_wind_radius_nm_nw": "    0",
    "64kt_wind_radius_nm_sw": "    0",
    "max_wind_radius_nm": " -999"
  },
  {
    "date": "20130730",
    "time_utc": " 0000",
    "record": "  ",
    "status": " DB",
    "lat": " 21.3N",
    "lng": "  68.5W",
    "max_wind_kt": "  25",
    "min_pressure_mb": " 1015",
    "34kt_wind_radius_nm_ne": "    0",
    "34kt_wind_radius_nm_se": "    0",
    "34kt_wind_radius_nm_nw": "    0",
    "34kt_wind_radius_nm_sw": "    0",
    "50kt_wind_radius_nm_ne": "    0",
    "50kt_wind_radius_nm_se": "    0",
    "50kt_wind_radius_nm_nw": "    0",
    "50kt_wind_radius_nm_sw": "    0",
    "64kt_wind_radius_nm_ne": "    0",
    "64kt_wind_radius_nm_se": "    0",
    "64kt_wind_radius_nm_nw": "    0",
    "64kt_wind_radius_nm_sw": "    0",
    "max_wind_radius_nm": " -999"
  },
  {
    "date": "20130730",
    "time_utc": " 0600",
    "record": "  ",
    "status": " DB",
    "lat": " 21.5N",
    "lng": "  69.8W",
    "max_wind_kt": "  25",
    "min_pressure_mb": " 1015",
    "34kt_wind_radius_nm_ne": "    0",
    "34kt_wind_radius_nm_se": "    0",
    "34kt_wind_radius_nm_nw": "    0",
    "34kt_wind_radius_nm_sw": "    0",
    "50kt_wind_radius_nm_ne": "    0",
    "50kt_wind_radius_nm_se": "    0",
    "50kt_wind_radius_nm_nw": "    0",
    "50kt_wind_radius_nm_sw": "    0",
    "64kt_wind_radius_nm_ne": "    0",
    "64kt_wind_radius_nm_se": "    0",
    "64kt_wind_radius_nm_nw": "    0",
    "64kt_wind_radius_nm_sw": "    0",
    "max_wind_radius_nm": " -999"
  },
  {
    "date": "20130730",
    "time_utc": " 1200",
    "record": "  ",
    "status": " DB",
    "lat": " 21.7N",
    "lng": "  71.0W",
    "max_wind_kt": "  25",
    "min_pressure_mb": " 1015",
    "34kt_wind_radius_nm_ne": "    0",
    "34kt_wind_radius_nm_se": "    0",
    "34kt_wind_radius_nm_nw": "    0",
    "34kt_wind_radius_nm_sw": "    0",
    "50kt_wind_radius_nm_ne": "    0",
    "50kt_wind_radius_nm_se": "    0",
    "50kt_wind_radius_nm_nw": "    0",
    "50kt_wind_radius_nm_sw": "    0",
    "64kt_wind_radius_nm_ne": "    0",
    "64kt_wind_radius_nm_se": "    0",
    "64kt_wind_radius_nm_nw": "    0",
    "64kt_wind_radius_nm_sw": "    0",
    "max_wind_radius_nm": " -999"
  },
  {
    "date": "20130730",
    "time_utc": " 1800",
    "record": "  ",
    "status": " DB",
    "lat": " 21.9N",
    "lng": "  72.2W",
    "max_wind_kt": "  25",
    "min_pressure_mb": " 1015",
    "34kt_wind_radius_nm_ne": "    0",
    "34kt_wind_radius_nm_se": "    0",
    "34kt_wind_radius_nm_nw": "    0",
    "34kt_wind_radius_nm_sw": "    0",
    "50kt_wind_radius_nm_ne": "    0",
    "50kt_wind_radius_nm_se": "    0",
    "50kt_wind_radius_nm_nw": "    0",
    "50kt_wind_radius_nm_sw": "    0",
    "64kt_wind_radius_nm_ne": "    0",
    "64kt_wind_radius_nm_se": "    0",
    "64kt_wind_radius_nm_nw": "    0",
    "64kt_wind_radius_nm_sw": "    0",
    "max_wind_radius_nm": " -999"
  },
  {
    "date": "20130731",
    "time_utc": " 0000",
    "record": "  ",
    "status": " DB",
    "lat": " 22.1N",
    "lng": "  73.3W",
    "max_wind_kt": "  25",
    "min_pressure_mb": " 1015",
    "34kt_wind_radius_nm_ne": "    0",
    "34kt_wind_radius_nm_se": "    0",
    "34kt_wind_radius_nm_nw": "    0",
    "34kt_wind_radius_nm_sw": "    0",
    "50kt_wind_radius_nm_ne": "    0",
    "50kt_wind_radius_nm_se": "    0",
    "50kt_wind_radius_nm_nw": "    0",
    "50kt_wind_radius_nm_sw": "    0",
    "64kt_wind_radius_nm_ne": "    0",
    "64kt_wind_radius_nm_se": "    0",
    "64kt_wind_radius_nm_nw": "    0",
    "64kt_wind_radius_nm_sw": "    0",
    "max_wind_radius_nm": " -999"
  },
  {
    "date": "20130731",
    "time_utc": " 0600",
    "record": "  ",
    "status": " DB",
    "lat": " 22.4N",
    "lng": "  74.4W",
    "max_wind_kt": "  25",
    "min_pressure_mb": " 1015",
    "34kt_wind_radius_nm_ne": "    0",
    "34kt_wind_radius_nm_se": "    0",
    "34kt_wind_radius_nm_nw": "    0",
    "34kt_wind_radius_nm_sw": "    0",
    "50kt_wind_radius_nm_ne": "    0",
    "50kt_wind_radius_nm_se": "    0",
    "50kt_wind_radius_nm_nw": "    0",
    "50kt_wind_radius_nm_sw": "    0",
    "64kt_wind_radius_nm_ne": "    0",
    "64kt_wind_radius_nm_se": "    0",
    "64kt_wind_radius_nm_nw": "    0",
    "64kt_wind_radius_nm_sw": "    0",
    "max_wind_radius_nm": " -999"
  },
  {
    "date": "20130731",
    "time_utc": " 1200",
    "record": "  ",
    "status": " DB",
    "lat": " 22.6N",
    "lng": "  75.3W",
    "max_wind_kt": "  25",
    "min_pressure_mb": " 1015",
    "34kt_wind_radius_nm_ne": "    0",
    "34kt_wind_radius_nm_se": "    0",
    "34kt_wind_radius_nm_nw": "    0",
    "34kt_wind_radius_nm_sw": "    0",
    "50kt_wind_radius_nm_ne": "    0",
    "50kt_wind_radius_nm_se": "    0",
    "50kt_wind_radius_nm_nw": "    0",
    "50kt_wind_radius_nm_sw": "    0",
    "64kt_wind_radius_nm_ne": "    0",
    "64kt_wind_radius_nm_se": "    0",
    "64kt_wind_radius_nm_nw": "    0",
    "64kt_wind_radius_nm_sw": "    0",
    "max_wind_radius_nm": " -999"
  },
  {
    "date": "20130731",
    "time_utc": " 1800",
    "record": "  ",
    "status": " DB",
    "lat": " 22.8N",
    "lng": "  75.9W",
    "max_wind_kt": "  25",
    "min_pressure_mb": " 1015",
    "34kt_wind_radius_nm_ne": "    0",
    "34kt_wind_radius_nm_se": "    0",
    "34kt_wind_radius_nm_nw": "    0",
    "34kt_wind_radius_nm_sw": "    0",
    "50kt_wind_radius_nm_ne": "    0",
    "50kt_wind_radius_nm_se": "    0",
    "50kt_wind_radius_nm_nw": "    0",
    "50kt_wind_radius_nm_sw": "    0",
    "64kt_wind_radius_nm_ne": "    0",
    "64kt_wind_radius_nm_se": "    0",
    "64kt_wind_radius_nm_nw": "    0",
    "64kt_wind_radius_nm_sw": "    0",
    "max_wind_radius_nm": " -999"
  },
  {
    "date": "20130801",
    "time_utc": " 0000",
    "record": "  ",
    "status": " DB",
    "lat": " 23.0N",
    "lng": "  76.5W",
    "max_wind_kt": "  25",
    "min_pressure_mb": " 1014",
    "34kt_wind_radius_nm_ne": "    0",
    "34kt_wind_radius_nm_se": "    0",
    "34kt_wind_radius_nm_nw": "    0",
    "34kt_wind_radius_nm_sw": "    0",
    "50kt_wind_radius_nm_ne": "    0",
    "50kt_wind_radius_nm_se": "    0",
    "50kt_wind_radius_nm_nw": "    0",
    "50kt_wind_radius_nm_sw": "    0",
    "64kt_wind_radius_nm_ne": "    0",
    "64kt_wind_radius_nm_se": "    0",
    "64kt_wind_radius_nm_nw": "    0",
    "64kt_wind_radius_nm_sw": "    0",
    "max_wind_radius_nm": " -999"
  },
  {
    "date": "20130801",
    "time_utc": " 0600",
    "record": "  ",
    "status": " DB",
    "lat": " 23.3N",
    "lng": "  77.0W",
    "max_wind_kt": "  25",
    "min_pressure_mb": " 1013",
    "34kt_wind_radius_nm_ne": "    0",
    "34kt_wind_radius_nm_se": "    0",
    "34kt_wind_radius_nm_nw": "    0",
    "34kt_wind_radius_nm_sw": "    0",
    "50kt_wind_radius_nm_ne": "    0",
    "50kt_wind_radius_nm_se": "    0",
    "50kt_wind_radius_nm_nw": "    0",
    "50kt_wind_radius_nm_sw": "    0",
    "64kt_wind_radius_nm_ne": "    0",
    "64kt_wind_radius_nm_se": "    0",
    "64kt_wind_radius_nm_nw": "    0",
    "64kt_wind_radius_nm_sw": "    0",
    "max_wind_radius_nm": " -999"
  },
  {
    "date": "20130801",
    "time_utc": " 1200",
    "record": "  ",
    "status": " DB",
    "lat": " 23.7N",
    "lng": "  77.7W",
    "max_wind_kt": "  25",
    "min_pressure_mb": " 1013",
    "34kt_wind_radius_nm_ne": "    0",
    "34kt_wind_radius_nm_se": "    0",
    "34kt_wind_radius_nm_nw": "    0",
    "34kt_wind_radius_nm_sw": "    0",
    "50kt_wind_radius_nm_ne": "    0",
    "50kt_wind_radius_nm_se": "    0",
    "50kt_wind_radius_nm_nw": "    0",
    "50kt_wind_radius_nm_sw": "    0",
    "64kt_wind_radius_nm_ne": "    0",
    "64kt_wind_radius_nm_se": "    0",
    "64kt_wind_radius_nm_nw": "    0",
    "64kt_wind_radius_nm_sw": "    0",
    "max_wind_radius_nm": " -999"
  },
  {
    "date": "20130801",
    "time_utc": " 1800",
    "record": "  ",
    "status": " DB",
    "lat": " 24.2N",
    "lng": "  78.4W",
    "max_wind_kt": "  25",
    "min_pressure_mb": " 1013",
    "34kt_wind_radius_nm_ne": "    0",
    "34kt_wind_radius_nm_se": "    0",
    "34kt_wind_radius_nm_nw": "    0",
    "34kt_wind_radius_nm_sw": "    0",
    "50kt_wind_radius_nm_ne": "    0",
    "50kt_wind_radius_nm_se": "    0",
    "50kt_wind_radius_nm_nw": "    0",
    "50kt_wind_radius_nm_sw": "    0",
    "64kt_wind_radius_nm_ne": "    0",
    "64kt_wind_radius_nm_se": "    0",
    "64kt_wind_radius_nm_nw": "    0",
    "64kt_wind_radius_nm_sw": "    0",
    "max_wind_radius_nm": " -999"
  },
  {
    "date": "20130802",
    "time_utc": " 0000",
    "record": "  ",
    "status": " DB",
    "lat": " 24.9N",
    "lng": "  79.0W",
    "max_wind_kt": "  25",
    "min_pressure_mb": " 1013",
    "34kt_wind_radius_nm_ne": "    0",
    "34kt_wind_radius_nm_se": "    0",
    "34kt_wind_radius_nm_nw": "    0",
    "34kt_wind_radius_nm_sw": "    0",
    "50kt_wind_radius_nm_ne": "    0",
    "50kt_wind_radius_nm_se": "    0",
    "50kt_wind_radius_nm_nw": "    0",
    "50kt_wind_radius_nm_sw": "    0",
    "64kt_wind_radius_nm_ne": "    0",
    "64kt_wind_radius_nm_se": "    0",
    "64kt_wind_radius_nm_nw": "    0",
    "64kt_wind_radius_nm_sw": "    0",
    "max_wind_radius_nm": " -999"
  },
  {
    "date": "20130802",
    "time_utc": " 0600",
    "record": "  ",
    "status": " DB",
    "lat": " 25.7N",
    "lng": "  79.3W",
    "max_wind_kt": "  25",
    "min_pressure_mb": " 1013",
    "34kt_wind_radius_nm_ne": "    0",
    "34kt_wind_radius_nm_se": "    0",
    "34kt_wind_radius_nm_nw": "    0",
    "34kt_wind_radius_nm_sw": "    0",
    "50kt_wind_radius_nm_ne": "    0",
    "50kt_wind_radius_nm_se": "    0",
    "50kt_wind_radius_nm_nw": "    0",
    "50kt_wind_radius_nm_sw": "    0",
    "64kt_wind_radius_nm_ne": "    0",
    "64kt_wind_radius_nm_se": "    0",
    "64kt_wind_radius_nm_nw": "    0",
    "64kt_wind_radius_nm_sw": "    0",
    "max_wind_radius_nm": " -999"
  },
  {
    "date": "20130802",
    "time_utc": " 1200",
    "record": "  ",
    "status": " DB",
    "lat": " 26.5N",
    "lng": "  79.4W",
    "max_wind_kt": "  25",
    "min_pressure_mb": " 1013",
    "34kt_wind_radius_nm_ne": "    0",
    "34kt_wind_radius_nm_se": "    0",
    "34kt_wind_radius_nm_nw": "    0",
    "34kt_wind_radius_nm_sw": "    0",
    "50kt_wind_radius_nm_ne": "    0",
    "50kt_wind_radius_nm_se": "    0",
    "50kt_wind_radius_nm_nw": "    0",
    "50kt_wind_radius_nm_sw": "    0",
    "64kt_wind_radius_nm_ne": "    0",
    "64kt_wind_radius_nm_se": "    0",
    "64kt_wind_radius_nm_nw": "    0",
    "64kt_wind_radius_nm_sw": "    0",
    "max_wind_radius_nm": " -999"
  },
  {
    "date": "20130802",
    "time_utc": " 1800",
    "record": "  ",
    "status": " TD",
    "lat": " 27.4N",
    "lng": "  79.4W",
    "max_wind_kt": "  25",
    "min_pressure_mb": " 1013",
    "34kt_wind_radius_nm_ne": "    0",
    "34kt_wind_radius_nm_se": "    0",
    "34kt_wind_radius_nm_nw": "    0",
    "34kt_wind_radius_nm_sw": "    0",
    "50kt_wind_radius_nm_ne": "    0",
    "50kt_wind_radius_nm_se": "    0",
    "50kt_wind_radius_nm_nw": "    0",
    "50kt_wind_radius_nm_sw": "    0",
    "64kt_wind_radius_nm_ne": "    0",
    "64kt_wind_radius_nm_se": "    0",
    "64kt_wind_radius_nm_nw": "    0",
    "64kt_wind_radius_nm_sw": "    0",
    "max_wind_radius_nm": " -999"
  },
  {
    "date": "20130803",
    "time_utc": " 0000",
    "record": "  ",
    "status": " TD",
    "lat": " 28.4N",
    "lng": "  79.3W",
    "max_wind_kt": "  30",
    "min_pressure_mb": " 1013",
    "34kt_wind_radius_nm_ne": "    0",
    "34kt_wind_radius_nm_se": "    0",
    "34kt_wind_radius_nm_nw": "    0",
    "34kt_wind_radius_nm_sw": "    0",
    "50kt_wind_radius_nm_ne": "    0",
    "50kt_wind_radius_nm_se": "    0",
    "50kt_wind_radius_nm_nw": "    0",
    "50kt_wind_radius_nm_sw": "    0",
    "64kt_wind_radius_nm_ne": "    0",
    "64kt_wind_radius_nm_se": "    0",
    "64kt_wind_radius_nm_nw": "    0",
    "64kt_wind_radius_nm_sw": "    0",
    "max_wind_radius_nm": " -999"
  },
  {
    "date": "20130803",
    "time_utc": " 0600",
    "record": "  ",
    "status": " TD",
    "lat": " 29.4N",
    "lng": "  79.1W",
    "max_wind_kt": "  30",
    "min_pressure_mb": " 1013",
    "34kt_wind_radius_nm_ne": "    0",
    "34kt_wind_radius_nm_se": "    0",
    "34kt_wind_radius_nm_nw": "    0",
    "34kt_wind_radius_nm_sw": "    0",
    "50kt_wind_radius_nm_ne": "    0",
    "50kt_wind_radius_nm_se": "    0",
    "50kt_wind_radius_nm_nw": "    0",
    "50kt_wind_radius_nm_sw": "    0",
    "64kt_wind_radius_nm_ne": "    0",
    "64kt_wind_radius_nm_se": "    0",
    "64kt_wind_radius_nm_nw": "    0",
    "64kt_wind_radius_nm_sw": "    0",
    "max_wind_radius_nm": " -999"
  },
  {
    "date": "20130803",
    "time_utc": " 1200",
    "record": "  ",
    "status": " TD",
    "lat": " 30.3N",
    "lng": "  78.8W",
    "max_wind_kt": "  30",
    "min_pressure_mb": " 1013",
    "34kt_wind_radius_nm_ne": "    0",
    "34kt_wind_radius_nm_se": "    0",
    "34kt_wind_radius_nm_nw": "    0",
    "34kt_wind_radius_nm_sw": "    0",
    "50kt_wind_radius_nm_ne": "    0",
    "50kt_wind_radius_nm_se": "    0",
    "50kt_wind_radius_nm_nw": "    0",
    "50kt_wind_radius_nm_sw": "    0",
    "64kt_wind_radius_nm_ne": "    0",
    "64kt_wind_radius_nm_se": "    0",
    "64kt_wind_radius_nm_nw": "    0",
    "64kt_wind_radius_nm_sw": "    0",
    "max_wind_radius_nm": " -999"
  },
  {
    "date": "20130803",
    "time_utc": " 1800",
    "record": "  ",
    "status": " LO",
    "lat": " 31.1N",
    "lng": "  78.1W",
    "max_wind_kt": "  30",
    "min_pressure_mb": " 1013",
    "34kt_wind_radius_nm_ne": "    0",
    "34kt_wind_radius_nm_se": "    0",
    "34kt_wind_radius_nm_nw": "    0",
    "34kt_wind_radius_nm_sw": "    0",
    "50kt_wind_radius_nm_ne": "    0",
    "50kt_wind_radius_nm_se": "    0",
    "50kt_wind_radius_nm_nw": "    0",
    "50kt_wind_radius_nm_sw": "    0",
    "64kt_wind_radius_nm_ne": "    0",
    "64kt_wind_radius_nm_se": "    0",
    "64kt_wind_radius_nm_nw": "    0",
    "64kt_wind_radius_nm_sw": "    0",
    "max_wind_radius_nm": " -999"
  },
  {
    "date": "20130804",
    "time_utc": " 0000",
    "record": "  ",
    "status": " LO",
    "lat": " 31.8N",
    "lng": "  77.2W",
    "max_wind_kt": "  30",
    "min_pressure_mb": " 1012",
    "34kt_wind_radius_nm_ne": "    0",
    "34kt_wind_radius_nm_se": "    0",
    "34kt_wind_radius_nm_nw": "    0",
    "34kt_wind_radius_nm_sw": "    0",
    "50kt_wind_radius_nm_ne": "    0",
    "50kt_wind_radius_nm_se": "    0",
    "50kt_wind_radius_nm_nw": "    0",
    "50kt_wind_radius_nm_sw": "    0",
    "64kt_wind_radius_nm_ne": "    0",
    "64kt_wind_radius_nm_se": "    0",
    "64kt_wind_radius_nm_nw": "    0",
    "64kt_wind_radius_nm_sw": "    0",
    "max_wind_radius_nm": " -999"
  },
  {
    "date": "20130804",
    "time_utc": " 0600",
    "record": "  ",
    "status": " LO",
    "lat": " 32.4N",
    "lng": "  75.6W",
    "max_wind_kt": "  30",
    "min_pressure_mb": " 1011",
    "34kt_wind_radius_nm_ne": "    0",
    "34kt_wind_radius_nm_se": "    0",
    "34kt_wind_radius_nm_nw": "    0",
    "34kt_wind_radius_nm_sw": "    0",
    "50kt_wind_radius_nm_ne": "    0",
    "50kt_wind_radius_nm_se": "    0",
    "50kt_wind_radius_nm_nw": "    0",
    "50kt_wind_radius_nm_sw": "    0",
    "64kt_wind_radius_nm_ne": "    0",
    "64kt_wind_radius_nm_se": "    0",
    "64kt_wind_radius_nm_nw": "    0",
    "64kt_wind_radius_nm_sw": "    0",
    "max_wind_radius_nm": " -999"
  }
]