[
  {
    "date": 20200728,
    "time_utc": 1200,
    "record": "",
    "status": "DB",
    "lat": "12.5N",
    "lng": "54.0W",
    "max_wind_kt": 35,
    "min_pressure_mb": 1007,
    "34kt_wind_radius_nm_ne": 200,
    "34kt_wind_radius_nm_se": 0,
    "34kt_wind_radius_nm_nw": 0,
    "34kt_wind_radius_nm_sw": 120,
    "50kt_wind_radius_nm_ne": 0,
    "50kt_wind_radius_nm_se": 0,
    "50kt_wind_radius_nm_nw": 0,
    "50kt_wind_radius_nm_sw": 0,
    "64kt_wind_radius_nm_ne": 0,
    "64kt_wind_radius_nm_se": 0,
    "64kt_wind_radius_nm_nw": 0,
    "64kt_wind_radius_nm_sw": 0,
    "max_wind_radius_nm": -999
  },
  {
    "date": 20200728,
    "time_utc": 1800,
    "record": "",
    "status": "DB",
    "lat": "13.2N",
    "lng": "56.4W",
    "max_wind_kt": 35,
    "min_pressure_mb": 1006,
    "34kt_wind_radius_nm_ne": 200,
    "34kt_wind_radius_nm_se": 0,
    "34kt_wind_radius_nm_nw": 0,
    "34kt_wind_radius_nm_sw": 120,
    "50kt_wind_radius_nm_ne": 0,
    "50kt_wind_radius_nm_se": 0,
    "50kt_wind_radius_nm_nw": 0,
    "50kt_wind_radius_nm_sw": 0,
    "64kt_wind_radius_nm_ne": 0,
    "64kt_wind_radius_nm_se": 0,
    "64kt_wind_radius_nm_nw": 0,
    "64kt_wind_radius_nm_sw": 0,
    "max_wind_radius_nm": -999
  },
  {
    "date": 20200729,
    "time_utc": 0,
    "record": "",
    "status": "DB",
    "lat": "14.1N",
    "lng": "58.3W",
    "max_wind_kt": 40,
    "min_pressure_mb": 1005,
    "34kt_wind_radius_nm_ne": 240,
    "34kt_wind_radius_nm_se": 0,
    "34kt_wind_radius_nm_nw": 0,
    "34kt_wind_radius_nm_sw": 120,
    "50kt_wind_radius_nm_ne": 0,
    "50kt_wind_radius_nm_se": 0,
    "50kt_wind_radius_nm_nw": 0,
    "50kt_wind_radius_nm_sw": 0,
    "64kt_wind_radius_nm_ne": 0,
    "64kt_wind_radius_nm_se": 0,
    "64kt_wind_radius_nm_nw": 0,
    "64kt_wind_radius_nm_sw": 0,
    "max_wind_radius_nm": -999
  },
  {
    "date": 20200729,
    "time_utc": 600,
    "record": "",
    "status": "DB",
    "lat": "14.8N",
    "lng": "60.3W",
    "max_wind_kt": 40,
    "min_pressure_mb": 1005,
    "34kt_wind_radius_nm_ne": 240,
    "34kt_wind_radius_nm_se": 0,
    "34kt_wind_radius_nm_nw": 0,
    "34kt_wind_radius_nm_sw": 120,
    "50kt_wind_radius_nm_ne": 0,
    "50kt_wind_radius_nm_se": 0,
    "50kt_wind_radius_nm_nw": 0,
    "50kt_wind_radius_nm_sw": 0,
    "64kt_wind_radius_nm_ne": 0,
    "64kt_wind_radius_nm_se": 0,
    "64kt_wind_radius_nm_nw": 0,
    "64kt_wind_radius_nm_sw": 0,
    "max_wind_radius_nm": -999
  },
  {
    "date": 20200729,
    "time_utc": 1200,
    "record": "",
    "status": "DB",
    "lat": "15.2N",
    "lng": "62.2W",
    "max_wind_kt": 40,
    "min_pressure_mb": 1005,
    "34kt_wind_radius_nm_ne": 240,
    "34kt_wind_radius_nm_se": 0,
    "34kt_wind_radius_nm_nw": 0,
    "34kt_wind_radius_nm_sw": 120,
    "50kt_wind_radius_nm_ne": 0,
    "50kt_wind_radius_nm_se": 0,
    "50kt_wind_radius_nm_nw": 0,
    "50kt_wind_radius_nm_sw": 0,
    "64kt_wind_radius_nm_ne": 0,
    "64kt_wind_radius_nm_se": 0,
    "64kt_wind_radius_nm_nw": 0,
    "64kt_wind_radius_nm_sw": 0,
    "max_wind_radius_nm": -999
  },
  {
    "date": 20200729,
    "time_utc": 1800,
    "record": "",
    "status": "DB",
    "lat": "15.3N",
    "lng": "64.0W",
    "max_wind_kt": 40,
    "min_pressure_mb": 1005,
    "34kt_wind_radius_nm_ne": 300,
    "34kt_wind_radius_nm_se": 0,
    "34kt_wind_radius_nm_nw": 0,
    "34kt_wind_radius_nm_sw": 120,
    "50kt_wind_radius_nm_ne": 0,
    "50kt_wind_radius_nm_se": 0,
    "50kt_wind_radius_nm_nw": 0,
    "50kt_wind_radius_nm_sw": 0,
    "64kt_wind_radius_nm_ne": 0,
    "64kt_wind_radius_nm_se": 0,
    "64kt_wind_radius_nm_nw": 0,
    "64kt_wind_radius_nm_sw": 0,
    "max_wind_radius_nm": -999
  },
  {
    "date": 20200730,
    "time_utc": 0,
    "record": "",
    "status": "TS",
    "lat": "15.8N",
    "lng": "65.7W",
    "max_wind_kt": 45,
    "min_pressure_mb": 1004,
    "34kt_wind_radius_nm_ne": 300,
    "34kt_wind_radius_nm_se": 0,
    "34kt_wind_radius_nm_nw": 0,
    "34kt_wind_radius_nm_sw": 180,
    "50kt_wind_radius_nm_ne": 0,
    "50kt_wind_radius_nm_se": 0,
    "50kt_wind_radius_nm_nw": 0,
    "50kt_wind_radius_nm_sw": 0,
    "64kt_wind_radius_nm_ne": 0,
    "64kt_wind_radius_nm_se": 0,
    "64kt_wind_radius_nm_nw": 0,
    "64kt_wind_radius_nm_sw": 0,
    "max_wind_radius_nm": -999
  },
  {
    "date": 20200730,
    "time_utc": 600,
    "record": "",
    "status": "TS",
    "lat": "16.7N",
    "lng": "67.2W",
    "max_wind_kt": 50,
    "min_pressure_mb": 1003,
    "34kt_wind_radius_nm_ne": 300,
    "34kt_wind_radius_nm_se": 60,
    "34kt_wind_radius_nm_nw": 0,
    "34kt_wind_radius_nm_sw": 180,
    "50kt_wind_radius_nm_ne": 80,
    "50kt_wind_radius_nm_se": 0,
    "50kt_wind_radius_nm_nw": 0,
    "50kt_wind_radius_nm_sw": 0,
    "64kt_wind_radius_nm_ne": 0,
    "64kt_wind_radius_nm_se": 0,
    "64kt_wind_radius_nm_nw": 0,
    "64kt_wind_radius_nm_sw": 0,
    "max_wind_radius_nm": -999
  },
  {
    "date": 20200730,
    "time_utc": 1200,
    "record": "",
    "status": "TS",
    "lat": "17.7N",
    "lng": "68.5W",
    "max_wind_kt": 55,
    "min_pressure_mb": 1002,
    "34kt_wind_radius_nm_ne": 270,
    "34kt_wind_radius_nm_se": 90,
    "34kt_wind_radius_nm_nw": 0,
    "34kt_wind_radius_nm_sw": 180,
    "50kt_wind_radius_nm_ne": 80,
    "50kt_wind_radius_nm_se": 0,
    "50kt_wind_radius_nm_nw": 0,
    "50kt_wind_radius_nm_sw": 0,
    "64kt_wind_radius_nm_ne": 0,
    "64kt_wind_radius_nm_se": 0,
    "64kt_wind_radius_nm_nw": 0,
    "64kt_wind_radius_nm_sw": 0,
    "max_wind_radius_nm": -999
  },
  {
    "date": 20200730,
    "time_utc": 1615,
    "record": "L",
    "status": "TS",
    "lat": "18.4N",
    "lng": "69.3W",
    "max_wind_kt": 55,
    "min_pressure_mb": 1002,
    "34kt_wind_radius_nm_ne": 270,
    "34kt_wind_radius_nm_se": 90,
    "34kt_wind_radius_nm_nw": 0,
    "34kt_wind_radius_nm_sw": 180,
    "50kt_wind_radius_nm_ne": 80,
    "50kt_wind_radius_nm_se": 0,
    "50kt_wind_radius_nm_nw": 0,
    "50kt_wind_radius_nm_sw": 0,
    "64kt_wind_radius_nm_ne": 0,
    "64kt_wind_radius_nm_se": 0,
    "64kt_wind_radius_nm_nw": 0,
    "64kt_wind_radius_nm_sw": 0,
    "max_wind_radius_nm": -999
  },
  {
    "date": 20200730,
    "time_utc": 1800,
    "record": "",
    "status": "TS",
    "lat": "18.9N",
    "lng": "69.8W",
    "max_wind_kt": 60,
    "min_pressure_mb": 999,
    "34kt_wind_radius_nm_ne": 210,
    "34kt_wind_radius_nm_se": 90,
    "34kt_wind_radius_nm_nw": 0,
    "34kt_wind_radius_nm_sw": 180,
    "50kt_wind_radius_nm_ne": 80,
    "50kt_wind_radius_nm_se": 0,
    "50kt_wind_radius_nm_nw": 0,
    "50kt_wind_radius_nm_sw": 0,
    "64kt_wind_radius_nm_ne": 0,
    "64kt_wind_radius_nm_se": 0,
    "64kt_wind_radius_nm_nw": 0,
    "64kt_wind_radius_nm_sw": 0,
    "max_wind_radius_nm": -999
  },
  {
    "date": 20200731,
    "time_utc": 0,
    "record": "",
    "status": "HU",
    "lat": "19.9N",
    "lng": "71.2W",
    "max_wind_kt": 65,
    "min_pressure_mb": 996,
    "34kt_wind_radius_nm_ne": 180,
    "34kt_wind_radius_nm_se": 90,
    "34kt_wind_radius_nm_nw": 30,
    "34kt_wind_radius_nm_sw": 150,
    "50kt_wind_radius_nm_ne": 80,
    "50kt_wind_radius_nm_se": 40,
    "50kt_wind_radius_nm_nw": 20,
    "50kt_wind_radius_nm_sw": 80,
    "64kt_wind_radius_nm_ne": 25,
    "64kt_wind_radius_nm_se": 0,
    "64kt_wind_radius_nm_nw": 0,
    "64kt_wind_radius_nm_sw": 0,
    "max_wind_radius_nm": -999
  },
  {
    "date": 20200731,
    "time_utc": 600,
    "record": "",
    "status": "HU",
    "lat": "20.5N",
    "lng": "72.7W",
    "max_wind_kt": 70,
    "min_pressure_mb": 990,
    "34kt_wind_radius_nm_ne": 180,
    "34kt_wind_radius_nm_se": 90,
    "34kt_wind_radius_nm_nw": 50,
    "34kt_wind_radius_nm_sw": 150,
    "50kt_wind_radius_nm_ne": 80,
    "50kt_wind_radius_nm_se": 40,
    "50kt_wind_radius_nm_nw": 30,
    "50kt_wind_radius_nm_sw": 80,
    "64kt_wind_radius_nm_ne": 40,
    "64kt_wind_radius_nm_se": 20,
    "64kt_wind_radius_nm_nw": 10,
    "64kt_wind_radius_nm_sw": 30,
    "max_wind_radius_nm": -999
  },
  {
    "date": 20200731,
    "time_utc": 900,
    "record": "L",
    "status": "HU",
    "lat": "20.9N",
    "lng": "73.4W",
    "max_wind_kt": 70,
    "min_pressure_mb": 990,
    "34kt_wind_radius_nm_ne": 180,
    "34kt_wind_radius_nm_se": 90,
    "34kt_wind_radius_nm_nw": 50,
    "34kt_wind_radius_nm_sw": 150,
    "50kt_wind_radius_nm_ne": 80,
    "50kt_wind_radius_nm_se": 40,
    "50kt_wind_radius_nm_nw": 30,
    "50kt_wind_radius_nm_sw": 80,
    "64kt_wind_radius_nm_ne": 40,
    "64kt_wind_radius_nm_se": 20,
    "64kt_wind_radius_nm_nw": 10,
    "64kt_wind_radius_nm_sw": 30,
    "max_wind_radius_nm": -999
  },
  {
    "date": 20200731,
    "time_utc": 1200,
    "record": "",
    "status": "HU",
    "lat": "21.3N",
    "lng": "74.0W",
    "max_wind_kt": 65,
    "min_pressure_mb": 992,
    "34kt_wind_radius_nm_ne": 180,
    "34kt_wind_radius_nm_se": 90,
    "34kt_wind_radius_nm_nw": 50,
    "34kt_wind_radius_nm_sw": 150,
    "50kt_wind_radius_nm_ne": 80,
    "50kt_wind_radius_nm_se": 40,
    "50kt_wind_radius_nm_nw": 30,
    "50kt_wind_radius_nm_sw": 70,
    "64kt_wind_radius_nm_ne": 30,
    "64kt_wind_radius_nm_se": 20,
    "64kt_wind_radius_nm_nw": 0,
    "64kt_wind_radius_nm_sw": 20,
    "max_wind_radius_nm": -999
  },
  {
    "date": 20200731,
    "time_utc": 1800,
    "record": "",
    "status": "HU",
    "lat": "22.1N",
    "lng": "75.1W",
    "max_wind_kt": 70,
    "min_pressure_mb": 990,
    "34kt_wind_radius_nm_ne": 150,
    "34kt_wind_radius_nm_se": 70,
    "34kt_wind_radius_nm_nw": 30,
    "34kt_wind_radius_nm_sw": 130,
    "50kt_wind_radius_nm_ne": 80,
    "50kt_wind_radius_nm_se": 30,
    "50kt_wind_radius_nm_nw": 0,
    "50kt_wind_radius_nm_sw": 50,
    "64kt_wind_radius_nm_ne": 30,
    "64kt_wind_radius_nm_se": 20,
    "64kt_wind_radius_nm_nw": 0,
    "64kt_wind_radius_nm_sw": 20,
    "max_wind_radius_nm": -999
  },
  {
    "date": 20200801,
    "time_utc": 0,
    "record": "",
    "status": "HU",
    "lat": "22.9N",
    "lng": "75.9W",
    "max_wind_kt": 75,
    "min_pressure_mb": 987,
    "34kt_wind_radius_nm_ne": 150,
    "34kt_wind_radius_nm_se": 70,
    "34kt_wind_radius_nm_nw": 30,
    "34kt_wind_radius_nm_sw": 130,
    "50kt_wind_radius_nm_ne": 80,
    "50kt_wind_radius_nm_se": 30,
    "50kt_wind_radius_nm_nw": 0,
    "50kt_wind_radius_nm_sw": 50,
    "64kt_wind_radius_nm_ne": 30,
    "64kt_wind_radius_nm_se": 20,
    "64kt_wind_radius_nm_nw": 0,
    "64kt_wind_radius_nm_sw": 20,
    "max_wind_radius_nm": -999
  },
  {
    "date": 20200801,
    "time_utc": 600,
    "record": "",
    "status": "HU",
    "lat": "23.6N",
    "lng": "76.7W",
    "max_wind_kt": 75,
    "min_pressure_mb": 987,
    "34kt_wind_radius_nm_ne": 150,
    "34kt_wind_radius_nm_se": 70,
    "34kt_wind_radius_nm_nw": 30,
    "34kt_wind_radius_nm_sw": 130,
    "50kt_wind_radius_nm_ne": 80,
    "50kt_wind_radius_nm_se": 30,
    "50kt_wind_radius_nm_nw": 0,
    "50kt_wind_radius_nm_sw": 50,
    "64kt_wind_radius_nm_ne": 30,
    "64kt_wind_radius_nm_se": 20,
    "64kt_wind_radius_nm_nw": 0,
    "64kt_wind_radius_nm_sw": 20,
    "max_wind_radius_nm": -999
  },
  {
    "date": 20200801,
    "time_utc": 1200,
    "record": "",
    "status": "HU",
    "lat": "24.3N",
    "lng": "77.5W",
    "max_wind_kt": 70,
    "min_pressure_mb": 987,
    "34kt_wind_radius_nm_ne": 100,
    "34kt_wind_radius_nm_se": 70,
    "34kt_wind_radius_nm_nw": 30,
    "34kt_wind_radius_nm_sw": 100,
    "50kt_wind_radius_nm_ne": 70,
    "50kt_wind_radius_nm_se": 30,
    "50kt_wind_radius_nm_nw": 0,
    "50kt_wind_radius_nm_sw": 30,
    "64kt_wind_radius_nm_ne": 20,
    "64kt_wind_radius_nm_se": 15,
    "64kt_wind_radius_nm_nw": 0,
    "64kt_wind_radius_nm_sw": 20,
    "max_wind_radius_nm": -999
  },
  {
    "date": 20200801,
    "time_utc": 1300,
    "record": "L",
    "status": "HU",
    "lat": "24.4N",
    "lng": "77.7W",
    "max_wind_kt": 70,
    "min_pressure_mb": 989,
    "34kt_wind_radius_nm_ne": 100,
    "34kt_wind_radius_nm_se": 70,
    "34kt_wind_radius_nm_nw": 30,
    "34kt_wind_radius_nm_sw": 100,
    "50kt_wind_radius_nm_ne": 60,
    "50kt_wind_radius_nm_se": 30,
    "50kt_wind_radius_nm_nw": 0,
    "50kt_wind_radius_nm_sw": 30,
    "64kt_wind_radius_nm_ne": 20,
    "64kt_wind_radius_nm_se": 15,
    "64kt_wind_radius_nm_nw": 0,
    "64kt_wind_radius_nm_sw": 20,
    "max_wind_radius_nm": -999
  },
  {
    "date": 20200801,
    "time_utc": 1800,
    "record": "",
    "status": "TS",
    "lat": "24.8N",
    "lng": "78.3W",
    "max_wind_kt": 60,
    "min_pressure_mb": 993,
    "34kt_wind_radius_nm_ne": 100,
    "34kt_wind_radius_nm_se": 70,
    "34kt_wind_radius_nm_nw": 0,
    "34kt_wind_radius_nm_sw": 90,
    "50kt_wind_radius_nm_ne": 50,
    "50kt_wind_radius_nm_se": 30,
    "50kt_wind_radius_nm_nw": 0,
    "50kt_wind_radius_nm_sw": 30,
    "64kt_wind_radius_nm_ne": 0,
    "64kt_wind_radius_nm_se": 0,
    "64kt_wind_radius_nm_nw": 0,
    "64kt_wind_radius_nm_sw": 0,
    "max_wind_radius_nm": -999
  },
  {
    "date": 20200802,
    "time_utc": 0,
    "record": "",
    "status": "TS",
    "lat": "25.3N",
    "lng": "78.9W",
    "max_wind_kt": 60,
    "min_pressure_mb": 995,
    "34kt_wind_radius_nm_ne": 100,
    "34kt_wind_radius_nm_se": 70,
    "34kt_wind_radius_nm_nw": 0,
    "34kt_wind_radius_nm_sw": 90,
    "50kt_wind_radius_nm_ne": 50,
    "50kt_wind_radius_nm_se": 30,
    "50kt_wind_radius_nm_nw": 0,
    "50kt_wind_radius_nm_sw": 30,
    "64kt_wind_radius_nm_ne": 0,
    "64kt_wind_radius_nm_se": 0,
    "64kt_wind_radius_nm_nw": 0,
    "64kt_wind_radius_nm_sw": 0,
    "max_wind_radius_nm": -999
  },
  {
    "date": 20200802,
    "time_utc": 600,
    "record": "",
    "status": "TS",
    "lat": "25.9N",
    "lng": "79.2W",
    "max_wind_kt": 55,
    "min_pressure_mb": 996,
    "34kt_wind_radius_nm_ne": 100,
    "34kt_wind_radius_nm_se": 80,
    "34kt_wind_radius_nm_nw": 0,
    "34kt_wind_radius_nm_sw": 60,
    "50kt_wind_radius_nm_ne": 50,
    "50kt_wind_radius_nm_se": 30,
    "50kt_wind_radius_nm_nw": 0,
    "50kt_wind_radius_nm_sw": 20,
    "64kt_wind_radius_nm_ne": 0,
    "64kt_wind_radius_nm_se": 0,
    "64kt_wind_radius_nm_nw": 0,
    "64kt_wind_radius_nm_sw": 0,
    "max_wind_radius_nm": -999
  },
  {
    "date": 20200802,
    "time_utc": 1200,
    "record": "",
    "status": "TS",
    "lat": "26.6N",
    "lng": "79.5W",
    "max_wind_kt": 55,
    "min_pressure_mb": 995,
    "34kt_wind_radius_nm_ne": 100,
    "34kt_wind_radius_nm_se": 80,
    "34kt_wind_radius_nm_nw": 0,
    "34kt_wind_radius_nm_sw": 60,
    "50kt_wind_radius_nm_ne": 50,
    "50kt_wind_radius_nm_se": 30,
    "50kt_wind_radius_nm_nw": 0,
    "50kt_wind_radius_nm_sw": 20,
    "64kt_wind_radius_nm_ne": 0,
    "64kt_wind_radius_nm_se": 0,
    "64kt_wind_radius_nm_nw": 0,
    "64kt_wind_radius_nm_sw": 0,
    "max_wind_radius_nm": -999
  },
  {
    "date": 20200802,
    "time_utc": 1800,
    "record": "",
    "status": "TS",
    "lat": "27.4N",
    "lng": "79.6W",
    "max_wind_kt": 60,
    "min_pressure_mb": 995,
    "34kt_wind_radius_nm_ne": 100,
    "34kt_wind_radius_nm_se": 80,
    "34kt_wind_radius_nm_nw": 0,
    "34kt_wind_radius_nm_sw": 60,
    "50kt_wind_radius_nm_ne": 50,
    "50kt_wind_radius_nm_se": 30,
    "50kt_wind_radius_nm_nw": 0,
    "50kt_wind_radius_nm_sw": 20,
    "64kt_wind_radius_nm_ne": 0,
    "64kt_wind_radius_nm_se": 0,
    "64kt_wind_radius_nm_nw": 0,
    "64kt_wind_radius_nm_sw": 0,
    "max_wind_radius_nm": -999
  },
  {
    "date": 20200803,
    "time_utc": 0,
    "record": "",
    "status": "TS",
    "lat": "28.2N",
    "lng": "79.7W",
    "max_wind_kt": 60,
    "min_pressure_mb": 995,
    "34kt_wind_radius_nm_ne": 100,
    "34kt_wind_radius_nm_se": 80,
    "34kt_wind_radius_nm_nw": 0,
    "34kt_wind_radius_nm_sw": 60,
    "50kt_wind_radius_nm_ne": 50,
    "50kt_wind_radius_nm_se": 30,
    "50kt_wind_radius_nm_nw": 0,
    "50kt_wind_radius_nm_sw": 20,
    "64kt_wind_radius_nm_ne": 0,
    "64kt_wind_radius_nm_se": 0,
    "64kt_wind_radius_nm_nw": 0,
    "64kt_wind_radius_nm_sw": 0,
    "max_wind_radius_nm": -999
  },
  {
    "date": 20200803,
    "time_utc": 600,
    "record": "",
    "status": "TS",
    "lat": "29.1N",
    "lng": "79.9W",
    "max_wind_kt": 60,
    "min_pressure_mb": 995,
    "34kt_wind_radius_nm_ne": 100,
    "34kt_wind_radius_nm_se": 110,
    "34kt_wind_radius_nm_nw": 0,
    "34kt_wind_radius_nm_sw": 60,
    "50kt_wind_radius_nm_ne": 50,
    "50kt_wind_radius_nm_se": 40,
    "50kt_wind_radius_nm_nw": 0,
    "50kt_wind_radius_nm_sw": 20,
    "64kt_wind_radius_nm_ne": 0,
    "64kt_wind_radius_nm_se": 0,
    "64kt_wind_radius_nm_nw": 0,
    "64kt_wind_radius_nm_sw": 0,
    "max_wind_radius_nm": -999
  },
  {
    "date": 20200803,
    "time_utc": 1200,
    "record": "",
    "status": "TS",
    "lat": "30.1N",
    "lng": "80.0W",
    "max_wind_kt": 60,
    "min_pressure_mb": 995,
    "34kt_wind_radius_nm_ne": 100,
    "34kt_wind_radius_nm_se": 110,
    "34kt_wind_radius_nm_nw": 0,
    "34kt_wind_radius_nm_sw": 60,
    "50kt_wind_radius_nm_ne": 50,
    "50kt_wind_radius_nm_se": 50,
    "50kt_wind_radius_nm_nw": 0,
    "50kt_wind_radius_nm_sw": 20,
    "64kt_wind_radius_nm_ne": 0,
    "64kt_wind_radius_nm_se": 0,
    "64kt_wind_radius_nm_nw": 0,
    "64kt_wind_radius_nm_sw": 0,
    "max_wind_radius_nm": -999
  },
  {
    "date": 20200803,
    "time_utc": 1800,
    "record": "",
    "status": "HU",
    "lat": "31.2N",
    "lng": "79.7W",
    "max_wind_kt": 65,
    "min_pressure_mb": 991,
    "34kt_wind_radius_nm_ne": 110,
    "34kt_wind_radius_nm_se": 110,
    "34kt_wind_radius_nm_nw": 40,
    "34kt_wind_radius_nm_sw": 60,
    "50kt_wind_radius_nm_ne": 50,
    "50kt_wind_radius_nm_se": 50,
    "50kt_wind_radius_nm_nw": 0,
    "50kt_wind_radius_nm_sw": 20,
    "64kt_wind_radius_nm_ne": 20,
    "64kt_wind_radius_nm_se": 20,
    "64kt_wind_radius_nm_nw": 0,
    "64kt_wind_radius_nm_sw": 0,
    "max_wind_radius_nm": -999
  },
  {
    "date": 20200804,
    "time_utc": 0,
    "record": "",
    "status": "HU",
    "lat": "32.8N",
    "lng": "79.1W",
    "max_wind_kt": 80,
    "min_pressure_mb": 986,
    "34kt_wind_radius_nm_ne": 110,
    "34kt_wind_radius_nm_se": 110,
    "34kt_wind_radius_nm_nw": 40,
    "34kt_wind_radius_nm_sw": 60,
    "50kt_wind_radius_nm_ne": 50,
    "50kt_wind_radius_nm_se": 50,
    "50kt_wind_radius_nm_nw": 30,
    "50kt_wind_radius_nm_sw": 30,
    "64kt_wind_radius_nm_ne": 20,
    "64kt_wind_radius_nm_se": 20,
    "64kt_wind_radius_nm_nw": 20,
    "64kt_wind_radius_nm_sw": 0,
    "max_wind_radius_nm": -999
  },
  {
    "date": 20200804,
    "time_utc": 310,
    "record": "L",
    "status": "HU",
    "lat": "33.9N",
    "lng": "78.5W",
    "max_wind_kt": 80,
    "min_pressure_mb": 986,
    "34kt_wind_radius_nm_ne": 110,
    "34kt_wind_radius_nm_se": 110,
    "34kt_wind_radius_nm_nw": 40,
    "34kt_wind_radius_nm_sw": 60,
    "50kt_wind_radius_nm_ne": 50,
    "50kt_wind_radius_nm_se": 50,
    "50kt_wind_radius_nm_nw": 30,
    "50kt_wind_radius_nm_sw": 30,
    "64kt_wind_radius_nm_ne": 20,
    "64kt_wind_radius_nm_se": 20,
    "64kt_wind_radius_nm_nw": 20,
    "64kt_wind_radius_nm_sw": 0,
    "max_wind_radius_nm": 25
  },
  {
    "date": 20200804,
    "time_utc": 600,
    "record": "",
    "status": "TS",
    "lat": "35.0N",
    "lng": "78.1W",
    "max_wind_kt": 60,
    "min_pressure_mb": 992,
    "34kt_wind_radius_nm_ne": 110,
    "34kt_wind_radius_nm_se": 120,
    "34kt_wind_radius_nm_nw": 40,
    "34kt_wind_radius_nm_sw": 40,
    "50kt_wind_radius_nm_ne": 50,
    "50kt_wind_radius_nm_se": 50,
    "50kt_wind_radius_nm_nw": 0,
    "50kt_wind_radius_nm_sw": 0,
    "64kt_wind_radius_nm_ne": 0,
    "64kt_wind_radius_nm_se": 0,
    "64kt_wind_radius_nm_nw": 0,
    "64kt_wind_radius_nm_sw": 0,
    "max_wind_radius_nm": -999
  },
  {
    "date": 20200804,
    "time_utc": 1200,
    "record": "",
    "status": "TS",
    "lat": "37.7N",
    "lng": "76.8W",
    "max_wind_kt": 60,
    "min_pressure_mb": 993,
    "34kt_wind_radius_nm_ne": 110,
    "34kt_wind_radius_nm_se": 120,
    "34kt_wind_radius_nm_nw": 40,
    "34kt_wind_radius_nm_sw": 40,
    "50kt_wind_radius_nm_ne": 60,
    "50kt_wind_radius_nm_se": 60,
    "50kt_wind_radius_nm_nw": 0,
    "50kt_wind_radius_nm_sw": 0,
    "64kt_wind_radius_nm_ne": 0,
    "64kt_wind_radius_nm_se": 0,
    "64kt_wind_radius_nm_nw": 0,
    "64kt_wind_radius_nm_sw": 0,
    "max_wind_radius_nm": -999
  },
  {
    "date": 20200804,
    "time_utc": 1800,
    "record": "",
    "status": "TS",
    "lat": "40.9N",
    "lng": "75.1W",
    "max_wind_kt": 55,
    "min_pressure_mb": 994,
    "34kt_wind_radius_nm_ne": 110,
    "34kt_wind_radius_nm_se": 150,
    "34kt_wind_radius_nm_nw": 40,
    "34kt_wind_radius_nm_sw": 40,
    "50kt_wind_radius_nm_ne": 60,
    "50kt_wind_radius_nm_se": 80,
    "50kt_wind_radius_nm_nw": 0,
    "50kt_wind_radius_nm_sw": 0,
    "64kt_wind_radius_nm_ne": 0,
    "64kt_wind_radius_nm_se": 0,
    "64kt_wind_radius_nm_nw": 0,
    "64kt_wind_radius_nm_sw": 0,
    "max_wind_radius_nm": -999
  },
  {
    "date": 20200805,
    "time_utc": 0,
    "record": "",
    "status": "EX",
    "lat": "44.0N",
    "lng": "73.1W",
    "max_wind_kt": 45,
    "min_pressure_mb": 998,
    "34kt_wind_radius_nm_ne": 60,
    "34kt_wind_radius_nm_se": 150,
    "34kt_wind_radius_nm_nw": 0,
    "34kt_wind_radius_nm_sw": 0,
    "50kt_wind_radius_nm_ne": 0,
    "50kt_wind_radius_nm_se": 0,
    "50kt_wind_radius_nm_nw": 0,
    "50kt_wind_radius_nm_sw": 0,
    "64kt_wind_radius_nm_ne": 0,
    "64kt_wind_radius_nm_se": 0,
    "64kt_wind_radius_nm_nw": 0,
    "64kt_wind_radius_nm_sw": 0,
    "max_wind_radius_nm": -999
  },
  {
    "date": 20200805,
    "time_utc": 600,
    "record": "",
    "status": "EX",
    "lat": "46.7N",
    "lng": "71.8W",
    "max_wind_kt": 35,
    "min_pressure_mb": 1000,
    "34kt_wind_radius_nm_ne": 90,
    "34kt_wind_radius_nm_se": 90,
    "34kt_wind_radius_nm_nw": 0,
    "34kt_wind_radius_nm_sw": 0,
    "50kt_wind_radius_nm_ne": 0,
    "50kt_wind_radius_nm_se": 0,
    "50kt_wind_radius_nm_nw": 0,
    "50kt_wind_radius_nm_sw": 0,
    "64kt_wind_radius_nm_ne": 0,
    "64kt_wind_radius_nm_se": 0,
    "64kt_wind_radius_nm_nw": 0,
    "64kt_wind_radius_nm_sw": 0,
    "max_wind_radius_nm": -999
  }
]