[
  {
    "date": "19900804",
    "time_utc": " 0000",
    "record": "  ",
    "status": " TD",
    "lat": " 13.2N",
    "lng": "  79.5W",
    "max_wind_kt": "  25",
    "min_pressure_mb": " 1009",
    "34kt_wind_radius_nm_ne": " -999",
    "34kt_wind_radius_nm_se": " -999",
    "34kt_wind_radius_nm_nw": " -999",
    "34kt_wind_radius_nm_sw": " -999",
    "50kt_wind_radius_nm_ne": " -999",
    "50kt_wind_radius_nm_se": " -999",
    "50kt_wind_radius_nm_nw": " -999",
    "50kt_wind_radius_nm_sw": " -999",
    "64kt_wind_radius_nm_ne": " -999",
    "64kt_wind_radius_nm_se": " -999",
    "64kt_wind_radius_nm_nw": " -999",
    "64kt_wind_radius_nm_sw": " -999",
    "max_wind_radius_nm": " -999"
  },
  {
    "date": "19900804",
    "time_utc": " 0600",
    "record": "  ",
    "status": " TD",
    "lat": " 13.9N",
    "lng": "  80.8W",
    "max_wind_kt": "  25",
    "min_pressure_mb": " 1008",
    "34kt_wind_radius_nm_ne": " -999",
    "34kt_wind_radius_nm_se": " -999",
    "34kt_wind_radius_nm_nw": " -999",
    "34kt_wind_radius_nm_sw": " -999",
    "50kt_wind_radius_nm_ne": " -999",
    "50kt_wind_radius_nm_se": " -999",
    "50kt_wind_radius_nm_nw": " -999",
    "50kt_wind_radius_nm_sw": " -999",
    "64kt_wind_radius_nm_ne": " -999",
    "64kt_wind_radius_nm_se": " -999",
    "64kt_wind_radius_nm_nw": " -999",
    "64kt_wind_radius_nm_sw": " -999",
    "max_wind_radius_nm": " -999"
  },
  {
    "date": "19900804",
    "time_utc": " 1200",
    "record": "  ",
    "status": " TD",
    "lat": " 14.8N",
    "lng": "  81.8W",
    "max_wind_kt": "  25",
    "min_pressure_mb": " 1007",
    "34kt_wind_radius_nm_ne": " -999",
    "34kt_wind_radius_nm_se": " -999",
    "34kt_wind_radius_nm_nw": " -999",
    "34kt_wind_radius_nm_sw": " -999",
    "50kt_wind_radius_nm_ne": " -999",
    "50kt_wind_radius_nm_se": " -999",
    "50kt_wind_radius_nm_nw": " -999",
    "50kt_wind_radius_nm_sw": " -999",
    "64kt_wind_radius_nm_ne": " -999",
    "64kt_wind_radius_nm_se": " -999",
    "64kt_wind_radius_nm_nw": " -999",
    "64kt_wind_radius_nm_sw": " -999",
    "max_wind_radius_nm": " -999"
  },
  {
    "date": "19900804",
    "time_utc": " 1800",
    "record": "  ",
    "status": " TD",
    "lat": " 15.7N",
    "lng": "  82.6W",
    "max_wind_kt": "  30",
    "min_pressure_mb": " 1006",
    "34kt_wind_radius_nm_ne": " -999",
    "34kt_wind_radius_nm_se": " -999",
    "34kt_wind_radius_nm_nw": " -999",
    "34kt_wind_radius_nm_sw": " -999",
    "50kt_wind_radius_nm_ne": " -999",
    "50kt_wind_radius_nm_se": " -999",
    "50kt_wind_radius_nm_nw": " -999",
    "50kt_wind_radius_nm_sw": " -999",
    "64kt_wind_radius_nm_ne": " -999",
    "64kt_wind_radius_nm_se": " -999",
    "64kt_wind_radius_nm_nw": " -999",
    "64kt_wind_radius_nm_sw": " -999",
    "max_wind_radius_nm": " -999"
  },
  {
    "date": "19900805",
    "time_utc": " 0000",
    "record": "  ",
    "status": " TS",
    "lat": " 16.6N",
    "lng": "  83.6W",
    "max_wind_kt": "  35",
    "min_pressure_mb": " 1005",
    "34kt_wind_radius_nm_ne": " -999",
    "34kt_wind_radius_nm_se": " -999",
    "34kt_wind_radius_nm_nw": " -999",
    "34kt_wind_radius_nm_sw": " -999",
    "50kt_wind_radius_nm_ne": " -999",
    "50kt_wind_radius_nm_se": " -999",
    "50kt_wind_radius_nm_nw": " -999",
    "50kt_wind_radius_nm_sw": " -999",
    "64kt_wind_radius_nm_ne": " -999",
    "64kt_wind_radius_nm_se": " -999",
    "64kt_wind_radius_nm_nw": " -999",
    "64kt_wind_radius_nm_sw": " -999",
    "max_wind_radius_nm": " -999"
  },
  {
    "date": "19900805",
    "time_utc": " 0600",
    "record": "  ",
    "status": " TS",
    "lat": " 17.4N",
    "lng": "  84.8W",
    "max_wind_kt": "  40",
    "min_pressure_mb": " 1003",
    "34kt_wind_radius_nm_ne": " -999",
    "34kt_wind_radius_nm_se": " -999",
    "34kt_wind_radius_nm_nw": " -999",
    "34kt_wind_radius_nm_sw": " -999",
    "50kt_wind_radius_nm_ne": " -999",
    "50kt_wind_radius_nm_se": " -999",
    "50kt_wind_radius_nm_nw": " -999",
    "50kt_wind_radius_nm_sw": " -999",
    "64kt_wind_radius_nm_ne": " -999",
    "64kt_wind_radius_nm_se": " -999",
    "64kt_wind_radius_nm_nw": " -999",
    "64kt_wind_radius_nm_sw": " -999",
    "max_wind_radius_nm": " -999"
  },
  {
    "date": "19900805",
    "time_utc": " 1200",
    "record": "  ",
    "status": " TS",
    "lat": " 18.3N",
    "lng": "  86.3W",
    "max_wind_kt": "  45",
    "min_pressure_mb": " 1000",
    "34kt_wind_radius_nm_ne": " -999",
    "34kt_wind_radius_nm_se": " -999",
    "34kt_wind_radius_nm_nw": " -999",
    "34kt_wind_radius_nm_sw": " -999",
    "50kt_wind_radius_nm_ne": " -999",
    "50kt_wind_radius_nm_se": " -999",
    "50kt_wind_radius_nm_nw": " -999",
    "50kt_wind_radius_nm_sw": " -999",
    "64kt_wind_radius_nm_ne": " -999",
    "64kt_wind_radius_nm_se": " -999",
    "64kt_wind_radius_nm_nw": " -999",
    "64kt_wind_radius_nm_sw": " -999",
    "max_wind_radius_nm": " -999"
  },
  {
    "date": "19900805",
    "time_utc": " 1800",
    "record": "  ",
    "status": " TS",
    "lat": " 19.1N",
    "lng": "  87.6W",
    "max_wind_kt": "  55",
    "min_pressure_mb": "  994",
    "34kt_wind_radius_nm_ne": " -999",
    "34kt_wind_radius_nm_se": " -999",
    "34kt_wind_radius_nm_nw": " -999",
    "34kt_wind_radius_nm_sw": " -999",
    "50kt_wind_radius_nm_ne": " -999",
    "50kt_wind_radius_nm_se": " -999",
    "50kt_wind_radius_nm_nw": " -999",
    "50kt_wind_radius_nm_sw": " -999",
    "64kt_wind_radius_nm_ne": " -999",
    "64kt_wind_radius_nm_se": " -999",
    "64kt_wind_radius_nm_nw": " -999",
    "64kt_wind_radius_nm_sw": " -999",
    "max_wind_radius_nm": " -999"
  },
  {
    "date": "19900805",
    "time_utc": " 2000",
    "record": " L",
    "status": " TS",
    "lat": " 19.0N",
    "lng": "  87.6W",
    "max_wind_kt": "  55",
    "min_pressure_mb": "  994",
    "34kt_wind_radius_nm_ne": " -999",
    "34kt_wind_radius_nm_se": " -999",
    "34kt_wind_radius_nm_nw": " -999",
    "34kt_wind_radius_nm_sw": " -999",
    "50kt_wind_radius_nm_ne": " -999",
    "50kt_wind_radius_nm_se": " -999",
    "50kt_wind_radius_nm_nw": " -999",
    "50kt_wind_radius_nm_sw": " -999",
    "64kt_wind_radius_nm_ne": " -999",
    "64kt_wind_radius_nm_se": " -999",
    "64kt_wind_radius_nm_nw": " -999",
    "64kt_wind_radius_nm_sw": " -999",
    "max_wind_radius_nm": " -999"
  },
  {
    "date": "19900806",
    "time_utc": " 0000",
    "record": "  ",
    "status": " TS",
    "lat": " 19.7N",
    "lng": "  88.7W",
    "max_wind_kt": "  45",
    "min_pressure_mb": " 1000",
    "34kt_wind_radius_nm_ne": " -999",
    "34kt_wind_radius_nm_se": " -999",
    "34kt_wind_radius_nm_nw": " -999",
    "34kt_wind_radius_nm_sw": " -999",
    "50kt_wind_radius_nm_ne": " -999",
    "50kt_wind_radius_nm_se": " -999",
    "50kt_wind_radius_nm_nw": " -999",
    "50kt_wind_radius_nm_sw": " -999",
    "64kt_wind_radius_nm_ne": " -999",
    "64kt_wind_radius_nm_se": " -999",
    "64kt_wind_radius_nm_nw": " -999",
    "64kt_wind_radius_nm_sw": " -999",
    "max_wind_radius_nm": " -999"
  },
  {
    "date": "19900806",
    "time_utc": " 0600",
    "record": "  ",
    "status": " TS",
    "lat": " 20.2N",
    "lng": "  90.0W",
    "max_wind_kt": "  45",
    "min_pressure_mb": " 1000",
    "34kt_wind_radius_nm_ne": " -999",
    "34kt_wind_radius_nm_se": " -999",
    "34kt_wind_radius_nm_nw": " -999",
    "34kt_wind_radius_nm_sw": " -999",
    "50kt_wind_radius_nm_ne": " -999",
    "50kt_wind_radius_nm_se": " -999",
    "50kt_wind_radius_nm_nw": " -999",
    "50kt_wind_radius_nm_sw": " -999",
    "64kt_wind_radius_nm_ne": " -999",
    "64kt_wind_radius_nm_se": " -999",
    "64kt_wind_radius_nm_nw": " -999",
    "64kt_wind_radius_nm_sw": " -999",
    "max_wind_radius_nm": " -999"
  },
  {
    "date": "19900806",
    "time_utc": " 1200",
    "record": "  ",
    "status": " TS",
    "lat": " 20.5N",
    "lng": "  91.1W",
    "max_wind_kt": "  45",
    "min_pressure_mb": " 1000",
    "34kt_wind_radius_nm_ne": " -999",
    "34kt_wind_radius_nm_se": " -999",
    "34kt_wind_radius_nm_nw": " -999",
    "34kt_wind_radius_nm_sw": " -999",
    "50kt_wind_radius_nm_ne": " -999",
    "50kt_wind_radius_nm_se": " -999",
    "50kt_wind_radius_nm_nw": " -999",
    "50kt_wind_radius_nm_sw": " -999",
    "64kt_wind_radius_nm_ne": " -999",
    "64kt_wind_radius_nm_se": " -999",
    "64kt_wind_radius_nm_nw": " -999",
    "64kt_wind_radius_nm_sw": " -999",
    "max_wind_radius_nm": " -999"
  },
  {
    "date": "19900806",
    "time_utc": " 1800",
    "record": "  ",
    "status": " TS",
    "lat": " 20.6N",
    "lng": "  92.3W",
    "max_wind_kt": "  50",
    "min_pressure_mb": " 1000",
    "34kt_wind_radius_nm_ne": " -999",
    "34kt_wind_radius_nm_se": " -999",
    "34kt_wind_radius_nm_nw": " -999",
    "34kt_wind_radius_nm_sw": " -999",
    "50kt_wind_radius_nm_ne": " -999",
    "50kt_wind_radius_nm_se": " -999",
    "50kt_wind_radius_nm_nw": " -999",
    "50kt_wind_radius_nm_sw": " -999",
    "64kt_wind_radius_nm_ne": " -999",
    "64kt_wind_radius_nm_se": " -999",
    "64kt_wind_radius_nm_nw": " -999",
    "64kt_wind_radius_nm_sw": " -999",
    "max_wind_radius_nm": " -999"
  },
  {
    "date": "19900807",
    "time_utc": " 0000",
    "record": "  ",
    "status": " TS",
    "lat": " 20.6N",
    "lng": "  93.6W",
    "max_wind_kt": "  60",
    "min_pressure_mb": "  998",
    "34kt_wind_radius_nm_ne": " -999",
    "34kt_wind_radius_nm_se": " -999",
    "34kt_wind_radius_nm_nw": " -999",
    "34kt_wind_radius_nm_sw": " -999",
    "50kt_wind_radius_nm_ne": " -999",
    "50kt_wind_radius_nm_se": " -999",
    "50kt_wind_radius_nm_nw": " -999",
    "50kt_wind_radius_nm_sw": " -999",
    "64kt_wind_radius_nm_ne": " -999",
    "64kt_wind_radius_nm_se": " -999",
    "64kt_wind_radius_nm_nw": " -999",
    "64kt_wind_radius_nm_sw": " -999",
    "max_wind_radius_nm": " -999"
  },
  {
    "date": "19900807",
    "time_utc": " 0600",
    "record": "  ",
    "status": " HU",
    "lat": " 20.7N",
    "lng": "  94.7W",
    "max_wind_kt": "  65",
    "min_pressure_mb": "  990",
    "34kt_wind_radius_nm_ne": " -999",
    "34kt_wind_radius_nm_se": " -999",
    "34kt_wind_radius_nm_nw": " -999",
    "34kt_wind_radius_nm_sw": " -999",
    "50kt_wind_radius_nm_ne": " -999",
    "50kt_wind_radius_nm_se": " -999",
    "50kt_wind_radius_nm_nw": " -999",
    "50kt_wind_radius_nm_sw": " -999",
    "64kt_wind_radius_nm_ne": " -999",
    "64kt_wind_radius_nm_se": " -999",
    "64kt_wind_radius_nm_nw": " -999",
    "64kt_wind_radius_nm_sw": " -999",
    "max_wind_radius_nm": " -999"
  },
  {
    "date": "19900807",
    "time_utc": " 1200",
    "record": "  ",
    "status": " HU",
    "lat": " 20.8N",
    "lng": "  95.8W",
    "max_wind_kt": "  75",
    "min_pressure_mb": "  986",
    "34kt_wind_radius_nm_ne": " -999",
    "34kt_wind_radius_nm_se": " -999",
    "34kt_wind_radius_nm_nw": " -999",
    "34kt_wind_radius_nm_sw": " -999",
    "50kt_wind_radius_nm_ne": " -999",
    "50kt_wind_radius_nm_se": " -999",
    "50kt_wind_radius_nm_nw": " -999",
    "50kt_wind_radius_nm_sw": " -999",
    "64kt_wind_radius_nm_ne": " -999",
    "64kt_wind_radius_nm_se": " -999",
    "64kt_wind_radius_nm_nw": " -999",
    "64kt_wind_radius_nm_sw": " -999",
    "max_wind_radius_nm": " -999"
  },
  {
    "date": "19900807",
    "time_utc": " 1800",
    "record": "  ",
    "status": " HU",
    "lat": " 20.9N",
    "lng": "  96.8W",
    "max_wind_kt": "  85",
    "min_pressure_mb": "  980",
    "34kt_wind_radius_nm_ne": " -999",
    "34kt_wind_radius_nm_se": " -999",
    "34kt_wind_radius_nm_nw": " -999",
    "34kt_wind_radius_nm_sw": " -999",
    "50kt_wind_radius_nm_ne": " -999",
    "50kt_wind_radius_nm_se": " -999",
    "50kt_wind_radius_nm_nw": " -999",
    "50kt_wind_radius_nm_sw": " -999",
    "64kt_wind_radius_nm_ne": " -999",
    "64kt_wind_radius_nm_se": " -999",
    "64kt_wind_radius_nm_nw": " -999",
    "64kt_wind_radius_nm_sw": " -999",
    "max_wind_radius_nm": " -999"
  },
  {
    "date": "19900807",
    "time_utc": " 1900",
    "record": " L",
    "status": " HU",
    "lat": " 20.9N",
    "lng": "  97.0W",
    "max_wind_kt": "  85",
    "min_pressure_mb": "  980",
    "34kt_wind_radius_nm_ne": " -999",
    "34kt_wind_radius_nm_se": " -999",
    "34kt_wind_radius_nm_nw": " -999",
    "34kt_wind_radius_nm_sw": " -999",
    "50kt_wind_radius_nm_ne": " -999",
    "50kt_wind_radius_nm_se": " -999",
    "50kt_wind_radius_nm_nw": " -999",
    "50kt_wind_radius_nm_sw": " -999",
    "64kt_wind_radius_nm_ne": " -999",
    "64kt_wind_radius_nm_se": " -999",
    "64kt_wind_radius_nm_nw": " -999",
    "64kt_wind_radius_nm_sw": " -999",
    "max_wind_radius_nm": " -999"
  },
  {
    "date": "19900808",
    "time_utc": " 0000",
    "record": "  ",
    "status": " TS",
    "lat": " 20.8N",
    "lng": "  98.1W",
    "max_wind_kt": "  55",
    "min_pressure_mb": " 1000",
    "34kt_wind_radius_nm_ne": " -999",
    "34kt_wind_radius_nm_se": " -999",
    "34kt_wind_radius_nm_nw": " -999",
    "34kt_wind_radius_nm_sw": " -999",
    "50kt_wind_radius_nm_ne": " -999",
    "50kt_wind_radius_nm_se": " -999",
    "50kt_wind_radius_nm_nw": " -999",
    "50kt_wind_radius_nm_sw": " -999",
    "64kt_wind_radius_nm_ne": " -999",
    "64kt_wind_radius_nm_se": " -999",
    "64kt_wind_radius_nm_nw": " -999",
    "64kt_wind_radius_nm_sw": " -999",
    "max_wind_radius_nm": " -999"
  },
  {
    "date": "19900808",
    "time_utc": " 0600",
    "record": "  ",
    "status": " TS",
    "lat": " 20.7N",
    "lng": "  99.4W",
    "max_wind_kt": "  50",
    "min_pressure_mb": " 1005",
    "34kt_wind_radius_nm_ne": " -999",
    "34kt_wind_radius_nm_se": " -999",
    "34kt_wind_radius_nm_nw": " -999",
    "34kt_wind_radius_nm_sw": " -999",
    "50kt_wind_radius_nm_ne": " -999",
    "50kt_wind_radius_nm_se": " -999",
    "50kt_wind_radius_nm_nw": " -999",
    "50kt_wind_radius_nm_sw": " -999",
    "64kt_wind_radius_nm_ne": " -999",
    "64kt_wind_radius_nm_se": " -999",
    "64kt_wind_radius_nm_nw": " -999",
    "64kt_wind_radius_nm_sw": " -999",
    "max_wind_radius_nm": " -999"
  },
  {
    "date": "19900808",
    "time_utc": " 1200",
    "record": "  ",
    "status": " TD",
    "lat": " 20.8N",
    "lng": " 100.8W",
    "max_wind_kt": "  30",
    "min_pressure_mb": " 1009",
    "34kt_wind_radius_nm_ne": " -999",
    "34kt_wind_radius_nm_se": " -999",
    "34kt_wind_radius_nm_nw": " -999",
    "34kt_wind_radius_nm_sw": " -999",
    "50kt_wind_radius_nm_ne": " -999",
    "50kt_wind_radius_nm_se": " -999",
    "50kt_wind_radius_nm_nw": " -999",
    "50kt_wind_radius_nm_sw": " -999",
    "64kt_wind_radius_nm_ne": " -999",
    "64kt_wind_radius_nm_se": " -999",
    "64kt_wind_radius_nm_nw": " -999",
    "64kt_wind_radius_nm_sw": " -999",
    "max_wind_radius_nm": " -999"
  },
  {
    "date": "19900808",
    "time_utc": " 1800",
    "record": "  ",
    "status": " TD",
    "lat": " 21.1N",
    "lng": " 102.2W",
    "max_wind_kt": "  25",
    "min_pressure_mb": " 1010",
    "34kt_wind_radius_nm_ne": " -999",
    "34kt_wind_radius_nm_se": " -999",
    "34kt_wind_radius_nm_nw": " -999",
    "34kt_wind_radius_nm_sw": " -999",
    "50kt_wind_radius_nm_ne": " -999",
    "50kt_wind_radius_nm_se": " -999",
    "50kt_wind_radius_nm_nw": " -999",
    "50kt_wind_radius_nm_sw": " -999",
    "64kt_wind_radius_nm_ne": " -999",
    "64kt_wind_radius_nm_se": " -999",
    "64kt_wind_radius_nm_nw": " -999",
    "64kt_wind_radius_nm_sw": " -999",
    "max_wind_radius_nm": " -999"
  },
  {
    "date": "19900809",
    "time_utc": " 0000",
    "record": "  ",
    "status": " TD",
    "lat": " 21.6N",
    "lng": " 103.4W",
    "max_wind_kt": "  25",
    "min_pressure_mb": " 1010",
    "34kt_wind_radius_nm_ne": " -999",
    "34kt_wind_radius_nm_se": " -999",
    "34kt_wind_radius_nm_nw": " -999",
    "34kt_wind_radius_nm_sw": " -999",
    "50kt_wind_radius_nm_ne": " -999",
    "50kt_wind_radius_nm_se": " -999",
    "50kt_wind_radius_nm_nw": " -999",
    "50kt_wind_radius_nm_sw": " -999",
    "64kt_wind_radius_nm_ne": " -999",
    "64kt_wind_radius_nm_se": " -999",
    "64kt_wind_radius_nm_nw": " -999",
    "64kt_wind_radius_nm_sw": " -999",
    "max_wind_radius_nm": " -999"
  },
  {
    "date": "19900809",
    "time_utc": " 0600",
    "record": "  ",
    "status": " TD",
    "lat": " 22.0N",
    "lng": " 104.9W",
    "max_wind_kt": "  20",
    "min_pressure_mb": " 1010",
    "34kt_wind_radius_nm_ne": " -999",
    "34kt_wind_radius_nm_se": " -999",
    "34kt_wind_radius_nm_nw": " -999",
    "34kt_wind_radius_nm_sw": " -999",
    "50kt_wind_radius_nm_ne": " -999",
    "50kt_wind_radius_nm_se": " -999",
    "50kt_wind_radius_nm_nw": " -999",
    "50kt_wind_radius_nm_sw": " -999",
    "64kt_wind_radius_nm_ne": " -999",
    "64kt_wind_radius_nm_se": " -999",
    "64kt_wind_radius_nm_nw": " -999",
    "64kt_wind_radius_nm_sw": " -999",
    "max_wind_radius_nm": " -999"
  },
  {
    "date": "19900809",
    "time_utc": " 1200",
    "record": "  ",
    "status": " TD",
    "lat": " 22.5N",
    "lng": " 107.0W",
    "max_wind_kt": "  20",
    "min_pressure_mb": " 1010",
    "34kt_wind_radius_nm_ne": " -999",
    "34kt_wind_radius_nm_se": " -999",
    "34kt_wind_radius_nm_nw": " -999",
    "34kt_wind_radius_nm_sw": " -999",
    "50kt_wind_radius_nm_ne": " -999",
    "50kt_wind_radius_nm_se": " -999",
    "50kt_wind_radius_nm_nw": " -999",
    "50kt_wind_radius_nm_sw": " -999",
    "64kt_wind_radius_nm_ne": " -999",
    "64kt_wind_radius_nm_se": " -999",
    "64kt_wind_radius_nm_nw": " -999",
    "64kt_wind_radius_nm_sw": " -999",
    "max_wind_radius_nm": " -999"
  }
]