[
  {
    "date": 20060716,
    "time_utc": 1200,
    "record": "",
    "status": "EX",
    "lat": "37.2N",
    "lng": "68.7W",
    "max_wind_kt": 30,
    "min_pressure_mb": 1009,
    "34kt_wind_radius_nm_ne": 0,
    "34kt_wind_radius_nm_se": 0,
    "34kt_wind_radius_nm_nw": 0,
    "34kt_wind_radius_nm_sw": 0,
    "50kt_wind_radius_nm_ne": 0,
    "50kt_wind_radius_nm_se": 0,
    "50kt_wind_radius_nm_nw": 0,
    "50kt_wind_radius_nm_sw": 0,
    "64kt_wind_radius_nm_ne": 0,
    "64kt_wind_radius_nm_se": 0,
    "64kt_wind_radius_nm_nw": 0,
    "64kt_wind_radius_nm_sw": 0,
    "max_wind_radius_nm": -999
  },
  {
    "date": 20060716,
    "time_utc": 1800,
    "record": "",
    "status": "EX",
    "lat": "37.7N",
    "lng": "68.2W",
    "max_wind_kt": 30,
    "min_pressure_mb": 1009,
    "34kt_wind_radius_nm_ne": 0,
    "34kt_wind_radius_nm_se": 0,
    "34kt_wind_radius_nm_nw": 0,
    "34kt_wind_radius_nm_sw": 0,
    "50kt_wind_radius_nm_ne": 0,
    "50kt_wind_radius_nm_se": 0,
    "50kt_wind_radius_nm_nw": 0,
    "50kt_wind_radius_nm_sw": 0,
    "64kt_wind_radius_nm_ne": 0,
    "64kt_wind_radius_nm_se": 0,
    "64kt_wind_radius_nm_nw": 0,
    "64kt_wind_radius_nm_sw": 0,
    "max_wind_radius_nm": -999
  },
  {
    "date": 20060717,
    "time_utc": 0,
    "record": "",
    "status": "EX",
    "lat": "38.3N",
    "lng": "67.6W",
    "max_wind_kt": 30,
    "min_pressure_mb": 1009,
    "34kt_wind_radius_nm_ne": 0,
    "34kt_wind_radius_nm_se": 0,
    "34kt_wind_radius_nm_nw": 0,
    "34kt_wind_radius_nm_sw": 0,
    "50kt_wind_radius_nm_ne": 0,
    "50kt_wind_radius_nm_se": 0,
    "50kt_wind_radius_nm_nw": 0,
    "50kt_wind_radius_nm_sw": 0,
    "64kt_wind_radius_nm_ne": 0,
    "64kt_wind_radius_nm_se": 0,
    "64kt_wind_radius_nm_nw": 0,
    "64kt_wind_radius_nm_sw": 0,
    "max_wind_radius_nm": -999
  },
  {
    "date": 20060717,
    "time_utc": 600,
    "record": "",
    "status": "TD",
    "lat": "39.1N",
    "lng": "66.4W",
    "max_wind_kt": 30,
    "min_pressure_mb": 1008,
    "34kt_wind_radius_nm_ne": 0,
    "34kt_wind_radius_nm_se": 0,
    "34kt_wind_radius_nm_nw": 0,
    "34kt_wind_radius_nm_sw": 0,
    "50kt_wind_radius_nm_ne": 0,
    "50kt_wind_radius_nm_se": 0,
    "50kt_wind_radius_nm_nw": 0,
    "50kt_wind_radius_nm_sw": 0,
    "64kt_wind_radius_nm_ne": 0,
    "64kt_wind_radius_nm_se": 0,
    "64kt_wind_radius_nm_nw": 0,
    "64kt_wind_radius_nm_sw": 0,
    "max_wind_radius_nm": -999
  },
  {
    "date": 20060717,
    "time_utc": 1200,
    "record": "",
    "status": "TS",
    "lat": "40.0N",
    "lng": "65.1W",
    "max_wind_kt": 40,
    "min_pressure_mb": 1003,
    "34kt_wind_radius_nm_ne": 0,
    "34kt_wind_radius_nm_se": 60,
    "34kt_wind_radius_nm_nw": 0,
    "34kt_wind_radius_nm_sw": 0,
    "50kt_wind_radius_nm_ne": 0,
    "50kt_wind_radius_nm_se": 0,
    "50kt_wind_radius_nm_nw": 0,
    "50kt_wind_radius_nm_sw": 0,
    "64kt_wind_radius_nm_ne": 0,
    "64kt_wind_radius_nm_se": 0,
    "64kt_wind_radius_nm_nw": 0,
    "64kt_wind_radius_nm_sw": 0,
    "max_wind_radius_nm": -999
  },
  {
    "date": 20060717,
    "time_utc": 1800,
    "record": "",
    "status": "TS",
    "lat": "41.1N",
    "lng": "63.7W",
    "max_wind_kt": 45,
    "min_pressure_mb": 998,
    "34kt_wind_radius_nm_ne": 0,
    "34kt_wind_radius_nm_se": 60,
    "34kt_wind_radius_nm_nw": 0,
    "34kt_wind_radius_nm_sw": 0,
    "50kt_wind_radius_nm_ne": 0,
    "50kt_wind_radius_nm_se": 0,
    "50kt_wind_radius_nm_nw": 0,
    "50kt_wind_radius_nm_sw": 0,
    "64kt_wind_radius_nm_ne": 0,
    "64kt_wind_radius_nm_se": 0,
    "64kt_wind_radius_nm_nw": 0,
    "64kt_wind_radius_nm_sw": 0,
    "max_wind_radius_nm": -999
  },
  {
    "date": 20060718,
    "time_utc": 0,
    "record": "",
    "status": "TS",
    "lat": "42.4N",
    "lng": "62.1W",
    "max_wind_kt": 40,
    "min_pressure_mb": 999,
    "34kt_wind_radius_nm_ne": 0,
    "34kt_wind_radius_nm_se": 60,
    "34kt_wind_radius_nm_nw": 0,
    "34kt_wind_radius_nm_sw": 0,
    "50kt_wind_radius_nm_ne": 0,
    "50kt_wind_radius_nm_se": 0,
    "50kt_wind_radius_nm_nw": 0,
    "50kt_wind_radius_nm_sw": 0,
    "64kt_wind_radius_nm_ne": 0,
    "64kt_wind_radius_nm_se": 0,
    "64kt_wind_radius_nm_nw": 0,
    "64kt_wind_radius_nm_sw": 0,
    "max_wind_radius_nm": -999
  },
  {
    "date": 20060718,
    "time_utc": 600,
    "record": "",
    "status": "TS",
    "lat": "43.7N",
    "lng": "60.1W",
    "max_wind_kt": 35,
    "min_pressure_mb": 1004,
    "34kt_wind_radius_nm_ne": 0,
    "34kt_wind_radius_nm_se": 60,
    "34kt_wind_radius_nm_nw": 0,
    "34kt_wind_radius_nm_sw": 0,
    "50kt_wind_radius_nm_ne": 0,
    "50kt_wind_radius_nm_se": 0,
    "50kt_wind_radius_nm_nw": 0,
    "50kt_wind_radius_nm_sw": 0,
    "64kt_wind_radius_nm_ne": 0,
    "64kt_wind_radius_nm_se": 0,
    "64kt_wind_radius_nm_nw": 0,
    "64kt_wind_radius_nm_sw": 0,
    "max_wind_radius_nm": -999
  },
  {
    "date": 20060718,
    "time_utc": 1200,
    "record": "",
    "status": "LO",
    "lat": "45.5N",
    "lng": "58.0W",
    "max_wind_kt": 30,
    "min_pressure_mb": 1007,
    "34kt_wind_radius_nm_ne": 0,
    "34kt_wind_radius_nm_se": 0,
    "34kt_wind_radius_nm_nw": 0,
    "34kt_wind_radius_nm_sw": 0,
    "50kt_wind_radius_nm_ne": 0,
    "50kt_wind_radius_nm_se": 0,
    "50kt_wind_radius_nm_nw": 0,
    "50kt_wind_radius_nm_sw": 0,
    "64kt_wind_radius_nm_ne": 0,
    "64kt_wind_radius_nm_se": 0,
    "64kt_wind_radius_nm_nw": 0,
    "64kt_wind_radius_nm_sw": 0,
    "max_wind_radius_nm": -999
  },
  {
    "date": 20060718,
    "time_utc": 1800,
    "record": "",
    "status": "LO",
    "lat": "47.1N",
    "lng": "55.8W",
    "max_wind_kt": 25,
    "min_pressure_mb": 1009,
    "34kt_wind_radius_nm_ne": 0,
    "34kt_wind_radius_nm_se": 0,
    "34kt_wind_radius_nm_nw": 0,
    "34kt_wind_radius_nm_sw": 0,
    "50kt_wind_radius_nm_ne": 0,
    "50kt_wind_radius_nm_se": 0,
    "50kt_wind_radius_nm_nw": 0,
    "50kt_wind_radius_nm_sw": 0,
    "64kt_wind_radius_nm_ne": 0,
    "64kt_wind_radius_nm_se": 0,
    "64kt_wind_radius_nm_nw": 0,
    "64kt_wind_radius_nm_sw": 0,
    "max_wind_radius_nm": -999
  },
  {
    "date": 20060719,
    "time_utc": 0,
    "record": "",
    "status": "LO",
    "lat": "48.6N",
    "lng": "52.9W",
    "max_wind_kt": 25,
    "min_pressure_mb": 1012,
    "34kt_wind_radius_nm_ne": 0,
    "34kt_wind_radius_nm_se": 0,
    "34kt_wind_radius_nm_nw": 0,
    "34kt_wind_radius_nm_sw": 0,
    "50kt_wind_radius_nm_ne": 0,
    "50kt_wind_radius_nm_se": 0,
    "50kt_wind_radius_nm_nw": 0,
    "50kt_wind_radius_nm_sw": 0,
    "64kt_wind_radius_nm_ne": 0,
    "64kt_wind_radius_nm_se": 0,
    "64kt_wind_radius_nm_nw": 0,
    "64kt_wind_radius_nm_sw": 0,
    "max_wind_radius_nm": -999
  },
  {
    "date": 20060719,
    "time_utc": 600,
    "record": "",
    "status": "LO",
    "lat": "49.2N",
    "lng": "49.4W",
    "max_wind_kt": 25,
    "min_pressure_mb": 1012,
    "34kt_wind_radius_nm_ne": 0,
    "34kt_wind_radius_nm_se": 0,
    "34kt_wind_radius_nm_nw": 0,
    "34kt_wind_radius_nm_sw": 0,
    "50kt_wind_radius_nm_ne": 0,
    "50kt_wind_radius_nm_se": 0,
    "50kt_wind_radius_nm_nw": 0,
    "50kt_wind_radius_nm_sw": 0,
    "64kt_wind_radius_nm_ne": 0,
    "64kt_wind_radius_nm_se": 0,
    "64kt_wind_radius_nm_nw": 0,
    "64kt_wind_radius_nm_sw": 0,
    "max_wind_radius_nm": -999
  },
  {
    "date": 20060719,
    "time_utc": 1200,
    "record": "",
    "status": "LO",
    "lat": "49.8N",
    "lng": "46.1W",
    "max_wind_kt": 25,
    "min_pressure_mb": 1014,
    "34kt_wind_radius_nm_ne": 0,
    "34kt_wind_radius_nm_se": 0,
    "34kt_wind_radius_nm_nw": 0,
    "34kt_wind_radius_nm_sw": 0,
    "50kt_wind_radius_nm_ne": 0,
    "50kt_wind_radius_nm_se": 0,
    "50kt_wind_radius_nm_nw": 0,
    "50kt_wind_radius_nm_sw": 0,
    "64kt_wind_radius_nm_ne": 0,
    "64kt_wind_radius_nm_se": 0,
    "64kt_wind_radius_nm_nw": 0,
    "64kt_wind_radius_nm_sw": 0,
    "max_wind_radius_nm": -999
  }
]