[
  {
    "date": "19240826",
    "time_utc": "0000",
    "record": "",
    "status": "TS",
    "lat": 13.7,
    "lng": -48.0,
    "max_wind_kt": 35,
    "min_pressure_mb": -999,
    "34kt_wind_radius_nm_ne": -999,
    "34kt_wind_radius_nm_se": -999,
    "34kt_wind_radius_nm_nw": -999,
    "34kt_wind_radius_nm_sw": -999,
    "50kt_wind_radius_nm_ne": -999,
    "50kt_wind_radius_nm_se": -999,
    "50kt_wind_radius_nm_nw": -999,
    "50kt_wind_radius_nm_sw": -999,
    "64kt_wind_radius_nm_ne": -999,
    "64kt_wind_radius_nm_se": -999,
    "64kt_wind_radius_nm_nw": -999,
    "64kt_wind_radius_nm_sw": -999,
    "max_wind_radius_nm": -999
  },
  {
    "date": "19240826",
    "time_utc": "0600",
    "record": "",
    "status": "TS",
    "lat": 13.7,
    "lng": -49.5,
    "max_wind_kt": 35,
    "min_pressure_mb": -999,
    "34kt_wind_radius_nm_ne": -999,
    "34kt_wind_radius_nm_se": -999,
    "34kt_wind_radius_nm_nw": -999,
    "34kt_wind_radius_nm_sw": -999,
    "50kt_wind_radius_nm_ne": -999,
    "50kt_wind_radius_nm_se": -999,
    "50kt_wind_radius_nm_nw": -999,
    "50kt_wind_radius_nm_sw": -999,
    "64kt_wind_radius_nm_ne": -999,
    "64kt_wind_radius_nm_se": -999,
    "64kt_wind_radius_nm_nw": -999,
    "64kt_wind_radius_nm_sw": -999,
    "max_wind_radius_nm": -999
  },
  {
    "date": "19240826",
    "time_utc": "1200",
    "record": "",
    "status": "TS",
    "lat": 13.8,
    "lng": -51.0,
    "max_wind_kt": 35,
    "min_pressure_mb": -999,
    "34kt_wind_radius_nm_ne": -999,
    "34kt_wind_radius_nm_se": -999,
    "34kt_wind_radius_nm_nw": -999,
    "34kt_wind_radius_nm_sw": -999,
    "50kt_wind_radius_nm_ne": -999,
    "50kt_wind_radius_nm_se": -999,
    "50kt_wind_radius_nm_nw": -999,
    "50kt_wind_radius_nm_sw": -999,
    "64kt_wind_radius_nm_ne": -999,
    "64kt_wind_radius_nm_se": -999,
    "64kt_wind_radius_nm_nw": -999,
    "64kt_wind_radius_nm_sw": -999,
    "max_wind_radius_nm": -999
  },
  {
    "date": "19240826",
    "time_utc": "1800",
    "record": "",
    "status": "TS",
    "lat": 14.0,
    "lng": -52.5,
    "max_wind_kt": 40,
    "min_pressure_mb": -999,
    "34kt_wind_radius_nm_ne": -999,
    "34kt_wind_radius_nm_se": -999,
    "34kt_wind_radius_nm_nw": -999,
    "34kt_wind_radius_nm_sw": -999,
    "50kt_wind_radius_nm_ne": -999,
    "50kt_wind_radius_nm_se": -999,
    "50kt_wind_radius_nm_nw": -999,
    "50kt_wind_radius_nm_sw": -999,
    "64kt_wind_radius_nm_ne": -999,
    "64kt_wind_radius_nm_se": -999,
    "64kt_wind_radius_nm_nw": -999,
    "64kt_wind_radius_nm_sw": -999,
    "max_wind_radius_nm": -999
  },
  {
    "date": "19240827",
    "time_utc": "0000",
    "record": "",
    "status": "TS",
    "lat": 14.4,
    "lng": -54.0,
    "max_wind_kt": 45,
    "min_pressure_mb": -999,
    "34kt_wind_radius_nm_ne": -999,
    "34kt_wind_radius_nm_se": -999,
    "34kt_wind_radius_nm_nw": -999,
    "34kt_wind_radius_nm_sw": -999,
    "50kt_wind_radius_nm_ne": -999,
    "50kt_wind_radius_nm_se": -999,
    "50kt_wind_radius_nm_nw": -999,
    "50kt_wind_radius_nm_sw": -999,
    "64kt_wind_radius_nm_ne": -999,
    "64kt_wind_radius_nm_se": -999,
    "64kt_wind_radius_nm_nw": -999,
    "64kt_wind_radius_nm_sw": -999,
    "max_wind_radius_nm": -999
  },
  {
    "date": "19240827",
    "time_utc": "0600",
    "record": "",
    "status": "TS",
    "lat": 14.9,
    "lng": -55.5,
    "max_wind_kt": 55,
    "min_pressure_mb": -999,
    "34kt_wind_radius_nm_ne": -999,
    "34kt_wind_radius_nm_se": -999,
    "34kt_wind_radius_nm_nw": -999,
    "34kt_wind_radius_nm_sw": -999,
    "50kt_wind_radius_nm_ne": -999,
    "50kt_wind_radius_nm_se": -999,
    "50kt_wind_radius_nm_nw": -999,
    "50kt_wind_radius_nm_sw": -999,
    "64kt_wind_radius_nm_ne": -999,
    "64kt_wind_radius_nm_se": -999,
    "64kt_wind_radius_nm_nw": -999,
    "64kt_wind_radius_nm_sw": -999,
    "max_wind_radius_nm": -999
  },
  {
    "date": "19240827",
    "time_utc": "1200",
    "record": "",
    "status": "HU",
    "lat": 15.3,
    "lng": -57.0,
    "max_wind_kt": 65,
    "min_pressure_mb": -999,
    "34kt_wind_radius_nm_ne": -999,
    "34kt_wind_radius_nm_se": -999,
    "34kt_wind_radius_nm_nw": -999,
    "34kt_wind_radius_nm_sw": -999,
    "50kt_wind_radius_nm_ne": -999,
    "50kt_wind_radius_nm_se": -999,
    "50kt_wind_radius_nm_nw": -999,
    "50kt_wind_radius_nm_sw": -999,
    "64kt_wind_radius_nm_ne": -999,
    "64kt_wind_radius_nm_se": -999,
    "64kt_wind_radius_nm_nw": -999,
    "64kt_wind_radius_nm_sw": -999,
    "max_wind_radius_nm": -999
  },
  {
    "date": "19240827",
    "time_utc": "1800",
    "record": "",
    "status": "HU",
    "lat": 15.6,
    "lng": -58.6,
    "max_wind_kt": 75,
    "min_pressure_mb": -999,
    "34kt_wind_radius_nm_ne": -999,
    "34kt_wind_radius_nm_se": -999,
    "34kt_wind_radius_nm_nw": -999,
    "34kt_wind_radius_nm_sw": -999,
    "50kt_wind_radius_nm_ne": -999,
    "50kt_wind_radius_nm_se": -999,
    "50kt_wind_radius_nm_nw": -999,
    "50kt_wind_radius_nm_sw": -999,
    "64kt_wind_radius_nm_ne": -999,
    "64kt_wind_radius_nm_se": -999,
    "64kt_wind_radius_nm_nw": -999,
    "64kt_wind_radius_nm_sw": -999,
    "max_wind_radius_nm": -999
  },
  {
    "date": "19240828",
    "time_utc": "0000",
    "record": "",
    "status": "HU",
    "lat": 16.1,
    "lng": -60.2,
    "max_wind_kt": 85,
    "min_pressure_mb": -999,
    "34kt_wind_radius_nm_ne": -999,
    "34kt_wind_radius_nm_se": -999,
    "34kt_wind_radius_nm_nw": -999,
    "34kt_wind_radius_nm_sw": -999,
    "50kt_wind_radius_nm_ne": -999,
    "50kt_wind_radius_nm_se": -999,
    "50kt_wind_radius_nm_nw": -999,
    "50kt_wind_radius_nm_sw": -999,
    "64kt_wind_radius_nm_ne": -999,
    "64kt_wind_radius_nm_se": -999,
    "64kt_wind_radius_nm_nw": -999,
    "64kt_wind_radius_nm_sw": -999,
    "max_wind_radius_nm": -999
  },
  {
    "date": "19240828",
    "time_utc": "0600",
    "record": "",
    "status": "HU",
    "lat": 16.6,
    "lng": -61.8,
    "max_wind_kt": 95,
    "min_pressure_mb": 965,
    "34kt_wind_radius_nm_ne": -999,
    "34kt_wind_radius_nm_se": -999,
    "34kt_wind_radius_nm_nw": -999,
    "34kt_wind_radius_nm_sw": -999,
    "50kt_wind_radius_nm_ne": -999,
    "50kt_wind_radius_nm_se": -999,
    "50kt_wind_radius_nm_nw": -999,
    "50kt_wind_radius_nm_sw": -999,
    "64kt_wind_radius_nm_ne": -999,
    "64kt_wind_radius_nm_se": -999,
    "64kt_wind_radius_nm_nw": -999,
    "64kt_wind_radius_nm_sw": -999,
    "max_wind_radius_nm": -999
  },
  {
    "date": "19240828",
    "time_utc": "1200",
    "record": "",
    "status": "HU",
    "lat": 17.1,
    "lng": -63.0,
    "max_wind_kt": 95,
    "min_pressure_mb": -999,
    "34kt_wind_radius_nm_ne": -999,
    "34kt_wind_radius_nm_se": -999,
    "34kt_wind_radius_nm_nw": -999,
    "34kt_wind_radius_nm_sw": -999,
    "50kt_wind_radius_nm_ne": -999,
    "50kt_wind_radius_nm_se": -999,
    "50kt_wind_radius_nm_nw": -999,
    "50kt_wind_radius_nm_sw": -999,
    "64kt_wind_radius_nm_ne": -999,
    "64kt_wind_radius_nm_se": -999,
    "64kt_wind_radius_nm_nw": -999,
    "64kt_wind_radius_nm_sw": -999,
    "max_wind_radius_nm": -999
  },
  {
    "date": "19240828",
    "time_utc": "1800",
    "record": "",
    "status": "HU",
    "lat": 17.6,
    "lng": -63.8,
    "max_wind_kt": 95,
    "min_pressure_mb": -999,
    "34kt_wind_radius_nm_ne": -999,
    "34kt_wind_radius_nm_se": -999,
    "34kt_wind_radius_nm_nw": -999,
    "34kt_wind_radius_nm_sw": -999,
    "50kt_wind_radius_nm_ne": -999,
    "50kt_wind_radius_nm_se": -999,
    "50kt_wind_radius_nm_nw": -999,
    "50kt_wind_radius_nm_sw": -999,
    "64kt_wind_radius_nm_ne": -999,
    "64kt_wind_radius_nm_se": -999,
    "64kt_wind_radius_nm_nw": -999,
    "64kt_wind_radius_nm_sw": -999,
    "max_wind_radius_nm": -999
  },
  {
    "date": "19240829",
    "time_utc": "0000",
    "record": "",
    "status": "HU",
    "lat": 18.1,
    "lng": -64.4,
    "max_wind_kt": 95,
    "min_pressure_mb": -999,
    "34kt_wind_radius_nm_ne": -999,
    "34kt_wind_radius_nm_se": -999,
    "34kt_wind_radius_nm_nw": -999,
    "34kt_wind_radius_nm_sw": -999,
    "50kt_wind_radius_nm_ne": -999,
    "50kt_wind_radius_nm_se": -999,
    "50kt_wind_radius_nm_nw": -999,
    "50kt_wind_radius_nm_sw": -999,
    "64kt_wind_radius_nm_ne": -999,
    "64kt_wind_radius_nm_se": -999,
    "64kt_wind_radius_nm_nw": -999,
    "64kt_wind_radius_nm_sw": -999,
    "max_wind_radius_nm": -999
  },
  {
    "date": "19240829",
    "time_utc": "0600",
    "record": "",
    "status": "HU",
    "lat": 18.5,
    "lng": -64.9,
    "max_wind_kt": 95,
    "min_pressure_mb": 967,
    "34kt_wind_radius_nm_ne": -999,
    "34kt_wind_radius_nm_se": -999,
    "34kt_wind_radius_nm_nw": -999,
    "34kt_wind_radius_nm_sw": -999,
    "50kt_wind_radius_nm_ne": -999,
    "50kt_wind_radius_nm_se": -999,
    "50kt_wind_radius_nm_nw": -999,
    "50kt_wind_radius_nm_sw": -999,
    "64kt_wind_radius_nm_ne": -999,
    "64kt_wind_radius_nm_se": -999,
    "64kt_wind_radius_nm_nw": -999,
    "64kt_wind_radius_nm_sw": -999,
    "max_wind_radius_nm": -999
  },
  {
    "date": "19240829",
    "time_utc": "1200",
    "record": "",
    "status": "HU",
    "lat": 19.0,
    "lng": -65.4,
    "max_wind_kt": 95,
    "min_pressure_mb": -999,
    "34kt_wind_radius_nm_ne": -999,
    "34kt_wind_radius_nm_se": -999,
    "34kt_wind_radius_nm_nw": -999,
    "34kt_wind_radius_nm_sw": -999,
    "50kt_wind_radius_nm_ne": -999,
    "50kt_wind_radius_nm_se": -999,
    "50kt_wind_radius_nm_nw": -999,
    "50kt_wind_radius_nm_sw": -999,
    "64kt_wind_radius_nm_ne": -999,
    "64kt_wind_radius_nm_se": -999,
    "64kt_wind_radius_nm_nw": -999,
    "64kt_wind_radius_nm_sw": -999,
    "max_wind_radius_nm": -999
  },
  {
    "date": "19240829",
    "time_utc": "1800",
    "record": "",
    "status": "HU",
    "lat": 19.5,
    "lng": -65.9,
    "max_wind_kt": 95,
    "min_pressure_mb": -999,
    "34kt_wind_radius_nm_ne": -999,
    "34kt_wind_radius_nm_se": -999,
    "34kt_wind_radius_nm_nw": -999,
    "34kt_wind_radius_nm_sw": -999,
    "50kt_wind_radius_nm_ne": -999,
    "50kt_wind_radius_nm_se": -999,
    "50kt_wind_radius_nm_nw": -999,
    "50kt_wind_radius_nm_sw": -999,
    "64kt_wind_radius_nm_ne": -999,
    "64kt_wind_radius_nm_se": -999,
    "64kt_wind_radius_nm_nw": -999,
    "64kt_wind_radius_nm_sw": -999,
    "max_wind_radius_nm": -999
  },
  {
    "date": "19240830",
    "time_utc": "0000",
    "record": "",
    "status": "HU",
    "lat": 20.0,
    "lng": -66.3,
    "max_wind_kt": 90,
    "min_pressure_mb": -999,
    "34kt_wind_radius_nm_ne": -999,
    "34kt_wind_radius_nm_se": -999,
    "34kt_wind_radius_nm_nw": -999,
    "34kt_wind_radius_nm_sw": -999,
    "50kt_wind_radius_nm_ne": -999,
    "50kt_wind_radius_nm_se": -999,
    "50kt_wind_radius_nm_nw": -999,
    "50kt_wind_radius_nm_sw": -999,
    "64kt_wind_radius_nm_ne": -999,
    "64kt_wind_radius_nm_se": -999,
    "64kt_wind_radius_nm_nw": -999,
    "64kt_wind_radius_nm_sw": -999,
    "max_wind_radius_nm": -999
  },
  {
    "date": "19240830",
    "time_utc": "0600",
    "record": "",
    "status": "HU",
    "lat": 20.5,
    "lng": -66.7,
    "max_wind_kt": 90,
    "min_pressure_mb": -999,
    "34kt_wind_radius_nm_ne": -999,
    "34kt_wind_radius_nm_se": -999,
    "34kt_wind_radius_nm_nw": -999,
    "34kt_wind_radius_nm_sw": -999,
    "50kt_wind_radius_nm_ne": -999,
    "50kt_wind_radius_nm_se": -999,
    "50kt_wind_radius_nm_nw": -999,
    "50kt_wind_radius_nm_sw": -999,
    "64kt_wind_radius_nm_ne": -999,
    "64kt_wind_radius_nm_se": -999,
    "64kt_wind_radius_nm_nw": -999,
    "64kt_wind_radius_nm_sw": -999,
    "max_wind_radius_nm": -999
  },
  {
    "date": "19240830",
    "time_utc": "1200",
    "record": "",
    "status": "HU",
    "lat": 21.0,
    "lng": -67.0,
    "max_wind_kt": 90,
    "min_pressure_mb": -999,
    "34kt_wind_radius_nm_ne": -999,
    "34kt_wind_radius_nm_se": -999,
    "34kt_wind_radius_nm_nw": -999,
    "34kt_wind_radius_nm_sw": -999,
    "50kt_wind_radius_nm_ne": -999,
    "50kt_wind_radius_nm_se": -999,
    "50kt_wind_radius_nm_nw": -999,
    "50kt_wind_radius_nm_sw": -999,
    "64kt_wind_radius_nm_ne": -999,
    "64kt_wind_radius_nm_se": -999,
    "64kt_wind_radius_nm_nw": -999,
    "64kt_wind_radius_nm_sw": -999,
    "max_wind_radius_nm": -999
  },
  {
    "date": "19240830",
    "time_utc": "1800",
    "record": "",
    "status": "HU",
    "lat": 21.3,
    "lng": -67.2,
    "max_wind_kt": 90,
    "min_pressure_mb": -999,
    "34kt_wind_radius_nm_ne": -999,
    "34kt_wind_radius_nm_se": -999,
    "34kt_wind_radius_nm_nw": -999,
    "34kt_wind_radius_nm_sw": -999,
    "50kt_wind_radius_nm_ne": -999,
    "50kt_wind_radius_nm_se": -999,
    "50kt_wind_radius_nm_nw": -999,
    "50kt_wind_radius_nm_sw": -999,
    "64kt_wind_radius_nm_ne": -999,
    "64kt_wind_radius_nm_se": -999,
    "64kt_wind_radius_nm_nw": -999,
    "64kt_wind_radius_nm_sw": -999,
    "max_wind_radius_nm": -999
  },
  {
    "date": "19240831",
    "time_utc": "0000",
    "record": "",
    "status": "HU",
    "lat": 21.5,
    "lng": -67.4,
    "max_wind_kt": 90,
    "min_pressure_mb": -999,
    "34kt_wind_radius_nm_ne": -999,
    "34kt_wind_radius_nm_se": -999,
    "34kt_wind_radius_nm_nw": -999,
    "34kt_wind_radius_nm_sw": -999,
    "50kt_wind_radius_nm_ne": -999,
    "50kt_wind_radius_nm_se": -999,
    "50kt_wind_radius_nm_nw": -999,
    "50kt_wind_radius_nm_sw": -999,
    "64kt_wind_radius_nm_ne": -999,
    "64kt_wind_radius_nm_se": -999,
    "64kt_wind_radius_nm_nw": -999,
    "64kt_wind_radius_nm_sw": -999,
    "max_wind_radius_nm": -999
  },
  {
    "date": "19240831",
    "time_utc": "0600",
    "record": "",
    "status": "HU",
    "lat": 21.6,
    "lng": -67.6,
    "max_wind_kt": 90,
    "min_pressure_mb": -999,
    "34kt_wind_radius_nm_ne": -999,
    "34kt_wind_radius_nm_se": -999,
    "34kt_wind_radius_nm_nw": -999,
    "34kt_wind_radius_nm_sw": -999,
    "50kt_wind_radius_nm_ne": -999,
    "50kt_wind_radius_nm_se": -999,
    "50kt_wind_radius_nm_nw": -999,
    "50kt_wind_radius_nm_sw": -999,
    "64kt_wind_radius_nm_ne": -999,
    "64kt_wind_radius_nm_se": -999,
    "64kt_wind_radius_nm_nw": -999,
    "64kt_wind_radius_nm_sw": -999,
    "max_wind_radius_nm": -999
  },
  {
    "date": "19240831",
    "time_utc": "1200",
    "record": "",
    "status": "HU",
    "lat": 21.8,
    "lng": -67.8,
    "max_wind_kt": 90,
    "min_pressure_mb": -999,
    "34kt_wind_radius_nm_ne": -999,
    "34kt_wind_radius_nm_se": -999,
    "34kt_wind_radius_nm_nw": -999,
    "34kt_wind_radius_nm_sw": -999,
    "50kt_wind_radius_nm_ne": -999,
    "50kt_wind_radius_nm_se": -999,
    "50kt_wind_radius_nm_nw": -999,
    "50kt_wind_radius_nm_sw": -999,
    "64kt_wind_radius_nm_ne": -999,
    "64kt_wind_radius_nm_se": -999,
    "64kt_wind_radius_nm_nw": -999,
    "64kt_wind_radius_nm_sw": -999,
    "max_wind_radius_nm": -999
  },
  {
    "date": "19240831",
    "time_utc": "1800",
    "record": "",
    "status": "HU",
    "lat": 22.0,
    "lng": -68.0,
    "max_wind_kt": 90,
    "min_pressure_mb": -999,
    "34kt_wind_radius_nm_ne": -999,
    "34kt_wind_radius_nm_se": -999,
    "34kt_wind_radius_nm_nw": -999,
    "34kt_wind_radius_nm_sw": -999,
    "50kt_wind_radius_nm_ne": -999,
    "50kt_wind_radius_nm_se": -999,
    "50kt_wind_radius_nm_nw": -999,
    "50kt_wind_radius_nm_sw": -999,
    "64kt_wind_radius_nm_ne": -999,
    "64kt_wind_radius_nm_se": -999,
    "64kt_wind_radius_nm_nw": -999,
    "64kt_wind_radius_nm_sw": -999,
    "max_wind_radius_nm": -999
  },
  {
    "date": "19240901",
    "time_utc": "0000",
    "record": "",
    "status": "HU",
    "lat": 22.3,
    "lng": -68.1,
    "max_wind_kt": 90,
    "min_pressure_mb": -999,
    "34kt_wind_radius_nm_ne": -999,
    "34kt_wind_radius_nm_se": -999,
    "34kt_wind_radius_nm_nw": -999,
    "34kt_wind_radius_nm_sw": -999,
    "50kt_wind_radius_nm_ne": -999,
    "50kt_wind_radius_nm_se": -999,
    "50kt_wind_radius_nm_nw": -999,
    "50kt_wind_radius_nm_sw": -999,
    "64kt_wind_radius_nm_ne": -999,
    "64kt_wind_radius_nm_se": -999,
    "64kt_wind_radius_nm_nw": -999,
    "64kt_wind_radius_nm_sw": -999,
    "max_wind_radius_nm": -999
  },
  {
    "date": "19240901",
    "time_utc": "0600",
    "record": "",
    "status": "HU",
    "lat": 22.6,
    "lng": -68.2,
    "max_wind_kt": 90,
    "min_pressure_mb": -999,
    "34kt_wind_radius_nm_ne": -999,
    "34kt_wind_radius_nm_se": -999,
    "34kt_wind_radius_nm_nw": -999,
    "34kt_wind_radius_nm_sw": -999,
    "50kt_wind_radius_nm_ne": -999,
    "50kt_wind_radius_nm_se": -999,
    "50kt_wind_radius_nm_nw": -999,
    "50kt_wind_radius_nm_sw": -999,
    "64kt_wind_radius_nm_ne": -999,
    "64kt_wind_radius_nm_se": -999,
    "64kt_wind_radius_nm_nw": -999,
    "64kt_wind_radius_nm_sw": -999,
    "max_wind_radius_nm": -999
  },
  {
    "date": "19240901",
    "time_utc": "1200",
    "record": "",
    "status": "HU",
    "lat": 23.0,
    "lng": -68.3,
    "max_wind_kt": 90,
    "min_pressure_mb": -999,
    "34kt_wind_radius_nm_ne": -999,
    "34kt_wind_radius_nm_se": -999,
    "34kt_wind_radius_nm_nw": -999,
    "34kt_wind_radius_nm_sw": -999,
    "50kt_wind_radius_nm_ne": -999,
    "50kt_wind_radius_nm_se": -999,
    "50kt_wind_radius_nm_nw": -999,
    "50kt_wind_radius_nm_sw": -999,
    "64kt_wind_radius_nm_ne": -999,
    "64kt_wind_radius_nm_se": -999,
    "64kt_wind_radius_nm_nw": -999,
    "64kt_wind_radius_nm_sw": -999,
    "max_wind_radius_nm": -999
  },
  {
    "date": "19240901",
    "time_utc": "1800",
    "record": "",
    "status": "HU",
    "lat": 23.6,
    "lng": -68.4,
    "max_wind_kt": 90,
    "min_pressure_mb": -999,
    "34kt_wind_radius_nm_ne": -999,
    "34kt_wind_radius_nm_se": -999,
    "34kt_wind_radius_nm_nw": -999,
    "34kt_wind_radius_nm_sw": -999,
    "50kt_wind_radius_nm_ne": -999,
    "50kt_wind_radius_nm_se": -999,
    "50kt_wind_radius_nm_nw": -999,
    "50kt_wind_radius_nm_sw": -999,
    "64kt_wind_radius_nm_ne": -999,
    "64kt_wind_radius_nm_se": -999,
    "64kt_wind_radius_nm_nw": -999,
    "64kt_wind_radius_nm_sw": -999,
    "max_wind_radius_nm": -999
  },
  {
    "date": "19240902",
    "time_utc": "0000",
    "record": "",
    "status": "HU",
    "lat": 24.3,
    "lng": -68.5,
    "max_wind_kt": 90,
    "min_pressure_mb": -999,
    "34kt_wind_radius_nm_ne": -999,
    "34kt_wind_radius_nm_se": -999,
    "34kt_wind_radius_nm_nw": -999,
    "34kt_wind_radius_nm_sw": -999,
    "50kt_wind_radius_nm_ne": -999,
    "50kt_wind_radius_nm_se": -999,
    "50kt_wind_radius_nm_nw": -999,
    "50kt_wind_radius_nm_sw": -999,
    "64kt_wind_radius_nm_ne": -999,
    "64kt_wind_radius_nm_se": -999,
    "64kt_wind_radius_nm_nw": -999,
    "64kt_wind_radius_nm_sw": -999,
    "max_wind_radius_nm": -999
  },
  {
    "date": "19240902",
    "time_utc": "0600",
    "record": "",
    "status": "HU",
    "lat": 25.2,
    "lng": -68.6,
    "max_wind_kt": 90,
    "min_pressure_mb": -999,
    "34kt_wind_radius_nm_ne": -999,
    "34kt_wind_radius_nm_se": -999,
    "34kt_wind_radius_nm_nw": -999,
    "34kt_wind_radius_nm_sw": -999,
    "50kt_wind_radius_nm_ne": -999,
    "50kt_wind_radius_nm_se": -999,
    "50kt_wind_radius_nm_nw": -999,
    "50kt_wind_radius_nm_sw": -999,
    "64kt_wind_radius_nm_ne": -999,
    "64kt_wind_radius_nm_se": -999,
    "64kt_wind_radius_nm_nw": -999,
    "64kt_wind_radius_nm_sw": -999,
    "max_wind_radius_nm": -999
  },
  {
    "date": "19240902",
    "time_utc": "1200",
    "record": "",
    "status": "HU",
    "lat": 26.3,
    "lng": -68.7,
    "max_wind_kt": 85,
    "min_pressure_mb": -999,
    "34kt_wind_radius_nm_ne": -999,
    "34kt_wind_radius_nm_se": -999,
    "34kt_wind_radius_nm_nw": -999,
    "34kt_wind_radius_nm_sw": -999,
    "50kt_wind_radius_nm_ne": -999,
    "50kt_wind_radius_nm_se": -999,
    "50kt_wind_radius_nm_nw": -999,
    "50kt_wind_radius_nm_sw": -999,
    "64kt_wind_radius_nm_ne": -999,
    "64kt_wind_radius_nm_se": -999,
    "64kt_wind_radius_nm_nw": -999,
    "64kt_wind_radius_nm_sw": -999,
    "max_wind_radius_nm": -999
  },
  {
    "date": "19240902",
    "time_utc": "1800",
    "record": "",
    "status": "HU",
    "lat": 27.5,
    "lng": -68.8,
    "max_wind_kt": 85,
    "min_pressure_mb": -999,
    "34kt_wind_radius_nm_ne": -999,
    "34kt_wind_radius_nm_se": -999,
    "34kt_wind_radius_nm_nw": -999,
    "34kt_wind_radius_nm_sw": -999,
    "50kt_wind_radius_nm_ne": -999,
    "50kt_wind_radius_nm_se": -999,
    "50kt_wind_radius_nm_nw": -999,
    "50kt_wind_radius_nm_sw": -999,
    "64kt_wind_radius_nm_ne": -999,
    "64kt_wind_radius_nm_se": -999,
    "64kt_wind_radius_nm_nw": -999,
    "64kt_wind_radius_nm_sw": -999,
    "max_wind_radius_nm": -999
  },
  {
    "date": "19240903",
    "time_utc": "0000",
    "record": "",
    "status": "HU",
    "lat": 28.9,
    "lng": -68.9,
    "max_wind_kt": 85,
    "min_pressure_mb": -999,
    "34kt_wind_radius_nm_ne": -999,
    "34kt_wind_radius_nm_se": -999,
    "34kt_wind_radius_nm_nw": -999,
    "34kt_wind_radius_nm_sw": -999,
    "50kt_wind_radius_nm_ne": -999,
    "50kt_wind_radius_nm_se": -999,
    "50kt_wind_radius_nm_nw": -999,
    "50kt_wind_radius_nm_sw": -999,
    "64kt_wind_radius_nm_ne": -999,
    "64kt_wind_radius_nm_se": -999,
    "64kt_wind_radius_nm_nw": -999,
    "64kt_wind_radius_nm_sw": -999,
    "max_wind_radius_nm": -999
  },
  {
    "date": "19240903",
    "time_utc": "0600",
    "record": "",
    "status": "HU",
    "lat": 30.5,
    "lng": -68.8,
    "max_wind_kt": 80,
    "min_pressure_mb": -999,
    "34kt_wind_radius_nm_ne": -999,
    "34kt_wind_radius_nm_se": -999,
    "34kt_wind_radius_nm_nw": -999,
    "34kt_wind_radius_nm_sw": -999,
    "50kt_wind_radius_nm_ne": -999,
    "50kt_wind_radius_nm_se": -999,
    "50kt_wind_radius_nm_nw": -999,
    "50kt_wind_radius_nm_sw": -999,
    "64kt_wind_radius_nm_ne": -999,
    "64kt_wind_radius_nm_se": -999,
    "64kt_wind_radius_nm_nw": -999,
    "64kt_wind_radius_nm_sw": -999,
    "max_wind_radius_nm": -999
  },
  {
    "date": "19240903",
    "time_utc": "1200",
    "record": "",
    "status": "HU",
    "lat": 32.2,
    "lng": -68.5,
    "max_wind_kt": 80,
    "min_pressure_mb": -999,
    "34kt_wind_radius_nm_ne": -999,
    "34kt_wind_radius_nm_se": -999,
    "34kt_wind_radius_nm_nw": -999,
    "34kt_wind_radius_nm_sw": -999,
    "50kt_wind_radius_nm_ne": -999,
    "50kt_wind_radius_nm_se": -999,
    "50kt_wind_radius_nm_nw": -999,
    "50kt_wind_radius_nm_sw": -999,
    "64kt_wind_radius_nm_ne": -999,
    "64kt_wind_radius_nm_se": -999,
    "64kt_wind_radius_nm_nw": -999,
    "64kt_wind_radius_nm_sw": -999,
    "max_wind_radius_nm": -999
  },
  {
    "date": "19240903",
    "time_utc": "1800",
    "record": "",
    "status": "HU",
    "lat": 34.1,
    "lng": -68.0,
    "max_wind_kt": 80,
    "min_pressure_mb": -999,
    "34kt_wind_radius_nm_ne": -999,
    "34kt_wind_radius_nm_se": -999,
    "34kt_wind_radius_nm_nw": -999,
    "34kt_wind_radius_nm_sw": -999,
    "50kt_wind_radius_nm_ne": -999,
    "50kt_wind_radius_nm_se": -999,
    "50kt_wind_radius_nm_nw": -999,
    "50kt_wind_radius_nm_sw": -999,
    "64kt_wind_radius_nm_ne": -999,
    "64kt_wind_radius_nm_se": -999,
    "64kt_wind_radius_nm_nw": -999,
    "64kt_wind_radius_nm_sw": -999,
    "max_wind_radius_nm": -999
  },
  {
    "date": "19240904",
    "time_utc": "0000",
    "record": "",
    "status": "EX",
    "lat": 36.3,
    "lng": -67.0,
    "max_wind_kt": 75,
    "min_pressure_mb": -999,
    "34kt_wind_radius_nm_ne": -999,
    "34kt_wind_radius_nm_se": -999,
    "34kt_wind_radius_nm_nw": -999,
    "34kt_wind_radius_nm_sw": -999,
    "50kt_wind_radius_nm_ne": -999,
    "50kt_wind_radius_nm_se": -999,
    "50kt_wind_radius_nm_nw": -999,
    "50kt_wind_radius_nm_sw": -999,
    "64kt_wind_radius_nm_ne": -999,
    "64kt_wind_radius_nm_se": -999,
    "64kt_wind_radius_nm_nw": -999,
    "64kt_wind_radius_nm_sw": -999,
    "max_wind_radius_nm": -999
  },
  {
    "date": "19240904",
    "time_utc": "0600",
    "record": "",
    "status": "EX",
    "lat": 38.6,
    "lng": -66.0,
    "max_wind_kt": 75,
    "min_pressure_mb": -999,
    "34kt_wind_radius_nm_ne": -999,
    "34kt_wind_radius_nm_se": -999,
    "34kt_wind_radius_nm_nw": -999,
    "34kt_wind_radius_nm_sw": -999,
    "50kt_wind_radius_nm_ne": -999,
    "50kt_wind_radius_nm_se": -999,
    "50kt_wind_radius_nm_nw": -999,
    "50kt_wind_radius_nm_sw": -999,
    "64kt_wind_radius_nm_ne": -999,
    "64kt_wind_radius_nm_se": -999,
    "64kt_wind_radius_nm_nw": -999,
    "64kt_wind_radius_nm_sw": -999,
    "max_wind_radius_nm": -999
  },
  {
    "date": "19240904",
    "time_utc": "1200",
    "record": "",
    "status": "EX",
    "lat": 40.8,
    "lng": -64.8,
    "max_wind_kt": 70,
    "min_pressure_mb": -999,
    "34kt_wind_radius_nm_ne": -999,
    "34kt_wind_radius_nm_se": -999,
    "34kt_wind_radius_nm_nw": -999,
    "34kt_wind_radius_nm_sw": -999,
    "50kt_wind_radius_nm_ne": -999,
    "50kt_wind_radius_nm_se": -999,
    "50kt_wind_radius_nm_nw": -999,
    "50kt_wind_radius_nm_sw": -999,
    "64kt_wind_radius_nm_ne": -999,
    "64kt_wind_radius_nm_se": -999,
    "64kt_wind_radius_nm_nw": -999,
    "64kt_wind_radius_nm_sw": -999,
    "max_wind_radius_nm": -999
  },
  {
    "date": "19240904",
    "time_utc": "1800",
    "record": "",
    "status": "EX",
    "lat": 43.0,
    "lng": -63.1,
    "max_wind_kt": 70,
    "min_pressure_mb": -999,
    "34kt_wind_radius_nm_ne": -999,
    "34kt_wind_radius_nm_se": -999,
    "34kt_wind_radius_nm_nw": -999,
    "34kt_wind_radius_nm_sw": -999,
    "50kt_wind_radius_nm_ne": -999,
    "50kt_wind_radius_nm_se": -999,
    "50kt_wind_radius_nm_nw": -999,
    "50kt_wind_radius_nm_sw": -999,
    "64kt_wind_radius_nm_ne": -999,
    "64kt_wind_radius_nm_se": -999,
    "64kt_wind_radius_nm_nw": -999,
    "64kt_wind_radius_nm_sw": -999,
    "max_wind_radius_nm": -999
  },
  {
    "date": "19240905",
    "time_utc": "0000",
    "record": "",
    "status": "EX",
    "lat": 45.1,
    "lng": -61.1,
    "max_wind_kt": 65,
    "min_pressure_mb": -999,
    "34kt_wind_radius_nm_ne": -999,
    "34kt_wind_radius_nm_se": -999,
    "34kt_wind_radius_nm_nw": -999,
    "34kt_wind_radius_nm_sw": -999,
    "50kt_wind_radius_nm_ne": -999,
    "50kt_wind_radius_nm_se": -999,
    "50kt_wind_radius_nm_nw": -999,
    "50kt_wind_radius_nm_sw": -999,
    "64kt_wind_radius_nm_ne": -999,
    "64kt_wind_radius_nm_se": -999,
    "64kt_wind_radius_nm_nw": -999,
    "64kt_wind_radius_nm_sw": -999,
    "max_wind_radius_nm": -999
  },
  {
    "date": "19240905",
    "time_utc": "0600",
    "record": "",
    "status": "EX",
    "lat": 47.2,
    "lng": -58.7,
    "max_wind_kt": 55,
    "min_pressure_mb": -999,
    "34kt_wind_radius_nm_ne": -999,
    "34kt_wind_radius_nm_se": -999,
    "34kt_wind_radius_nm_nw": -999,
    "34kt_wind_radius_nm_sw": -999,
    "50kt_wind_radius_nm_ne": -999,
    "50kt_wind_radius_nm_se": -999,
    "50kt_wind_radius_nm_nw": -999,
    "50kt_wind_radius_nm_sw": -999,
    "64kt_wind_radius_nm_ne": -999,
    "64kt_wind_radius_nm_se": -999,
    "64kt_wind_radius_nm_nw": -999,
    "64kt_wind_radius_nm_sw": -999,
    "max_wind_radius_nm": -999
  },
  {
    "date": "19240905",
    "time_utc": "1200",
    "record": "",
    "status": "EX",
    "lat": 49.2,
    "lng": -56.0,
    "max_wind_kt": 50,
    "min_pressure_mb": -999,
    "34kt_wind_radius_nm_ne": -999,
    "34kt_wind_radius_nm_se": -999,
    "34kt_wind_radius_nm_nw": -999,
    "34kt_wind_radius_nm_sw": -999,
    "50kt_wind_radius_nm_ne": -999,
    "50kt_wind_radius_nm_se": -999,
    "50kt_wind_radius_nm_nw": -999,
    "50kt_wind_radius_nm_sw": -999,
    "64kt_wind_radius_nm_ne": -999,
    "64kt_wind_radius_nm_se": -999,
    "64kt_wind_radius_nm_nw": -999,
    "64kt_wind_radius_nm_sw": -999,
    "max_wind_radius_nm": -999
  },
  {
    "date": "19240905",
    "time_utc": "1800",
    "record": "",
    "status": "EX",
    "lat": 50.6,
    "lng": -52.4,
    "max_wind_kt": 45,
    "min_pressure_mb": -999,
    "34kt_wind_radius_nm_ne": -999,
    "34kt_wind_radius_nm_se": -999,
    "34kt_wind_radius_nm_nw": -999,
    "34kt_wind_radius_nm_sw": -999,
    "50kt_wind_radius_nm_ne": -999,
    "50kt_wind_radius_nm_se": -999,
    "50kt_wind_radius_nm_nw": -999,
    "50kt_wind_radius_nm_sw": -999,
    "64kt_wind_radius_nm_ne": -999,
    "64kt_wind_radius_nm_se": -999,
    "64kt_wind_radius_nm_nw": -999,
    "64kt_wind_radius_nm_sw": -999,
    "max_wind_radius_nm": -999
  },
  {
    "date": "19240906",
    "time_utc": "0000",
    "record": "",
    "status": "EX",
    "lat": 51.3,
    "lng": -49.2,
    "max_wind_kt": 40,
    "min_pressure_mb": -999,
    "34kt_wind_radius_nm_ne": -999,
    "34kt_wind_radius_nm_se": -999,
    "34kt_wind_radius_nm_nw": -999,
    "34kt_wind_radius_nm_sw": -999,
    "50kt_wind_radius_nm_ne": -999,
    "50kt_wind_radius_nm_se": -999,
    "50kt_wind_radius_nm_nw": -999,
    "50kt_wind_radius_nm_sw": -999,
    "64kt_wind_radius_nm_ne": -999,
    "64kt_wind_radius_nm_se": -999,
    "64kt_wind_radius_nm_nw": -999,
    "64kt_wind_radius_nm_sw": -999,
    "max_wind_radius_nm": -999
  },
  {
    "date": "19240906",
    "time_utc": "0600",
    "record": "",
    "status": "EX",
    "lat": 52.0,
    "lng": -46.0,
    "max_wind_kt": 35,
    "min_pressure_mb": -999,
    "34kt_wind_radius_nm_ne": -999,
    "34kt_wind_radius_nm_se": -999,
    "34kt_wind_radius_nm_nw": -999,
    "34kt_wind_radius_nm_sw": -999,
    "50kt_wind_radius_nm_ne": -999,
    "50kt_wind_radius_nm_se": -999,
    "50kt_wind_radius_nm_nw": -999,
    "50kt_wind_radius_nm_sw": -999,
    "64kt_wind_radius_nm_ne": -999,
    "64kt_wind_radius_nm_se": -999,
    "64kt_wind_radius_nm_nw": -999,
    "64kt_wind_radius_nm_sw": -999,
    "max_wind_radius_nm": -999
  },
  {
    "date": "19240906",
    "time_utc": "1200",
    "record": "",
    "status": "EX",
    "lat": 52.1,
    "lng": -42.6,
    "max_wind_kt": 35,
    "min_pressure_mb": -999,
    "34kt_wind_radius_nm_ne": -999,
    "34kt_wind_radius_nm_se": -999,
    "34kt_wind_radius_nm_nw": -999,
    "34kt_wind_radius_nm_sw": -999,
    "50kt_wind_radius_nm_ne": -999,
    "50kt_wind_radius_nm_se": -999,
    "50kt_wind_radius_nm_nw": -999,
    "50kt_wind_radius_nm_sw": -999,
    "64kt_wind_radius_nm_ne": -999,
    "64kt_wind_radius_nm_se": -999,
    "64kt_wind_radius_nm_nw": -999,
    "64kt_wind_radius_nm_sw": -999,
    "max_wind_radius_nm": -999
  },
  {
    "date": "19240906",
    "time_utc": "1800",
    "record": "",
    "status": "EX",
    "lat": 51.8,
    "lng": -38.6,
    "max_wind_kt": 35,
    "min_pressure_mb": -999,
    "34kt_wind_radius_nm_ne": -999,
    "34kt_wind_radius_nm_se": -999,
    "34kt_wind_radius_nm_nw": -999,
    "34kt_wind_radius_nm_sw": -999,
    "50kt_wind_radius_nm_ne": -999,
    "50kt_wind_radius_nm_se": -999,
    "50kt_wind_radius_nm_nw": -999,
    "50kt_wind_radius_nm_sw": -999,
    "64kt_wind_radius_nm_ne": -999,
    "64kt_wind_radius_nm_se": -999,
    "64kt_wind_radius_nm_nw": -999,
    "64kt_wind_radius_nm_sw": -999,
    "max_wind_radius_nm": -999
  }
]