[
  {
    "id": "AL091948_Unnamed",
    "image": "",
    "fatalaties": 0,
    "cost_usd": 0,
    "retired": "false"
  },
  {
    "date": "19480918",
    "time_utc": "0600",
    "record": "",
    "status": "TS",
    "lat": 18.2,
    "lng": -79.2,
    "max_wind_kt": 40,
    "min_pressure_mb": -999,
    "34kt_wind_radius_nm_ne": -999,
    "34kt_wind_radius_nm_se": -999,
    "34kt_wind_radius_nm_nw": -999,
    "34kt_wind_radius_nm_sw": -999,
    "50kt_wind_radius_nm_ne": -999,
    "50kt_wind_radius_nm_se": -999,
    "50kt_wind_radius_nm_nw": -999,
    "50kt_wind_radius_nm_sw": -999,
    "64kt_wind_radius_nm_ne": -999,
    "64kt_wind_radius_nm_se": -999,
    "64kt_wind_radius_nm_nw": -999,
    "64kt_wind_radius_nm_sw": -999,
    "max_wind_radius_nm": -999
  },
  {
    "date": "19480918",
    "time_utc": "1200",
    "record": "",
    "status": "TS",
    "lat": 18.2,
    "lng": -79.8,
    "max_wind_kt": 50,
    "min_pressure_mb": -999,
    "34kt_wind_radius_nm_ne": -999,
    "34kt_wind_radius_nm_se": -999,
    "34kt_wind_radius_nm_nw": -999,
    "34kt_wind_radius_nm_sw": -999,
    "50kt_wind_radius_nm_ne": -999,
    "50kt_wind_radius_nm_se": -999,
    "50kt_wind_radius_nm_nw": -999,
    "50kt_wind_radius_nm_sw": -999,
    "64kt_wind_radius_nm_ne": -999,
    "64kt_wind_radius_nm_se": -999,
    "64kt_wind_radius_nm_nw": -999,
    "64kt_wind_radius_nm_sw": -999,
    "max_wind_radius_nm": -999
  },
  {
    "date": "19480918",
    "time_utc": "1800",
    "record": "",
    "status": "TS",
    "lat": 18.3,
    "lng": -80.4,
    "max_wind_kt": 60,
    "min_pressure_mb": 994,
    "34kt_wind_radius_nm_ne": -999,
    "34kt_wind_radius_nm_se": -999,
    "34kt_wind_radius_nm_nw": -999,
    "34kt_wind_radius_nm_sw": -999,
    "50kt_wind_radius_nm_ne": -999,
    "50kt_wind_radius_nm_se": -999,
    "50kt_wind_radius_nm_nw": -999,
    "50kt_wind_radius_nm_sw": -999,
    "64kt_wind_radius_nm_ne": -999,
    "64kt_wind_radius_nm_se": -999,
    "64kt_wind_radius_nm_nw": -999,
    "64kt_wind_radius_nm_sw": -999,
    "max_wind_radius_nm": -999
  },
  {
    "date": "19480919",
    "time_utc": "0000",
    "record": "",
    "status": "HU",
    "lat": 18.5,
    "lng": -80.8,
    "max_wind_kt": 70,
    "min_pressure_mb": -999,
    "34kt_wind_radius_nm_ne": -999,
    "34kt_wind_radius_nm_se": -999,
    "34kt_wind_radius_nm_nw": -999,
    "34kt_wind_radius_nm_sw": -999,
    "50kt_wind_radius_nm_ne": -999,
    "50kt_wind_radius_nm_se": -999,
    "50kt_wind_radius_nm_nw": -999,
    "50kt_wind_radius_nm_sw": -999,
    "64kt_wind_radius_nm_ne": -999,
    "64kt_wind_radius_nm_se": -999,
    "64kt_wind_radius_nm_nw": -999,
    "64kt_wind_radius_nm_sw": -999,
    "max_wind_radius_nm": -999
  },
  {
    "date": "19480919",
    "time_utc": "0600",
    "record": "",
    "status": "HU",
    "lat": 18.8,
    "lng": -81.1,
    "max_wind_kt": 80,
    "min_pressure_mb": -999,
    "34kt_wind_radius_nm_ne": -999,
    "34kt_wind_radius_nm_se": -999,
    "34kt_wind_radius_nm_nw": -999,
    "34kt_wind_radius_nm_sw": -999,
    "50kt_wind_radius_nm_ne": -999,
    "50kt_wind_radius_nm_se": -999,
    "50kt_wind_radius_nm_nw": -999,
    "50kt_wind_radius_nm_sw": -999,
    "64kt_wind_radius_nm_ne": -999,
    "64kt_wind_radius_nm_se": -999,
    "64kt_wind_radius_nm_nw": -999,
    "64kt_wind_radius_nm_sw": -999,
    "max_wind_radius_nm": -999
  },
  {
    "date": "19480919",
    "time_utc": "1200",
    "record": "",
    "status": "HU",
    "lat": 19.2,
    "lng": -81.5,
    "max_wind_kt": 90,
    "min_pressure_mb": -999,
    "34kt_wind_radius_nm_ne": -999,
    "34kt_wind_radius_nm_se": -999,
    "34kt_wind_radius_nm_nw": -999,
    "34kt_wind_radius_nm_sw": -999,
    "50kt_wind_radius_nm_ne": -999,
    "50kt_wind_radius_nm_se": -999,
    "50kt_wind_radius_nm_nw": -999,
    "50kt_wind_radius_nm_sw": -999,
    "64kt_wind_radius_nm_ne": -999,
    "64kt_wind_radius_nm_se": -999,
    "64kt_wind_radius_nm_nw": -999,
    "64kt_wind_radius_nm_sw": -999,
    "max_wind_radius_nm": -999
  },
  {
    "date": "19480919",
    "time_utc": "1800",
    "record": "",
    "status": "HU",
    "lat": 19.6,
    "lng": -81.9,
    "max_wind_kt": 105,
    "min_pressure_mb": 951,
    "34kt_wind_radius_nm_ne": -999,
    "34kt_wind_radius_nm_se": -999,
    "34kt_wind_radius_nm_nw": -999,
    "34kt_wind_radius_nm_sw": -999,
    "50kt_wind_radius_nm_ne": -999,
    "50kt_wind_radius_nm_se": -999,
    "50kt_wind_radius_nm_nw": -999,
    "50kt_wind_radius_nm_sw": -999,
    "64kt_wind_radius_nm_ne": -999,
    "64kt_wind_radius_nm_se": -999,
    "64kt_wind_radius_nm_nw": -999,
    "64kt_wind_radius_nm_sw": -999,
    "max_wind_radius_nm": -999
  },
  {
    "date": "19480920",
    "time_utc": "0000",
    "record": "",
    "status": "HU",
    "lat": 20.0,
    "lng": -82.2,
    "max_wind_kt": 110,
    "min_pressure_mb": -999,
    "34kt_wind_radius_nm_ne": -999,
    "34kt_wind_radius_nm_se": -999,
    "34kt_wind_radius_nm_nw": -999,
    "34kt_wind_radius_nm_sw": -999,
    "50kt_wind_radius_nm_ne": -999,
    "50kt_wind_radius_nm_se": -999,
    "50kt_wind_radius_nm_nw": -999,
    "50kt_wind_radius_nm_sw": -999,
    "64kt_wind_radius_nm_ne": -999,
    "64kt_wind_radius_nm_se": -999,
    "64kt_wind_radius_nm_nw": -999,
    "64kt_wind_radius_nm_sw": -999,
    "max_wind_radius_nm": -999
  },
  {
    "date": "19480920",
    "time_utc": "0600",
    "record": "",
    "status": "HU",
    "lat": 20.5,
    "lng": -82.3,
    "max_wind_kt": 110,
    "min_pressure_mb": -999,
    "34kt_wind_radius_nm_ne": -999,
    "34kt_wind_radius_nm_se": -999,
    "34kt_wind_radius_nm_nw": -999,
    "34kt_wind_radius_nm_sw": -999,
    "50kt_wind_radius_nm_ne": -999,
    "50kt_wind_radius_nm_se": -999,
    "50kt_wind_radius_nm_nw": -999,
    "50kt_wind_radius_nm_sw": -999,
    "64kt_wind_radius_nm_ne": -999,
    "64kt_wind_radius_nm_se": -999,
    "64kt_wind_radius_nm_nw": -999,
    "64kt_wind_radius_nm_sw": -999,
    "max_wind_radius_nm": -999
  },
  {
    "date": "19480920",
    "time_utc": "1200",
    "record": "",
    "status": "HU",
    "lat": 21.2,
    "lng": -82.3,
    "max_wind_kt": 110,
    "min_pressure_mb": -999,
    "34kt_wind_radius_nm_ne": -999,
    "34kt_wind_radius_nm_se": -999,
    "34kt_wind_radius_nm_nw": -999,
    "34kt_wind_radius_nm_sw": -999,
    "50kt_wind_radius_nm_ne": -999,
    "50kt_wind_radius_nm_se": -999,
    "50kt_wind_radius_nm_nw": -999,
    "50kt_wind_radius_nm_sw": -999,
    "64kt_wind_radius_nm_ne": -999,
    "64kt_wind_radius_nm_se": -999,
    "64kt_wind_radius_nm_nw": -999,
    "64kt_wind_radius_nm_sw": -999,
    "max_wind_radius_nm": -999
  },
  {
    "date": "19480920",
    "time_utc": "1800",
    "record": "",
    "status": "HU",
    "lat": 21.9,
    "lng": -82.3,
    "max_wind_kt": 110,
    "min_pressure_mb": -999,
    "34kt_wind_radius_nm_ne": -999,
    "34kt_wind_radius_nm_se": -999,
    "34kt_wind_radius_nm_nw": -999,
    "34kt_wind_radius_nm_sw": -999,
    "50kt_wind_radius_nm_ne": -999,
    "50kt_wind_radius_nm_se": -999,
    "50kt_wind_radius_nm_nw": -999,
    "50kt_wind_radius_nm_sw": -999,
    "64kt_wind_radius_nm_ne": -999,
    "64kt_wind_radius_nm_se": -999,
    "64kt_wind_radius_nm_nw": -999,
    "64kt_wind_radius_nm_sw": -999,
    "max_wind_radius_nm": -999
  },
  {
    "date": "19480920",
    "time_utc": "2200",
    "record": "L",
    "status": "HU",
    "lat": 22.3,
    "lng": -82.1,
    "max_wind_kt": 110,
    "min_pressure_mb": -999,
    "34kt_wind_radius_nm_ne": -999,
    "34kt_wind_radius_nm_se": -999,
    "34kt_wind_radius_nm_nw": -999,
    "34kt_wind_radius_nm_sw": -999,
    "50kt_wind_radius_nm_ne": -999,
    "50kt_wind_radius_nm_se": -999,
    "50kt_wind_radius_nm_nw": -999,
    "50kt_wind_radius_nm_sw": -999,
    "64kt_wind_radius_nm_ne": -999,
    "64kt_wind_radius_nm_se": -999,
    "64kt_wind_radius_nm_nw": -999,
    "64kt_wind_radius_nm_sw": -999,
    "max_wind_radius_nm": -999
  },
  {
    "date": "19480921",
    "time_utc": "0000",
    "record": "",
    "status": "HU",
    "lat": 22.6,
    "lng": -82.1,
    "max_wind_kt": 110,
    "min_pressure_mb": -999,
    "34kt_wind_radius_nm_ne": -999,
    "34kt_wind_radius_nm_se": -999,
    "34kt_wind_radius_nm_nw": -999,
    "34kt_wind_radius_nm_sw": -999,
    "50kt_wind_radius_nm_ne": -999,
    "50kt_wind_radius_nm_se": -999,
    "50kt_wind_radius_nm_nw": -999,
    "50kt_wind_radius_nm_sw": -999,
    "64kt_wind_radius_nm_ne": -999,
    "64kt_wind_radius_nm_se": -999,
    "64kt_wind_radius_nm_nw": -999,
    "64kt_wind_radius_nm_sw": -999,
    "max_wind_radius_nm": -999
  },
  {
    "date": "19480921",
    "time_utc": "0100",
    "record": "L",
    "status": "HU",
    "lat": 22.7,
    "lng": -82.0,
    "max_wind_kt": 110,
    "min_pressure_mb": -999,
    "34kt_wind_radius_nm_ne": -999,
    "34kt_wind_radius_nm_se": -999,
    "34kt_wind_radius_nm_nw": -999,
    "34kt_wind_radius_nm_sw": -999,
    "50kt_wind_radius_nm_ne": -999,
    "50kt_wind_radius_nm_se": -999,
    "50kt_wind_radius_nm_nw": -999,
    "50kt_wind_radius_nm_sw": -999,
    "64kt_wind_radius_nm_ne": -999,
    "64kt_wind_radius_nm_se": -999,
    "64kt_wind_radius_nm_nw": -999,
    "64kt_wind_radius_nm_sw": -999,
    "max_wind_radius_nm": -999
  },
  {
    "date": "19480921",
    "time_utc": "0600",
    "record": "",
    "status": "HU",
    "lat": 23.3,
    "lng": -81.9,
    "max_wind_kt": 100,
    "min_pressure_mb": -999,
    "34kt_wind_radius_nm_ne": -999,
    "34kt_wind_radius_nm_se": -999,
    "34kt_wind_radius_nm_nw": -999,
    "34kt_wind_radius_nm_sw": -999,
    "50kt_wind_radius_nm_ne": -999,
    "50kt_wind_radius_nm_se": -999,
    "50kt_wind_radius_nm_nw": -999,
    "50kt_wind_radius_nm_sw": -999,
    "64kt_wind_radius_nm_ne": -999,
    "64kt_wind_radius_nm_se": -999,
    "64kt_wind_radius_nm_nw": -999,
    "64kt_wind_radius_nm_sw": -999,
    "max_wind_radius_nm": -999
  },
  {
    "date": "19480921",
    "time_utc": "1200",
    "record": "",
    "status": "HU",
    "lat": 24.0,
    "lng": -81.7,
    "max_wind_kt": 105,
    "min_pressure_mb": -999,
    "34kt_wind_radius_nm_ne": -999,
    "34kt_wind_radius_nm_se": -999,
    "34kt_wind_radius_nm_nw": -999,
    "34kt_wind_radius_nm_sw": -999,
    "50kt_wind_radius_nm_ne": -999,
    "50kt_wind_radius_nm_se": -999,
    "50kt_wind_radius_nm_nw": -999,
    "50kt_wind_radius_nm_sw": -999,
    "64kt_wind_radius_nm_ne": -999,
    "64kt_wind_radius_nm_se": -999,
    "64kt_wind_radius_nm_nw": -999,
    "64kt_wind_radius_nm_sw": -999,
    "max_wind_radius_nm": -999
  },
  {
    "date": "19480921",
    "time_utc": "1700",
    "record": "L",
    "status": "HU",
    "lat": 24.6,
    "lng": -81.6,
    "max_wind_kt": 105,
    "min_pressure_mb": 955,
    "34kt_wind_radius_nm_ne": -999,
    "34kt_wind_radius_nm_se": -999,
    "34kt_wind_radius_nm_nw": -999,
    "34kt_wind_radius_nm_sw": -999,
    "50kt_wind_radius_nm_ne": -999,
    "50kt_wind_radius_nm_se": -999,
    "50kt_wind_radius_nm_nw": -999,
    "50kt_wind_radius_nm_sw": -999,
    "64kt_wind_radius_nm_ne": -999,
    "64kt_wind_radius_nm_se": -999,
    "64kt_wind_radius_nm_nw": -999,
    "64kt_wind_radius_nm_sw": -999,
    "max_wind_radius_nm": 10
  },
  {
    "date": "19480921",
    "time_utc": "1800",
    "record": "",
    "status": "HU",
    "lat": 24.7,
    "lng": -81.5,
    "max_wind_kt": 105,
    "min_pressure_mb": 955,
    "34kt_wind_radius_nm_ne": -999,
    "34kt_wind_radius_nm_se": -999,
    "34kt_wind_radius_nm_nw": -999,
    "34kt_wind_radius_nm_sw": -999,
    "50kt_wind_radius_nm_ne": -999,
    "50kt_wind_radius_nm_se": -999,
    "50kt_wind_radius_nm_nw": -999,
    "50kt_wind_radius_nm_sw": -999,
    "64kt_wind_radius_nm_ne": -999,
    "64kt_wind_radius_nm_se": -999,
    "64kt_wind_radius_nm_nw": -999,
    "64kt_wind_radius_nm_sw": -999,
    "max_wind_radius_nm": -999
  },
  {
    "date": "19480922",
    "time_utc": "0000",
    "record": "",
    "status": "HU",
    "lat": 25.4,
    "lng": -81.4,
    "max_wind_kt": 115,
    "min_pressure_mb": -999,
    "34kt_wind_radius_nm_ne": -999,
    "34kt_wind_radius_nm_se": -999,
    "34kt_wind_radius_nm_nw": -999,
    "34kt_wind_radius_nm_sw": -999,
    "50kt_wind_radius_nm_ne": -999,
    "50kt_wind_radius_nm_se": -999,
    "50kt_wind_radius_nm_nw": -999,
    "50kt_wind_radius_nm_sw": -999,
    "64kt_wind_radius_nm_ne": -999,
    "64kt_wind_radius_nm_se": -999,
    "64kt_wind_radius_nm_nw": -999,
    "64kt_wind_radius_nm_sw": -999,
    "max_wind_radius_nm": -999
  },
  {
    "date": "19480922",
    "time_utc": "0500",
    "record": "L",
    "status": "HU",
    "lat": 25.8,
    "lng": -81.3,
    "max_wind_kt": 115,
    "min_pressure_mb": 940,
    "34kt_wind_radius_nm_ne": -999,
    "34kt_wind_radius_nm_se": -999,
    "34kt_wind_radius_nm_nw": -999,
    "34kt_wind_radius_nm_sw": -999,
    "50kt_wind_radius_nm_ne": -999,
    "50kt_wind_radius_nm_se": -999,
    "50kt_wind_radius_nm_nw": -999,
    "50kt_wind_radius_nm_sw": -999,
    "64kt_wind_radius_nm_ne": -999,
    "64kt_wind_radius_nm_se": -999,
    "64kt_wind_radius_nm_nw": -999,
    "64kt_wind_radius_nm_sw": -999,
    "max_wind_radius_nm": 10
  },
  {
    "date": "19480922",
    "time_utc": "0600",
    "record": "",
    "status": "HU",
    "lat": 26.0,
    "lng": -81.2,
    "max_wind_kt": 115,
    "min_pressure_mb": 940,
    "34kt_wind_radius_nm_ne": -999,
    "34kt_wind_radius_nm_se": -999,
    "34kt_wind_radius_nm_nw": -999,
    "34kt_wind_radius_nm_sw": -999,
    "50kt_wind_radius_nm_ne": -999,
    "50kt_wind_radius_nm_se": -999,
    "50kt_wind_radius_nm_nw": -999,
    "50kt_wind_radius_nm_sw": -999,
    "64kt_wind_radius_nm_ne": -999,
    "64kt_wind_radius_nm_se": -999,
    "64kt_wind_radius_nm_nw": -999,
    "64kt_wind_radius_nm_sw": -999,
    "max_wind_radius_nm": -999
  },
  {
    "date": "19480922",
    "time_utc": "1200",
    "record": "",
    "status": "HU",
    "lat": 26.5,
    "lng": -80.8,
    "max_wind_kt": 85,
    "min_pressure_mb": -999,
    "34kt_wind_radius_nm_ne": -999,
    "34kt_wind_radius_nm_se": -999,
    "34kt_wind_radius_nm_nw": -999,
    "34kt_wind_radius_nm_sw": -999,
    "50kt_wind_radius_nm_ne": -999,
    "50kt_wind_radius_nm_se": -999,
    "50kt_wind_radius_nm_nw": -999,
    "50kt_wind_radius_nm_sw": -999,
    "64kt_wind_radius_nm_ne": -999,
    "64kt_wind_radius_nm_se": -999,
    "64kt_wind_radius_nm_nw": -999,
    "64kt_wind_radius_nm_sw": -999,
    "max_wind_radius_nm": -999
  },
  {
    "date": "19480922",
    "time_utc": "1800",
    "record": "",
    "status": "HU",
    "lat": 27.3,
    "lng": -80.1,
    "max_wind_kt": 80,
    "min_pressure_mb": 965,
    "34kt_wind_radius_nm_ne": -999,
    "34kt_wind_radius_nm_se": -999,
    "34kt_wind_radius_nm_nw": -999,
    "34kt_wind_radius_nm_sw": -999,
    "50kt_wind_radius_nm_ne": -999,
    "50kt_wind_radius_nm_se": -999,
    "50kt_wind_radius_nm_nw": -999,
    "50kt_wind_radius_nm_sw": -999,
    "64kt_wind_radius_nm_ne": -999,
    "64kt_wind_radius_nm_se": -999,
    "64kt_wind_radius_nm_nw": -999,
    "64kt_wind_radius_nm_sw": -999,
    "max_wind_radius_nm": -999
  },
  {
    "date": "19480923",
    "time_utc": "0000",
    "record": "",
    "status": "HU",
    "lat": 27.9,
    "lng": -78.9,
    "max_wind_kt": 80,
    "min_pressure_mb": -999,
    "34kt_wind_radius_nm_ne": -999,
    "34kt_wind_radius_nm_se": -999,
    "34kt_wind_radius_nm_nw": -999,
    "34kt_wind_radius_nm_sw": -999,
    "50kt_wind_radius_nm_ne": -999,
    "50kt_wind_radius_nm_se": -999,
    "50kt_wind_radius_nm_nw": -999,
    "50kt_wind_radius_nm_sw": -999,
    "64kt_wind_radius_nm_ne": -999,
    "64kt_wind_radius_nm_se": -999,
    "64kt_wind_radius_nm_nw": -999,
    "64kt_wind_radius_nm_sw": -999,
    "max_wind_radius_nm": -999
  },
  {
    "date": "19480923",
    "time_utc": "0600",
    "record": "",
    "status": "HU",
    "lat": 28.5,
    "lng": -77.6,
    "max_wind_kt": 85,
    "min_pressure_mb": -999,
    "34kt_wind_radius_nm_ne": -999,
    "34kt_wind_radius_nm_se": -999,
    "34kt_wind_radius_nm_nw": -999,
    "34kt_wind_radius_nm_sw": -999,
    "50kt_wind_radius_nm_ne": -999,
    "50kt_wind_radius_nm_se": -999,
    "50kt_wind_radius_nm_nw": -999,
    "50kt_wind_radius_nm_sw": -999,
    "64kt_wind_radius_nm_ne": -999,
    "64kt_wind_radius_nm_se": -999,
    "64kt_wind_radius_nm_nw": -999,
    "64kt_wind_radius_nm_sw": -999,
    "max_wind_radius_nm": -999
  },
  {
    "date": "19480923",
    "time_utc": "1200",
    "record": "",
    "status": "HU",
    "lat": 29.6,
    "lng": -75.7,
    "max_wind_kt": 90,
    "min_pressure_mb": -999,
    "34kt_wind_radius_nm_ne": -999,
    "34kt_wind_radius_nm_se": -999,
    "34kt_wind_radius_nm_nw": -999,
    "34kt_wind_radius_nm_sw": -999,
    "50kt_wind_radius_nm_ne": -999,
    "50kt_wind_radius_nm_se": -999,
    "50kt_wind_radius_nm_nw": -999,
    "50kt_wind_radius_nm_sw": -999,
    "64kt_wind_radius_nm_ne": -999,
    "64kt_wind_radius_nm_se": -999,
    "64kt_wind_radius_nm_nw": -999,
    "64kt_wind_radius_nm_sw": -999,
    "max_wind_radius_nm": -999
  },
  {
    "date": "19480923",
    "time_utc": "1800",
    "record": "",
    "status": "HU",
    "lat": 31.0,
    "lng": -73.6,
    "max_wind_kt": 90,
    "min_pressure_mb": -999,
    "34kt_wind_radius_nm_ne": -999,
    "34kt_wind_radius_nm_se": -999,
    "34kt_wind_radius_nm_nw": -999,
    "34kt_wind_radius_nm_sw": -999,
    "50kt_wind_radius_nm_ne": -999,
    "50kt_wind_radius_nm_se": -999,
    "50kt_wind_radius_nm_nw": -999,
    "50kt_wind_radius_nm_sw": -999,
    "64kt_wind_radius_nm_ne": -999,
    "64kt_wind_radius_nm_se": -999,
    "64kt_wind_radius_nm_nw": -999,
    "64kt_wind_radius_nm_sw": -999,
    "max_wind_radius_nm": -999
  },
  {
    "date": "19480924",
    "time_utc": "0000",
    "record": "",
    "status": "HU",
    "lat": 33.0,
    "lng": -71.6,
    "max_wind_kt": 85,
    "min_pressure_mb": -999,
    "34kt_wind_radius_nm_ne": -999,
    "34kt_wind_radius_nm_se": -999,
    "34kt_wind_radius_nm_nw": -999,
    "34kt_wind_radius_nm_sw": -999,
    "50kt_wind_radius_nm_ne": -999,
    "50kt_wind_radius_nm_se": -999,
    "50kt_wind_radius_nm_nw": -999,
    "50kt_wind_radius_nm_sw": -999,
    "64kt_wind_radius_nm_ne": -999,
    "64kt_wind_radius_nm_se": -999,
    "64kt_wind_radius_nm_nw": -999,
    "64kt_wind_radius_nm_sw": -999,
    "max_wind_radius_nm": -999
  },
  {
    "date": "19480924",
    "time_utc": "0600",
    "record": "",
    "status": "EX",
    "lat": 35.1,
    "lng": -69.5,
    "max_wind_kt": 75,
    "min_pressure_mb": -999,
    "34kt_wind_radius_nm_ne": -999,
    "34kt_wind_radius_nm_se": -999,
    "34kt_wind_radius_nm_nw": -999,
    "34kt_wind_radius_nm_sw": -999,
    "50kt_wind_radius_nm_ne": -999,
    "50kt_wind_radius_nm_se": -999,
    "50kt_wind_radius_nm_nw": -999,
    "50kt_wind_radius_nm_sw": -999,
    "64kt_wind_radius_nm_ne": -999,
    "64kt_wind_radius_nm_se": -999,
    "64kt_wind_radius_nm_nw": -999,
    "64kt_wind_radius_nm_sw": -999,
    "max_wind_radius_nm": -999
  },
  {
    "date": "19480924",
    "time_utc": "1200",
    "record": "",
    "status": "EX",
    "lat": 37.1,
    "lng": -66.9,
    "max_wind_kt": 65,
    "min_pressure_mb": -999,
    "34kt_wind_radius_nm_ne": -999,
    "34kt_wind_radius_nm_se": -999,
    "34kt_wind_radius_nm_nw": -999,
    "34kt_wind_radius_nm_sw": -999,
    "50kt_wind_radius_nm_ne": -999,
    "50kt_wind_radius_nm_se": -999,
    "50kt_wind_radius_nm_nw": -999,
    "50kt_wind_radius_nm_sw": -999,
    "64kt_wind_radius_nm_ne": -999,
    "64kt_wind_radius_nm_se": -999,
    "64kt_wind_radius_nm_nw": -999,
    "64kt_wind_radius_nm_sw": -999,
    "max_wind_radius_nm": -999
  },
  {
    "date": "19480924",
    "time_utc": "1800",
    "record": "",
    "status": "EX",
    "lat": 39.3,
    "lng": -62.0,
    "max_wind_kt": 60,
    "min_pressure_mb": -999,
    "34kt_wind_radius_nm_ne": -999,
    "34kt_wind_radius_nm_se": -999,
    "34kt_wind_radius_nm_nw": -999,
    "34kt_wind_radius_nm_sw": -999,
    "50kt_wind_radius_nm_ne": -999,
    "50kt_wind_radius_nm_se": -999,
    "50kt_wind_radius_nm_nw": -999,
    "50kt_wind_radius_nm_sw": -999,
    "64kt_wind_radius_nm_ne": -999,
    "64kt_wind_radius_nm_se": -999,
    "64kt_wind_radius_nm_nw": -999,
    "64kt_wind_radius_nm_sw": -999,
    "max_wind_radius_nm": -999
  },
  {
    "date": "19480925",
    "time_utc": "0000",
    "record": "",
    "status": "EX",
    "lat": 41.5,
    "lng": -57.5,
    "max_wind_kt": 55,
    "min_pressure_mb": -999,
    "34kt_wind_radius_nm_ne": -999,
    "34kt_wind_radius_nm_se": -999,
    "34kt_wind_radius_nm_nw": -999,
    "34kt_wind_radius_nm_sw": -999,
    "50kt_wind_radius_nm_ne": -999,
    "50kt_wind_radius_nm_se": -999,
    "50kt_wind_radius_nm_nw": -999,
    "50kt_wind_radius_nm_sw": -999,
    "64kt_wind_radius_nm_ne": -999,
    "64kt_wind_radius_nm_se": -999,
    "64kt_wind_radius_nm_nw": -999,
    "64kt_wind_radius_nm_sw": -999,
    "max_wind_radius_nm": -999
  },
  {
    "date": "19480925",
    "time_utc": "0600",
    "record": "",
    "status": "EX",
    "lat": 43.3,
    "lng": -52.8,
    "max_wind_kt": 50,
    "min_pressure_mb": -999,
    "34kt_wind_radius_nm_ne": -999,
    "34kt_wind_radius_nm_se": -999,
    "34kt_wind_radius_nm_nw": -999,
    "34kt_wind_radius_nm_sw": -999,
    "50kt_wind_radius_nm_ne": -999,
    "50kt_wind_radius_nm_se": -999,
    "50kt_wind_radius_nm_nw": -999,
    "50kt_wind_radius_nm_sw": -999,
    "64kt_wind_radius_nm_ne": -999,
    "64kt_wind_radius_nm_se": -999,
    "64kt_wind_radius_nm_nw": -999,
    "64kt_wind_radius_nm_sw": -999,
    "max_wind_radius_nm": -999
  },
  {
    "date": "19480925",
    "time_utc": "1200",
    "record": "",
    "status": "EX",
    "lat": 44.6,
    "lng": -48.6,
    "max_wind_kt": 45,
    "min_pressure_mb": -999,
    "34kt_wind_radius_nm_ne": -999,
    "34kt_wind_radius_nm_se": -999,
    "34kt_wind_radius_nm_nw": -999,
    "34kt_wind_radius_nm_sw": -999,
    "50kt_wind_radius_nm_ne": -999,
    "50kt_wind_radius_nm_se": -999,
    "50kt_wind_radius_nm_nw": -999,
    "50kt_wind_radius_nm_sw": -999,
    "64kt_wind_radius_nm_ne": -999,
    "64kt_wind_radius_nm_se": -999,
    "64kt_wind_radius_nm_nw": -999,
    "64kt_wind_radius_nm_sw": -999,
    "max_wind_radius_nm": -999
  },
  {
    "date": "19480925",
    "time_utc": "1800",
    "record": "",
    "status": "EX",
    "lat": 46.0,
    "lng": -43.7,
    "max_wind_kt": 45,
    "min_pressure_mb": -999,
    "34kt_wind_radius_nm_ne": -999,
    "34kt_wind_radius_nm_se": -999,
    "34kt_wind_radius_nm_nw": -999,
    "34kt_wind_radius_nm_sw": -999,
    "50kt_wind_radius_nm_ne": -999,
    "50kt_wind_radius_nm_se": -999,
    "50kt_wind_radius_nm_nw": -999,
    "50kt_wind_radius_nm_sw": -999,
    "64kt_wind_radius_nm_ne": -999,
    "64kt_wind_radius_nm_se": -999,
    "64kt_wind_radius_nm_nw": -999,
    "64kt_wind_radius_nm_sw": -999,
    "max_wind_radius_nm": -999
  },
  {
    "date": "19480926",
    "time_utc": "0000",
    "record": "",
    "status": "EX",
    "lat": 47.5,
    "lng": -39.0,
    "max_wind_kt": 45,
    "min_pressure_mb": -999,
    "34kt_wind_radius_nm_ne": -999,
    "34kt_wind_radius_nm_se": -999,
    "34kt_wind_radius_nm_nw": -999,
    "34kt_wind_radius_nm_sw": -999,
    "50kt_wind_radius_nm_ne": -999,
    "50kt_wind_radius_nm_se": -999,
    "50kt_wind_radius_nm_nw": -999,
    "50kt_wind_radius_nm_sw": -999,
    "64kt_wind_radius_nm_ne": -999,
    "64kt_wind_radius_nm_se": -999,
    "64kt_wind_radius_nm_nw": -999,
    "64kt_wind_radius_nm_sw": -999,
    "max_wind_radius_nm": -999
  }
]