[
  {
    "id": "AL081948_Unnamed",
    "image": "",
    "fatalaties": 0,
    "cost_usd": 0,
    "retired": "false"
  },
  {
    "date": "19480907",
    "time_utc": "1200",
    "record": "",
    "status": "EX",
    "lat": 36.0,
    "lng": -58.0,
    "max_wind_kt": 40,
    "min_pressure_mb": -999,
    "34kt_wind_radius_nm_ne": -999,
    "34kt_wind_radius_nm_se": -999,
    "34kt_wind_radius_nm_nw": -999,
    "34kt_wind_radius_nm_sw": -999,
    "50kt_wind_radius_nm_ne": -999,
    "50kt_wind_radius_nm_se": -999,
    "50kt_wind_radius_nm_nw": -999,
    "50kt_wind_radius_nm_sw": -999,
    "64kt_wind_radius_nm_ne": -999,
    "64kt_wind_radius_nm_se": -999,
    "64kt_wind_radius_nm_nw": -999,
    "64kt_wind_radius_nm_sw": -999,
    "max_wind_radius_nm": -999
  },
  {
    "date": "19480907",
    "time_utc": "1800",
    "record": "",
    "status": "TS",
    "lat": 35.8,
    "lng": -60.0,
    "max_wind_kt": 45,
    "min_pressure_mb": -999,
    "34kt_wind_radius_nm_ne": -999,
    "34kt_wind_radius_nm_se": -999,
    "34kt_wind_radius_nm_nw": -999,
    "34kt_wind_radius_nm_sw": -999,
    "50kt_wind_radius_nm_ne": -999,
    "50kt_wind_radius_nm_se": -999,
    "50kt_wind_radius_nm_nw": -999,
    "50kt_wind_radius_nm_sw": -999,
    "64kt_wind_radius_nm_ne": -999,
    "64kt_wind_radius_nm_se": -999,
    "64kt_wind_radius_nm_nw": -999,
    "64kt_wind_radius_nm_sw": -999,
    "max_wind_radius_nm": -999
  },
  {
    "date": "19480908",
    "time_utc": "0000",
    "record": "",
    "status": "TS",
    "lat": 36.0,
    "lng": -61.5,
    "max_wind_kt": 45,
    "min_pressure_mb": -999,
    "34kt_wind_radius_nm_ne": -999,
    "34kt_wind_radius_nm_se": -999,
    "34kt_wind_radius_nm_nw": -999,
    "34kt_wind_radius_nm_sw": -999,
    "50kt_wind_radius_nm_ne": -999,
    "50kt_wind_radius_nm_se": -999,
    "50kt_wind_radius_nm_nw": -999,
    "50kt_wind_radius_nm_sw": -999,
    "64kt_wind_radius_nm_ne": -999,
    "64kt_wind_radius_nm_se": -999,
    "64kt_wind_radius_nm_nw": -999,
    "64kt_wind_radius_nm_sw": -999,
    "max_wind_radius_nm": -999
  },
  {
    "date": "19480908",
    "time_utc": "0600",
    "record": "",
    "status": "TS",
    "lat": 36.3,
    "lng": -62.5,
    "max_wind_kt": 50,
    "min_pressure_mb": -999,
    "34kt_wind_radius_nm_ne": -999,
    "34kt_wind_radius_nm_se": -999,
    "34kt_wind_radius_nm_nw": -999,
    "34kt_wind_radius_nm_sw": -999,
    "50kt_wind_radius_nm_ne": -999,
    "50kt_wind_radius_nm_se": -999,
    "50kt_wind_radius_nm_nw": -999,
    "50kt_wind_radius_nm_sw": -999,
    "64kt_wind_radius_nm_ne": -999,
    "64kt_wind_radius_nm_se": -999,
    "64kt_wind_radius_nm_nw": -999,
    "64kt_wind_radius_nm_sw": -999,
    "max_wind_radius_nm": -999
  },
  {
    "date": "19480908",
    "time_utc": "1200",
    "record": "",
    "status": "TS",
    "lat": 36.8,
    "lng": -63.2,
    "max_wind_kt": 50,
    "min_pressure_mb": -999,
    "34kt_wind_radius_nm_ne": -999,
    "34kt_wind_radius_nm_se": -999,
    "34kt_wind_radius_nm_nw": -999,
    "34kt_wind_radius_nm_sw": -999,
    "50kt_wind_radius_nm_ne": -999,
    "50kt_wind_radius_nm_se": -999,
    "50kt_wind_radius_nm_nw": -999,
    "50kt_wind_radius_nm_sw": -999,
    "64kt_wind_radius_nm_ne": -999,
    "64kt_wind_radius_nm_se": -999,
    "64kt_wind_radius_nm_nw": -999,
    "64kt_wind_radius_nm_sw": -999,
    "max_wind_radius_nm": -999
  },
  {
    "date": "19480908",
    "time_utc": "1800",
    "record": "",
    "status": "TS",
    "lat": 37.3,
    "lng": -63.7,
    "max_wind_kt": 55,
    "min_pressure_mb": -999,
    "34kt_wind_radius_nm_ne": -999,
    "34kt_wind_radius_nm_se": -999,
    "34kt_wind_radius_nm_nw": -999,
    "34kt_wind_radius_nm_sw": -999,
    "50kt_wind_radius_nm_ne": -999,
    "50kt_wind_radius_nm_se": -999,
    "50kt_wind_radius_nm_nw": -999,
    "50kt_wind_radius_nm_sw": -999,
    "64kt_wind_radius_nm_ne": -999,
    "64kt_wind_radius_nm_se": -999,
    "64kt_wind_radius_nm_nw": -999,
    "64kt_wind_radius_nm_sw": -999,
    "max_wind_radius_nm": -999
  },
  {
    "date": "19480909",
    "time_utc": "0000",
    "record": "",
    "status": "TS",
    "lat": 37.9,
    "lng": -64.0,
    "max_wind_kt": 55,
    "min_pressure_mb": -999,
    "34kt_wind_radius_nm_ne": -999,
    "34kt_wind_radius_nm_se": -999,
    "34kt_wind_radius_nm_nw": -999,
    "34kt_wind_radius_nm_sw": -999,
    "50kt_wind_radius_nm_ne": -999,
    "50kt_wind_radius_nm_se": -999,
    "50kt_wind_radius_nm_nw": -999,
    "50kt_wind_radius_nm_sw": -999,
    "64kt_wind_radius_nm_ne": -999,
    "64kt_wind_radius_nm_se": -999,
    "64kt_wind_radius_nm_nw": -999,
    "64kt_wind_radius_nm_sw": -999,
    "max_wind_radius_nm": -999
  },
  {
    "date": "19480909",
    "time_utc": "0600",
    "record": "",
    "status": "TS",
    "lat": 38.5,
    "lng": -64.0,
    "max_wind_kt": 50,
    "min_pressure_mb": -999,
    "34kt_wind_radius_nm_ne": -999,
    "34kt_wind_radius_nm_se": -999,
    "34kt_wind_radius_nm_nw": -999,
    "34kt_wind_radius_nm_sw": -999,
    "50kt_wind_radius_nm_ne": -999,
    "50kt_wind_radius_nm_se": -999,
    "50kt_wind_radius_nm_nw": -999,
    "50kt_wind_radius_nm_sw": -999,
    "64kt_wind_radius_nm_ne": -999,
    "64kt_wind_radius_nm_se": -999,
    "64kt_wind_radius_nm_nw": -999,
    "64kt_wind_radius_nm_sw": -999,
    "max_wind_radius_nm": -999
  },
  {
    "date": "19480909",
    "time_utc": "1200",
    "record": "",
    "status": "TS",
    "lat": 39.1,
    "lng": -63.9,
    "max_wind_kt": 45,
    "min_pressure_mb": -999,
    "34kt_wind_radius_nm_ne": -999,
    "34kt_wind_radius_nm_se": -999,
    "34kt_wind_radius_nm_nw": -999,
    "34kt_wind_radius_nm_sw": -999,
    "50kt_wind_radius_nm_ne": -999,
    "50kt_wind_radius_nm_se": -999,
    "50kt_wind_radius_nm_nw": -999,
    "50kt_wind_radius_nm_sw": -999,
    "64kt_wind_radius_nm_ne": -999,
    "64kt_wind_radius_nm_se": -999,
    "64kt_wind_radius_nm_nw": -999,
    "64kt_wind_radius_nm_sw": -999,
    "max_wind_radius_nm": -999
  },
  {
    "date": "19480909",
    "time_utc": "1800",
    "record": "",
    "status": "TS",
    "lat": 40.1,
    "lng": -63.4,
    "max_wind_kt": 45,
    "min_pressure_mb": -999,
    "34kt_wind_radius_nm_ne": -999,
    "34kt_wind_radius_nm_se": -999,
    "34kt_wind_radius_nm_nw": -999,
    "34kt_wind_radius_nm_sw": -999,
    "50kt_wind_radius_nm_ne": -999,
    "50kt_wind_radius_nm_se": -999,
    "50kt_wind_radius_nm_nw": -999,
    "50kt_wind_radius_nm_sw": -999,
    "64kt_wind_radius_nm_ne": -999,
    "64kt_wind_radius_nm_se": -999,
    "64kt_wind_radius_nm_nw": -999,
    "64kt_wind_radius_nm_sw": -999,
    "max_wind_radius_nm": -999
  },
  {
    "date": "19480910",
    "time_utc": "0000",
    "record": "",
    "status": "EX",
    "lat": 41.3,
    "lng": -62.3,
    "max_wind_kt": 40,
    "min_pressure_mb": -999,
    "34kt_wind_radius_nm_ne": -999,
    "34kt_wind_radius_nm_se": -999,
    "34kt_wind_radius_nm_nw": -999,
    "34kt_wind_radius_nm_sw": -999,
    "50kt_wind_radius_nm_ne": -999,
    "50kt_wind_radius_nm_se": -999,
    "50kt_wind_radius_nm_nw": -999,
    "50kt_wind_radius_nm_sw": -999,
    "64kt_wind_radius_nm_ne": -999,
    "64kt_wind_radius_nm_se": -999,
    "64kt_wind_radius_nm_nw": -999,
    "64kt_wind_radius_nm_sw": -999,
    "max_wind_radius_nm": -999
  },
  {
    "date": "19480910",
    "time_utc": "0600",
    "record": "",
    "status": "EX",
    "lat": 42.5,
    "lng": -61.0,
    "max_wind_kt": 40,
    "min_pressure_mb": -999,
    "34kt_wind_radius_nm_ne": -999,
    "34kt_wind_radius_nm_se": -999,
    "34kt_wind_radius_nm_nw": -999,
    "34kt_wind_radius_nm_sw": -999,
    "50kt_wind_radius_nm_ne": -999,
    "50kt_wind_radius_nm_se": -999,
    "50kt_wind_radius_nm_nw": -999,
    "50kt_wind_radius_nm_sw": -999,
    "64kt_wind_radius_nm_ne": -999,
    "64kt_wind_radius_nm_se": -999,
    "64kt_wind_radius_nm_nw": -999,
    "64kt_wind_radius_nm_sw": -999,
    "max_wind_radius_nm": -999
  },
  {
    "date": "19480910",
    "time_utc": "1200",
    "record": "",
    "status": "EX",
    "lat": 44.0,
    "lng": -58.5,
    "max_wind_kt": 40,
    "min_pressure_mb": -999,
    "34kt_wind_radius_nm_ne": -999,
    "34kt_wind_radius_nm_se": -999,
    "34kt_wind_radius_nm_nw": -999,
    "34kt_wind_radius_nm_sw": -999,
    "50kt_wind_radius_nm_ne": -999,
    "50kt_wind_radius_nm_se": -999,
    "50kt_wind_radius_nm_nw": -999,
    "50kt_wind_radius_nm_sw": -999,
    "64kt_wind_radius_nm_ne": -999,
    "64kt_wind_radius_nm_se": -999,
    "64kt_wind_radius_nm_nw": -999,
    "64kt_wind_radius_nm_sw": -999,
    "max_wind_radius_nm": -999
  },
  {
    "date": "19480910",
    "time_utc": "1800",
    "record": "",
    "status": "EX",
    "lat": 46.0,
    "lng": -55.0,
    "max_wind_kt": 35,
    "min_pressure_mb": -999,
    "34kt_wind_radius_nm_ne": -999,
    "34kt_wind_radius_nm_se": -999,
    "34kt_wind_radius_nm_nw": -999,
    "34kt_wind_radius_nm_sw": -999,
    "50kt_wind_radius_nm_ne": -999,
    "50kt_wind_radius_nm_se": -999,
    "50kt_wind_radius_nm_nw": -999,
    "50kt_wind_radius_nm_sw": -999,
    "64kt_wind_radius_nm_ne": -999,
    "64kt_wind_radius_nm_se": -999,
    "64kt_wind_radius_nm_nw": -999,
    "64kt_wind_radius_nm_sw": -999,
    "max_wind_radius_nm": -999
  }
]