[
  {
    "date": 20190520,
    "time_utc": 1800,
    "record": "",
    "status": "SS",
    "lat": "28.1N",
    "lng": "68.6W",
    "max_wind_kt": 35,
    "min_pressure_mb": 1008,
    "34kt_wind_radius_nm_ne": 60,
    "34kt_wind_radius_nm_se": 0,
    "34kt_wind_radius_nm_nw": 0,
    "34kt_wind_radius_nm_sw": 0,
    "50kt_wind_radius_nm_ne": 0,
    "50kt_wind_radius_nm_se": 0,
    "50kt_wind_radius_nm_nw": 0,
    "50kt_wind_radius_nm_sw": 0,
    "64kt_wind_radius_nm_ne": 0,
    "64kt_wind_radius_nm_se": 0,
    "64kt_wind_radius_nm_nw": 0,
    "64kt_wind_radius_nm_sw": 0,
    "max_wind_radius_nm": -999
  },
  {
    "date": 20190521,
    "time_utc": 0,
    "record": "",
    "status": "SS",
    "lat": "29.1N",
    "lng": "68.8W",
    "max_wind_kt": 35,
    "min_pressure_mb": 1006,
    "34kt_wind_radius_nm_ne": 60,
    "34kt_wind_radius_nm_se": 0,
    "34kt_wind_radius_nm_nw": 0,
    "34kt_wind_radius_nm_sw": 0,
    "50kt_wind_radius_nm_ne": 0,
    "50kt_wind_radius_nm_se": 0,
    "50kt_wind_radius_nm_nw": 0,
    "50kt_wind_radius_nm_sw": 0,
    "64kt_wind_radius_nm_ne": 0,
    "64kt_wind_radius_nm_se": 0,
    "64kt_wind_radius_nm_nw": 0,
    "64kt_wind_radius_nm_sw": 0,
    "max_wind_radius_nm": -999
  },
  {
    "date": 20190521,
    "time_utc": 600,
    "record": "",
    "status": "SS",
    "lat": "29.9N",
    "lng": "69.0W",
    "max_wind_kt": 35,
    "min_pressure_mb": 1007,
    "34kt_wind_radius_nm_ne": 60,
    "34kt_wind_radius_nm_se": 0,
    "34kt_wind_radius_nm_nw": 0,
    "34kt_wind_radius_nm_sw": 0,
    "50kt_wind_radius_nm_ne": 0,
    "50kt_wind_radius_nm_se": 0,
    "50kt_wind_radius_nm_nw": 0,
    "50kt_wind_radius_nm_sw": 0,
    "64kt_wind_radius_nm_ne": 0,
    "64kt_wind_radius_nm_se": 0,
    "64kt_wind_radius_nm_nw": 0,
    "64kt_wind_radius_nm_sw": 0,
    "max_wind_radius_nm": -999
  },
  {
    "date": 20190521,
    "time_utc": 1200,
    "record": "",
    "status": "LO",
    "lat": "30.6N",
    "lng": "69.1W",
    "max_wind_kt": 30,
    "min_pressure_mb": 1009,
    "34kt_wind_radius_nm_ne": 0,
    "34kt_wind_radius_nm_se": 0,
    "34kt_wind_radius_nm_nw": 0,
    "34kt_wind_radius_nm_sw": 0,
    "50kt_wind_radius_nm_ne": 0,
    "50kt_wind_radius_nm_se": 0,
    "50kt_wind_radius_nm_nw": 0,
    "50kt_wind_radius_nm_sw": 0,
    "64kt_wind_radius_nm_ne": 0,
    "64kt_wind_radius_nm_se": 0,
    "64kt_wind_radius_nm_nw": 0,
    "64kt_wind_radius_nm_sw": 0,
    "max_wind_radius_nm": -999
  },
  {
    "date": 20190521,
    "time_utc": 1800,
    "record": "",
    "status": "LO",
    "lat": "30.8N",
    "lng": "68.6W",
    "max_wind_kt": 30,
    "min_pressure_mb": 1009,
    "34kt_wind_radius_nm_ne": 0,
    "34kt_wind_radius_nm_se": 0,
    "34kt_wind_radius_nm_nw": 0,
    "34kt_wind_radius_nm_sw": 0,
    "50kt_wind_radius_nm_ne": 0,
    "50kt_wind_radius_nm_se": 0,
    "50kt_wind_radius_nm_nw": 0,
    "50kt_wind_radius_nm_sw": 0,
    "64kt_wind_radius_nm_ne": 0,
    "64kt_wind_radius_nm_se": 0,
    "64kt_wind_radius_nm_nw": 0,
    "64kt_wind_radius_nm_sw": 0,
    "max_wind_radius_nm": -999
  },
  {
    "date": 20190522,
    "time_utc": 0,
    "record": "",
    "status": "LO",
    "lat": "31.3N",
    "lng": "67.7W",
    "max_wind_kt": 30,
    "min_pressure_mb": 1010,
    "34kt_wind_radius_nm_ne": 0,
    "34kt_wind_radius_nm_se": 0,
    "34kt_wind_radius_nm_nw": 0,
    "34kt_wind_radius_nm_sw": 0,
    "50kt_wind_radius_nm_ne": 0,
    "50kt_wind_radius_nm_se": 0,
    "50kt_wind_radius_nm_nw": 0,
    "50kt_wind_radius_nm_sw": 0,
    "64kt_wind_radius_nm_ne": 0,
    "64kt_wind_radius_nm_se": 0,
    "64kt_wind_radius_nm_nw": 0,
    "64kt_wind_radius_nm_sw": 0,
    "max_wind_radius_nm": -999
  },
  {
    "date": 20190522,
    "time_utc": 600,
    "record": "",
    "status": "LO",
    "lat": "31.6N",
    "lng": "66.7W",
    "max_wind_kt": 25,
    "min_pressure_mb": 1011,
    "34kt_wind_radius_nm_ne": 0,
    "34kt_wind_radius_nm_se": 0,
    "34kt_wind_radius_nm_nw": 0,
    "34kt_wind_radius_nm_sw": 0,
    "50kt_wind_radius_nm_ne": 0,
    "50kt_wind_radius_nm_se": 0,
    "50kt_wind_radius_nm_nw": 0,
    "50kt_wind_radius_nm_sw": 0,
    "64kt_wind_radius_nm_ne": 0,
    "64kt_wind_radius_nm_se": 0,
    "64kt_wind_radius_nm_nw": 0,
    "64kt_wind_radius_nm_sw": 0,
    "max_wind_radius_nm": -999
  }
]