[
  {
    "date": "20190922",
    "time_utc": "0000",
    "record": "",
    "status": "TD",
    "lat": 11.5,
    "lng": -58.8,
    "max_wind_kt": 30,
    "min_pressure_mb": 1007,
    "34kt_wind_radius_nm_ne": 0,
    "34kt_wind_radius_nm_se": 0,
    "34kt_wind_radius_nm_nw": 0,
    "34kt_wind_radius_nm_sw": 0,
    "50kt_wind_radius_nm_ne": 0,
    "50kt_wind_radius_nm_se": 0,
    "50kt_wind_radius_nm_nw": 0,
    "50kt_wind_radius_nm_sw": 0,
    "64kt_wind_radius_nm_ne": 0,
    "64kt_wind_radius_nm_se": 0,
    "64kt_wind_radius_nm_nw": 0,
    "64kt_wind_radius_nm_sw": 0,
    "max_wind_radius_nm": -999
  },
  {
    "date": "20190922",
    "time_utc": "0600",
    "record": "",
    "status": "TS",
    "lat": 11.8,
    "lng": -59.9,
    "max_wind_kt": 35,
    "min_pressure_mb": 1007,
    "34kt_wind_radius_nm_ne": 110,
    "34kt_wind_radius_nm_se": 110,
    "34kt_wind_radius_nm_nw": 0,
    "34kt_wind_radius_nm_sw": 0,
    "50kt_wind_radius_nm_ne": 0,
    "50kt_wind_radius_nm_se": 0,
    "50kt_wind_radius_nm_nw": 0,
    "50kt_wind_radius_nm_sw": 0,
    "64kt_wind_radius_nm_ne": 0,
    "64kt_wind_radius_nm_se": 0,
    "64kt_wind_radius_nm_nw": 0,
    "64kt_wind_radius_nm_sw": 0,
    "max_wind_radius_nm": -999
  },
  {
    "date": "20190922",
    "time_utc": "1200",
    "record": "",
    "status": "TS",
    "lat": 12.1,
    "lng": -61.1,
    "max_wind_kt": 35,
    "min_pressure_mb": 1007,
    "34kt_wind_radius_nm_ne": 90,
    "34kt_wind_radius_nm_se": 90,
    "34kt_wind_radius_nm_nw": 0,
    "34kt_wind_radius_nm_sw": 0,
    "50kt_wind_radius_nm_ne": 0,
    "50kt_wind_radius_nm_se": 0,
    "50kt_wind_radius_nm_nw": 0,
    "50kt_wind_radius_nm_sw": 0,
    "64kt_wind_radius_nm_ne": 0,
    "64kt_wind_radius_nm_se": 0,
    "64kt_wind_radius_nm_nw": 0,
    "64kt_wind_radius_nm_sw": 0,
    "max_wind_radius_nm": -999
  },
  {
    "date": "20190922",
    "time_utc": "1800",
    "record": "",
    "status": "TS",
    "lat": 12.5,
    "lng": -62.2,
    "max_wind_kt": 35,
    "min_pressure_mb": 1007,
    "34kt_wind_radius_nm_ne": 70,
    "34kt_wind_radius_nm_se": 90,
    "34kt_wind_radius_nm_nw": 0,
    "34kt_wind_radius_nm_sw": 0,
    "50kt_wind_radius_nm_ne": 0,
    "50kt_wind_radius_nm_se": 0,
    "50kt_wind_radius_nm_nw": 0,
    "50kt_wind_radius_nm_sw": 0,
    "64kt_wind_radius_nm_ne": 0,
    "64kt_wind_radius_nm_se": 0,
    "64kt_wind_radius_nm_nw": 0,
    "64kt_wind_radius_nm_sw": 0,
    "max_wind_radius_nm": -999
  },
  {
    "date": "20190923",
    "time_utc": "0000",
    "record": "",
    "status": "TS",
    "lat": 13.0,
    "lng": -63.2,
    "max_wind_kt": 35,
    "min_pressure_mb": 1007,
    "34kt_wind_radius_nm_ne": 90,
    "34kt_wind_radius_nm_se": 0,
    "34kt_wind_radius_nm_nw": 0,
    "34kt_wind_radius_nm_sw": 0,
    "50kt_wind_radius_nm_ne": 0,
    "50kt_wind_radius_nm_se": 0,
    "50kt_wind_radius_nm_nw": 0,
    "50kt_wind_radius_nm_sw": 0,
    "64kt_wind_radius_nm_ne": 0,
    "64kt_wind_radius_nm_se": 0,
    "64kt_wind_radius_nm_nw": 0,
    "64kt_wind_radius_nm_sw": 0,
    "max_wind_radius_nm": -999
  },
  {
    "date": "20190923",
    "time_utc": "0600",
    "record": "",
    "status": "TD",
    "lat": 13.7,
    "lng": -64.1,
    "max_wind_kt": 30,
    "min_pressure_mb": 1007,
    "34kt_wind_radius_nm_ne": 0,
    "34kt_wind_radius_nm_se": 0,
    "34kt_wind_radius_nm_nw": 0,
    "34kt_wind_radius_nm_sw": 0,
    "50kt_wind_radius_nm_ne": 0,
    "50kt_wind_radius_nm_se": 0,
    "50kt_wind_radius_nm_nw": 0,
    "50kt_wind_radius_nm_sw": 0,
    "64kt_wind_radius_nm_ne": 0,
    "64kt_wind_radius_nm_se": 0,
    "64kt_wind_radius_nm_nw": 0,
    "64kt_wind_radius_nm_sw": 0,
    "max_wind_radius_nm": -999
  },
  {
    "date": "20190923",
    "time_utc": "1200",
    "record": "",
    "status": "TD",
    "lat": 14.4,
    "lng": -64.8,
    "max_wind_kt": 30,
    "min_pressure_mb": 1007,
    "34kt_wind_radius_nm_ne": 0,
    "34kt_wind_radius_nm_se": 0,
    "34kt_wind_radius_nm_nw": 0,
    "34kt_wind_radius_nm_sw": 0,
    "50kt_wind_radius_nm_ne": 0,
    "50kt_wind_radius_nm_se": 0,
    "50kt_wind_radius_nm_nw": 0,
    "50kt_wind_radius_nm_sw": 0,
    "64kt_wind_radius_nm_ne": 0,
    "64kt_wind_radius_nm_se": 0,
    "64kt_wind_radius_nm_nw": 0,
    "64kt_wind_radius_nm_sw": 0,
    "max_wind_radius_nm": -999
  },
  {
    "date": "20190923",
    "time_utc": "1800",
    "record": "",
    "status": "TD",
    "lat": 15.1,
    "lng": -65.4,
    "max_wind_kt": 30,
    "min_pressure_mb": 1007,
    "34kt_wind_radius_nm_ne": 0,
    "34kt_wind_radius_nm_se": 0,
    "34kt_wind_radius_nm_nw": 0,
    "34kt_wind_radius_nm_sw": 0,
    "50kt_wind_radius_nm_ne": 0,
    "50kt_wind_radius_nm_se": 0,
    "50kt_wind_radius_nm_nw": 0,
    "50kt_wind_radius_nm_sw": 0,
    "64kt_wind_radius_nm_ne": 0,
    "64kt_wind_radius_nm_se": 0,
    "64kt_wind_radius_nm_nw": 0,
    "64kt_wind_radius_nm_sw": 0,
    "max_wind_radius_nm": -999
  },
  {
    "date": "20190924",
    "time_utc": "0000",
    "record": "",
    "status": "TD",
    "lat": 15.7,
    "lng": -65.7,
    "max_wind_kt": 30,
    "min_pressure_mb": 1007,
    "34kt_wind_radius_nm_ne": 0,
    "34kt_wind_radius_nm_se": 0,
    "34kt_wind_radius_nm_nw": 0,
    "34kt_wind_radius_nm_sw": 0,
    "50kt_wind_radius_nm_ne": 0,
    "50kt_wind_radius_nm_se": 0,
    "50kt_wind_radius_nm_nw": 0,
    "50kt_wind_radius_nm_sw": 0,
    "64kt_wind_radius_nm_ne": 0,
    "64kt_wind_radius_nm_se": 0,
    "64kt_wind_radius_nm_nw": 0,
    "64kt_wind_radius_nm_sw": 0,
    "max_wind_radius_nm": -999
  },
  {
    "date": "20190924",
    "time_utc": "0600",
    "record": "",
    "status": "TS",
    "lat": 16.4,
    "lng": -65.8,
    "max_wind_kt": 35,
    "min_pressure_mb": 1006,
    "34kt_wind_radius_nm_ne": 0,
    "34kt_wind_radius_nm_se": 70,
    "34kt_wind_radius_nm_nw": 0,
    "34kt_wind_radius_nm_sw": 0,
    "50kt_wind_radius_nm_ne": 0,
    "50kt_wind_radius_nm_se": 0,
    "50kt_wind_radius_nm_nw": 0,
    "50kt_wind_radius_nm_sw": 0,
    "64kt_wind_radius_nm_ne": 0,
    "64kt_wind_radius_nm_se": 0,
    "64kt_wind_radius_nm_nw": 0,
    "64kt_wind_radius_nm_sw": 0,
    "max_wind_radius_nm": -999
  },
  {
    "date": "20190924",
    "time_utc": "1200",
    "record": "",
    "status": "TS",
    "lat": 17.0,
    "lng": -65.8,
    "max_wind_kt": 35,
    "min_pressure_mb": 1006,
    "34kt_wind_radius_nm_ne": 0,
    "34kt_wind_radius_nm_se": 70,
    "34kt_wind_radius_nm_nw": 0,
    "34kt_wind_radius_nm_sw": 0,
    "50kt_wind_radius_nm_ne": 0,
    "50kt_wind_radius_nm_se": 0,
    "50kt_wind_radius_nm_nw": 0,
    "50kt_wind_radius_nm_sw": 0,
    "64kt_wind_radius_nm_ne": 0,
    "64kt_wind_radius_nm_se": 0,
    "64kt_wind_radius_nm_nw": 0,
    "64kt_wind_radius_nm_sw": 0,
    "max_wind_radius_nm": -999
  },
  {
    "date": "20190924",
    "time_utc": "1800",
    "record": "",
    "status": "TS",
    "lat": 17.7,
    "lng": -65.6,
    "max_wind_kt": 40,
    "min_pressure_mb": 1004,
    "34kt_wind_radius_nm_ne": 0,
    "34kt_wind_radius_nm_se": 70,
    "34kt_wind_radius_nm_nw": 30,
    "34kt_wind_radius_nm_sw": 0,
    "50kt_wind_radius_nm_ne": 0,
    "50kt_wind_radius_nm_se": 0,
    "50kt_wind_radius_nm_nw": 0,
    "50kt_wind_radius_nm_sw": 0,
    "64kt_wind_radius_nm_ne": 0,
    "64kt_wind_radius_nm_se": 0,
    "64kt_wind_radius_nm_nw": 0,
    "64kt_wind_radius_nm_sw": 0,
    "max_wind_radius_nm": -999
  },
  {
    "date": "20190924",
    "time_utc": "2200",
    "record": "L",
    "status": "TS",
    "lat": 18.1,
    "lng": -65.4,
    "max_wind_kt": 40,
    "min_pressure_mb": 1004,
    "34kt_wind_radius_nm_ne": 0,
    "34kt_wind_radius_nm_se": 70,
    "34kt_wind_radius_nm_nw": 30,
    "34kt_wind_radius_nm_sw": 0,
    "50kt_wind_radius_nm_ne": 0,
    "50kt_wind_radius_nm_se": 0,
    "50kt_wind_radius_nm_nw": 0,
    "50kt_wind_radius_nm_sw": 0,
    "64kt_wind_radius_nm_ne": 0,
    "64kt_wind_radius_nm_se": 0,
    "64kt_wind_radius_nm_nw": 0,
    "64kt_wind_radius_nm_sw": 0,
    "max_wind_radius_nm": -999
  },
  {
    "date": "20190924",
    "time_utc": "2300",
    "record": "L",
    "status": "TS",
    "lat": 18.3,
    "lng": -65.3,
    "max_wind_kt": 40,
    "min_pressure_mb": 1004,
    "34kt_wind_radius_nm_ne": 0,
    "34kt_wind_radius_nm_se": 70,
    "34kt_wind_radius_nm_nw": 30,
    "34kt_wind_radius_nm_sw": 0,
    "50kt_wind_radius_nm_ne": 0,
    "50kt_wind_radius_nm_se": 0,
    "50kt_wind_radius_nm_nw": 0,
    "50kt_wind_radius_nm_sw": 0,
    "64kt_wind_radius_nm_ne": 0,
    "64kt_wind_radius_nm_se": 0,
    "64kt_wind_radius_nm_nw": 0,
    "64kt_wind_radius_nm_sw": 0,
    "max_wind_radius_nm": -999
  },
  {
    "date": "20190925",
    "time_utc": "0000",
    "record": "",
    "status": "TS",
    "lat": 18.5,
    "lng": -65.2,
    "max_wind_kt": 40,
    "min_pressure_mb": 1003,
    "34kt_wind_radius_nm_ne": 0,
    "34kt_wind_radius_nm_se": 70,
    "34kt_wind_radius_nm_nw": 30,
    "34kt_wind_radius_nm_sw": 0,
    "50kt_wind_radius_nm_ne": 0,
    "50kt_wind_radius_nm_se": 0,
    "50kt_wind_radius_nm_nw": 0,
    "50kt_wind_radius_nm_sw": 0,
    "64kt_wind_radius_nm_ne": 0,
    "64kt_wind_radius_nm_se": 0,
    "64kt_wind_radius_nm_nw": 0,
    "64kt_wind_radius_nm_sw": 0,
    "max_wind_radius_nm": -999
  },
  {
    "date": "20190925",
    "time_utc": "0600",
    "record": "",
    "status": "TS",
    "lat": 19.7,
    "lng": -65.0,
    "max_wind_kt": 40,
    "min_pressure_mb": 1003,
    "34kt_wind_radius_nm_ne": 20,
    "34kt_wind_radius_nm_se": 60,
    "34kt_wind_radius_nm_nw": 30,
    "34kt_wind_radius_nm_sw": 0,
    "50kt_wind_radius_nm_ne": 0,
    "50kt_wind_radius_nm_se": 0,
    "50kt_wind_radius_nm_nw": 0,
    "50kt_wind_radius_nm_sw": 0,
    "64kt_wind_radius_nm_ne": 0,
    "64kt_wind_radius_nm_se": 0,
    "64kt_wind_radius_nm_nw": 0,
    "64kt_wind_radius_nm_sw": 0,
    "max_wind_radius_nm": -999
  },
  {
    "date": "20190925",
    "time_utc": "1200",
    "record": "",
    "status": "TS",
    "lat": 21.0,
    "lng": -64.8,
    "max_wind_kt": 35,
    "min_pressure_mb": 1004,
    "34kt_wind_radius_nm_ne": 20,
    "34kt_wind_radius_nm_se": 60,
    "34kt_wind_radius_nm_nw": 30,
    "34kt_wind_radius_nm_sw": 0,
    "50kt_wind_radius_nm_ne": 0,
    "50kt_wind_radius_nm_se": 0,
    "50kt_wind_radius_nm_nw": 0,
    "50kt_wind_radius_nm_sw": 0,
    "64kt_wind_radius_nm_ne": 0,
    "64kt_wind_radius_nm_se": 0,
    "64kt_wind_radius_nm_nw": 0,
    "64kt_wind_radius_nm_sw": 0,
    "max_wind_radius_nm": -999
  },
  {
    "date": "20190925",
    "time_utc": "1800",
    "record": "",
    "status": "TS",
    "lat": 22.3,
    "lng": -64.5,
    "max_wind_kt": 35,
    "min_pressure_mb": 1004,
    "34kt_wind_radius_nm_ne": 0,
    "34kt_wind_radius_nm_se": 50,
    "34kt_wind_radius_nm_nw": 30,
    "34kt_wind_radius_nm_sw": 0,
    "50kt_wind_radius_nm_ne": 0,
    "50kt_wind_radius_nm_se": 0,
    "50kt_wind_radius_nm_nw": 0,
    "50kt_wind_radius_nm_sw": 0,
    "64kt_wind_radius_nm_ne": 0,
    "64kt_wind_radius_nm_se": 0,
    "64kt_wind_radius_nm_nw": 0,
    "64kt_wind_radius_nm_sw": 0,
    "max_wind_radius_nm": -999
  },
  {
    "date": "20190926",
    "time_utc": "0000",
    "record": "",
    "status": "TS",
    "lat": 23.6,
    "lng": -64.2,
    "max_wind_kt": 35,
    "min_pressure_mb": 1004,
    "34kt_wind_radius_nm_ne": 0,
    "34kt_wind_radius_nm_se": 50,
    "34kt_wind_radius_nm_nw": 0,
    "34kt_wind_radius_nm_sw": 0,
    "50kt_wind_radius_nm_ne": 0,
    "50kt_wind_radius_nm_se": 0,
    "50kt_wind_radius_nm_nw": 0,
    "50kt_wind_radius_nm_sw": 0,
    "64kt_wind_radius_nm_ne": 0,
    "64kt_wind_radius_nm_se": 0,
    "64kt_wind_radius_nm_nw": 0,
    "64kt_wind_radius_nm_sw": 0,
    "max_wind_radius_nm": -999
  },
  {
    "date": "20190926",
    "time_utc": "0600",
    "record": "",
    "status": "TS",
    "lat": 24.8,
    "lng": -64.0,
    "max_wind_kt": 35,
    "min_pressure_mb": 1004,
    "34kt_wind_radius_nm_ne": 0,
    "34kt_wind_radius_nm_se": 50,
    "34kt_wind_radius_nm_nw": 0,
    "34kt_wind_radius_nm_sw": 0,
    "50kt_wind_radius_nm_ne": 0,
    "50kt_wind_radius_nm_se": 0,
    "50kt_wind_radius_nm_nw": 0,
    "50kt_wind_radius_nm_sw": 0,
    "64kt_wind_radius_nm_ne": 0,
    "64kt_wind_radius_nm_se": 0,
    "64kt_wind_radius_nm_nw": 0,
    "64kt_wind_radius_nm_sw": 0,
    "max_wind_radius_nm": -999
  },
  {
    "date": "20190926",
    "time_utc": "1200",
    "record": "",
    "status": "TS",
    "lat": 25.9,
    "lng": -63.7,
    "max_wind_kt": 40,
    "min_pressure_mb": 1004,
    "34kt_wind_radius_nm_ne": 0,
    "34kt_wind_radius_nm_se": 50,
    "34kt_wind_radius_nm_nw": 0,
    "34kt_wind_radius_nm_sw": 50,
    "50kt_wind_radius_nm_ne": 0,
    "50kt_wind_radius_nm_se": 0,
    "50kt_wind_radius_nm_nw": 0,
    "50kt_wind_radius_nm_sw": 0,
    "64kt_wind_radius_nm_ne": 0,
    "64kt_wind_radius_nm_se": 0,
    "64kt_wind_radius_nm_nw": 0,
    "64kt_wind_radius_nm_sw": 0,
    "max_wind_radius_nm": -999
  },
  {
    "date": "20190926",
    "time_utc": "1800",
    "record": "",
    "status": "TS",
    "lat": 26.9,
    "lng": -63.1,
    "max_wind_kt": 40,
    "min_pressure_mb": 1005,
    "34kt_wind_radius_nm_ne": 0,
    "34kt_wind_radius_nm_se": 50,
    "34kt_wind_radius_nm_nw": 0,
    "34kt_wind_radius_nm_sw": 50,
    "50kt_wind_radius_nm_ne": 0,
    "50kt_wind_radius_nm_se": 0,
    "50kt_wind_radius_nm_nw": 0,
    "50kt_wind_radius_nm_sw": 0,
    "64kt_wind_radius_nm_ne": 0,
    "64kt_wind_radius_nm_se": 0,
    "64kt_wind_radius_nm_nw": 0,
    "64kt_wind_radius_nm_sw": 0,
    "max_wind_radius_nm": -999
  },
  {
    "date": "20190927",
    "time_utc": "0000",
    "record": "",
    "status": "TS",
    "lat": 27.7,
    "lng": -62.3,
    "max_wind_kt": 35,
    "min_pressure_mb": 1005,
    "34kt_wind_radius_nm_ne": 0,
    "34kt_wind_radius_nm_se": 50,
    "34kt_wind_radius_nm_nw": 50,
    "34kt_wind_radius_nm_sw": 0,
    "50kt_wind_radius_nm_ne": 0,
    "50kt_wind_radius_nm_se": 0,
    "50kt_wind_radius_nm_nw": 0,
    "50kt_wind_radius_nm_sw": 0,
    "64kt_wind_radius_nm_ne": 0,
    "64kt_wind_radius_nm_se": 0,
    "64kt_wind_radius_nm_nw": 0,
    "64kt_wind_radius_nm_sw": 0,
    "max_wind_radius_nm": -999
  },
  {
    "date": "20190927",
    "time_utc": "0600",
    "record": "",
    "status": "TS",
    "lat": 28.3,
    "lng": -61.2,
    "max_wind_kt": 35,
    "min_pressure_mb": 1005,
    "34kt_wind_radius_nm_ne": 0,
    "34kt_wind_radius_nm_se": 50,
    "34kt_wind_radius_nm_nw": 50,
    "34kt_wind_radius_nm_sw": 0,
    "50kt_wind_radius_nm_ne": 0,
    "50kt_wind_radius_nm_se": 0,
    "50kt_wind_radius_nm_nw": 0,
    "50kt_wind_radius_nm_sw": 0,
    "64kt_wind_radius_nm_ne": 0,
    "64kt_wind_radius_nm_se": 0,
    "64kt_wind_radius_nm_nw": 0,
    "64kt_wind_radius_nm_sw": 0,
    "max_wind_radius_nm": -999
  },
  {
    "date": "20190927",
    "time_utc": "1200",
    "record": "",
    "status": "TD",
    "lat": 28.8,
    "lng": -60.0,
    "max_wind_kt": 30,
    "min_pressure_mb": 1006,
    "34kt_wind_radius_nm_ne": 0,
    "34kt_wind_radius_nm_se": 0,
    "34kt_wind_radius_nm_nw": 0,
    "34kt_wind_radius_nm_sw": 0,
    "50kt_wind_radius_nm_ne": 0,
    "50kt_wind_radius_nm_se": 0,
    "50kt_wind_radius_nm_nw": 0,
    "50kt_wind_radius_nm_sw": 0,
    "64kt_wind_radius_nm_ne": 0,
    "64kt_wind_radius_nm_se": 0,
    "64kt_wind_radius_nm_nw": 0,
    "64kt_wind_radius_nm_sw": 0,
    "max_wind_radius_nm": -999
  }
]