[
  {
    "date": "19180831",
    "time_utc": " 1200",
    "record": "  ",
    "status": " TS",
    "lat": " 35.0N",
    "lng": "  51.0W",
    "max_wind_kt": "  35",
    "min_pressure_mb": " -999",
    "34kt_wind_radius_nm_ne": " -999",
    "34kt_wind_radius_nm_se": " -999",
    "34kt_wind_radius_nm_nw": " -999",
    "34kt_wind_radius_nm_sw": " -999",
    "50kt_wind_radius_nm_ne": " -999",
    "50kt_wind_radius_nm_se": " -999",
    "50kt_wind_radius_nm_nw": " -999",
    "50kt_wind_radius_nm_sw": " -999",
    "64kt_wind_radius_nm_ne": " -999",
    "64kt_wind_radius_nm_se": " -999",
    "64kt_wind_radius_nm_nw": " -999",
    "64kt_wind_radius_nm_sw": " -999",
    "max_wind_radius_nm": " -999"
  },
  {
    "date": "19180831",
    "time_utc": " 1800",
    "record": "  ",
    "status": " TS",
    "lat": " 35.2N",
    "lng": "  51.3W",
    "max_wind_kt": "  35",
    "min_pressure_mb": " -999",
    "34kt_wind_radius_nm_ne": " -999",
    "34kt_wind_radius_nm_se": " -999",
    "34kt_wind_radius_nm_nw": " -999",
    "34kt_wind_radius_nm_sw": " -999",
    "50kt_wind_radius_nm_ne": " -999",
    "50kt_wind_radius_nm_se": " -999",
    "50kt_wind_radius_nm_nw": " -999",
    "50kt_wind_radius_nm_sw": " -999",
    "64kt_wind_radius_nm_ne": " -999",
    "64kt_wind_radius_nm_se": " -999",
    "64kt_wind_radius_nm_nw": " -999",
    "64kt_wind_radius_nm_sw": " -999",
    "max_wind_radius_nm": " -999"
  },
  {
    "date": "19180901",
    "time_utc": " 0000",
    "record": "  ",
    "status": " TS",
    "lat": " 35.5N",
    "lng": "  51.6W",
    "max_wind_kt": "  35",
    "min_pressure_mb": " -999",
    "34kt_wind_radius_nm_ne": " -999",
    "34kt_wind_radius_nm_se": " -999",
    "34kt_wind_radius_nm_nw": " -999",
    "34kt_wind_radius_nm_sw": " -999",
    "50kt_wind_radius_nm_ne": " -999",
    "50kt_wind_radius_nm_se": " -999",
    "50kt_wind_radius_nm_nw": " -999",
    "50kt_wind_radius_nm_sw": " -999",
    "64kt_wind_radius_nm_ne": " -999",
    "64kt_wind_radius_nm_se": " -999",
    "64kt_wind_radius_nm_nw": " -999",
    "64kt_wind_radius_nm_sw": " -999",
    "max_wind_radius_nm": " -999"
  },
  {
    "date": "19180901",
    "time_utc": " 0600",
    "record": "  ",
    "status": " TS",
    "lat": " 35.8N",
    "lng": "  51.9W",
    "max_wind_kt": "  35",
    "min_pressure_mb": " -999",
    "34kt_wind_radius_nm_ne": " -999",
    "34kt_wind_radius_nm_se": " -999",
    "34kt_wind_radius_nm_nw": " -999",
    "34kt_wind_radius_nm_sw": " -999",
    "50kt_wind_radius_nm_ne": " -999",
    "50kt_wind_radius_nm_se": " -999",
    "50kt_wind_radius_nm_nw": " -999",
    "50kt_wind_radius_nm_sw": " -999",
    "64kt_wind_radius_nm_ne": " -999",
    "64kt_wind_radius_nm_se": " -999",
    "64kt_wind_radius_nm_nw": " -999",
    "64kt_wind_radius_nm_sw": " -999",
    "max_wind_radius_nm": " -999"
  },
  {
    "date": "19180901",
    "time_utc": " 1200",
    "record": "  ",
    "status": " TS",
    "lat": " 36.0N",
    "lng": "  52.0W",
    "max_wind_kt": "  35",
    "min_pressure_mb": " -999",
    "34kt_wind_radius_nm_ne": " -999",
    "34kt_wind_radius_nm_se": " -999",
    "34kt_wind_radius_nm_nw": " -999",
    "34kt_wind_radius_nm_sw": " -999",
    "50kt_wind_radius_nm_ne": " -999",
    "50kt_wind_radius_nm_se": " -999",
    "50kt_wind_radius_nm_nw": " -999",
    "50kt_wind_radius_nm_sw": " -999",
    "64kt_wind_radius_nm_ne": " -999",
    "64kt_wind_radius_nm_se": " -999",
    "64kt_wind_radius_nm_nw": " -999",
    "64kt_wind_radius_nm_sw": " -999",
    "max_wind_radius_nm": " -999"
  },
  {
    "date": "19180901",
    "time_utc": " 1800",
    "record": "  ",
    "status": " TS",
    "lat": " 36.2N",
    "lng": "  52.0W",
    "max_wind_kt": "  35",
    "min_pressure_mb": " -999",
    "34kt_wind_radius_nm_ne": " -999",
    "34kt_wind_radius_nm_se": " -999",
    "34kt_wind_radius_nm_nw": " -999",
    "34kt_wind_radius_nm_sw": " -999",
    "50kt_wind_radius_nm_ne": " -999",
    "50kt_wind_radius_nm_se": " -999",
    "50kt_wind_radius_nm_nw": " -999",
    "50kt_wind_radius_nm_sw": " -999",
    "64kt_wind_radius_nm_ne": " -999",
    "64kt_wind_radius_nm_se": " -999",
    "64kt_wind_radius_nm_nw": " -999",
    "64kt_wind_radius_nm_sw": " -999",
    "max_wind_radius_nm": " -999"
  },
  {
    "date": "19180902",
    "time_utc": " 0000",
    "record": "  ",
    "status": " TS",
    "lat": " 36.5N",
    "lng": "  51.9W",
    "max_wind_kt": "  40",
    "min_pressure_mb": " -999",
    "34kt_wind_radius_nm_ne": " -999",
    "34kt_wind_radius_nm_se": " -999",
    "34kt_wind_radius_nm_nw": " -999",
    "34kt_wind_radius_nm_sw": " -999",
    "50kt_wind_radius_nm_ne": " -999",
    "50kt_wind_radius_nm_se": " -999",
    "50kt_wind_radius_nm_nw": " -999",
    "50kt_wind_radius_nm_sw": " -999",
    "64kt_wind_radius_nm_ne": " -999",
    "64kt_wind_radius_nm_se": " -999",
    "64kt_wind_radius_nm_nw": " -999",
    "64kt_wind_radius_nm_sw": " -999",
    "max_wind_radius_nm": " -999"
  },
  {
    "date": "19180902",
    "time_utc": " 0600",
    "record": "  ",
    "status": " TS",
    "lat": " 36.7N",
    "lng": "  51.8W",
    "max_wind_kt": "  40",
    "min_pressure_mb": " -999",
    "34kt_wind_radius_nm_ne": " -999",
    "34kt_wind_radius_nm_se": " -999",
    "34kt_wind_radius_nm_nw": " -999",
    "34kt_wind_radius_nm_sw": " -999",
    "50kt_wind_radius_nm_ne": " -999",
    "50kt_wind_radius_nm_se": " -999",
    "50kt_wind_radius_nm_nw": " -999",
    "50kt_wind_radius_nm_sw": " -999",
    "64kt_wind_radius_nm_ne": " -999",
    "64kt_wind_radius_nm_se": " -999",
    "64kt_wind_radius_nm_nw": " -999",
    "64kt_wind_radius_nm_sw": " -999",
    "max_wind_radius_nm": " -999"
  },
  {
    "date": "19180902",
    "time_utc": " 1200",
    "record": "  ",
    "status": " TS",
    "lat": " 37.0N",
    "lng": "  51.5W",
    "max_wind_kt": "  45",
    "min_pressure_mb": " -999",
    "34kt_wind_radius_nm_ne": " -999",
    "34kt_wind_radius_nm_se": " -999",
    "34kt_wind_radius_nm_nw": " -999",
    "34kt_wind_radius_nm_sw": " -999",
    "50kt_wind_radius_nm_ne": " -999",
    "50kt_wind_radius_nm_se": " -999",
    "50kt_wind_radius_nm_nw": " -999",
    "50kt_wind_radius_nm_sw": " -999",
    "64kt_wind_radius_nm_ne": " -999",
    "64kt_wind_radius_nm_se": " -999",
    "64kt_wind_radius_nm_nw": " -999",
    "64kt_wind_radius_nm_sw": " -999",
    "max_wind_radius_nm": " -999"
  },
  {
    "date": "19180902",
    "time_utc": " 1800",
    "record": "  ",
    "status": " TS",
    "lat": " 37.3N",
    "lng": "  51.0W",
    "max_wind_kt": "  45",
    "min_pressure_mb": " -999",
    "34kt_wind_radius_nm_ne": " -999",
    "34kt_wind_radius_nm_se": " -999",
    "34kt_wind_radius_nm_nw": " -999",
    "34kt_wind_radius_nm_sw": " -999",
    "50kt_wind_radius_nm_ne": " -999",
    "50kt_wind_radius_nm_se": " -999",
    "50kt_wind_radius_nm_nw": " -999",
    "50kt_wind_radius_nm_sw": " -999",
    "64kt_wind_radius_nm_ne": " -999",
    "64kt_wind_radius_nm_se": " -999",
    "64kt_wind_radius_nm_nw": " -999",
    "64kt_wind_radius_nm_sw": " -999",
    "max_wind_radius_nm": " -999"
  },
  {
    "date": "19180903",
    "time_utc": " 0000",
    "record": "  ",
    "status": " TS",
    "lat": " 37.6N",
    "lng": "  50.5W",
    "max_wind_kt": "  50",
    "min_pressure_mb": " -999",
    "34kt_wind_radius_nm_ne": " -999",
    "34kt_wind_radius_nm_se": " -999",
    "34kt_wind_radius_nm_nw": " -999",
    "34kt_wind_radius_nm_sw": " -999",
    "50kt_wind_radius_nm_ne": " -999",
    "50kt_wind_radius_nm_se": " -999",
    "50kt_wind_radius_nm_nw": " -999",
    "50kt_wind_radius_nm_sw": " -999",
    "64kt_wind_radius_nm_ne": " -999",
    "64kt_wind_radius_nm_se": " -999",
    "64kt_wind_radius_nm_nw": " -999",
    "64kt_wind_radius_nm_sw": " -999",
    "max_wind_radius_nm": " -999"
  },
  {
    "date": "19180903",
    "time_utc": " 0600",
    "record": "  ",
    "status": " TS",
    "lat": " 37.8N",
    "lng": "  50.0W",
    "max_wind_kt": "  50",
    "min_pressure_mb": " -999",
    "34kt_wind_radius_nm_ne": " -999",
    "34kt_wind_radius_nm_se": " -999",
    "34kt_wind_radius_nm_nw": " -999",
    "34kt_wind_radius_nm_sw": " -999",
    "50kt_wind_radius_nm_ne": " -999",
    "50kt_wind_radius_nm_se": " -999",
    "50kt_wind_radius_nm_nw": " -999",
    "50kt_wind_radius_nm_sw": " -999",
    "64kt_wind_radius_nm_ne": " -999",
    "64kt_wind_radius_nm_se": " -999",
    "64kt_wind_radius_nm_nw": " -999",
    "64kt_wind_radius_nm_sw": " -999",
    "max_wind_radius_nm": " -999"
  },
  {
    "date": "19180903",
    "time_utc": " 1200",
    "record": "  ",
    "status": " TS",
    "lat": " 38.0N",
    "lng": "  49.5W",
    "max_wind_kt": "  55",
    "min_pressure_mb": " -999",
    "34kt_wind_radius_nm_ne": " -999",
    "34kt_wind_radius_nm_se": " -999",
    "34kt_wind_radius_nm_nw": " -999",
    "34kt_wind_radius_nm_sw": " -999",
    "50kt_wind_radius_nm_ne": " -999",
    "50kt_wind_radius_nm_se": " -999",
    "50kt_wind_radius_nm_nw": " -999",
    "50kt_wind_radius_nm_sw": " -999",
    "64kt_wind_radius_nm_ne": " -999",
    "64kt_wind_radius_nm_se": " -999",
    "64kt_wind_radius_nm_nw": " -999",
    "64kt_wind_radius_nm_sw": " -999",
    "max_wind_radius_nm": " -999"
  },
  {
    "date": "19180903",
    "time_utc": " 1800",
    "record": "  ",
    "status": " TS",
    "lat": " 38.2N",
    "lng": "  49.2W",
    "max_wind_kt": "  55",
    "min_pressure_mb": " -999",
    "34kt_wind_radius_nm_ne": " -999",
    "34kt_wind_radius_nm_se": " -999",
    "34kt_wind_radius_nm_nw": " -999",
    "34kt_wind_radius_nm_sw": " -999",
    "50kt_wind_radius_nm_ne": " -999",
    "50kt_wind_radius_nm_se": " -999",
    "50kt_wind_radius_nm_nw": " -999",
    "50kt_wind_radius_nm_sw": " -999",
    "64kt_wind_radius_nm_ne": " -999",
    "64kt_wind_radius_nm_se": " -999",
    "64kt_wind_radius_nm_nw": " -999",
    "64kt_wind_radius_nm_sw": " -999",
    "max_wind_radius_nm": " -999"
  },
  {
    "date": "19180904",
    "time_utc": " 0000",
    "record": "  ",
    "status": " TS",
    "lat": " 38.3N",
    "lng": "  49.0W",
    "max_wind_kt": "  60",
    "min_pressure_mb": " -999",
    "34kt_wind_radius_nm_ne": " -999",
    "34kt_wind_radius_nm_se": " -999",
    "34kt_wind_radius_nm_nw": " -999",
    "34kt_wind_radius_nm_sw": " -999",
    "50kt_wind_radius_nm_ne": " -999",
    "50kt_wind_radius_nm_se": " -999",
    "50kt_wind_radius_nm_nw": " -999",
    "50kt_wind_radius_nm_sw": " -999",
    "64kt_wind_radius_nm_ne": " -999",
    "64kt_wind_radius_nm_se": " -999",
    "64kt_wind_radius_nm_nw": " -999",
    "64kt_wind_radius_nm_sw": " -999",
    "max_wind_radius_nm": " -999"
  },
  {
    "date": "19180904",
    "time_utc": " 0600",
    "record": "  ",
    "status": " TS",
    "lat": " 38.4N",
    "lng": "  48.8W",
    "max_wind_kt": "  60",
    "min_pressure_mb": " -999",
    "34kt_wind_radius_nm_ne": " -999",
    "34kt_wind_radius_nm_se": " -999",
    "34kt_wind_radius_nm_nw": " -999",
    "34kt_wind_radius_nm_sw": " -999",
    "50kt_wind_radius_nm_ne": " -999",
    "50kt_wind_radius_nm_se": " -999",
    "50kt_wind_radius_nm_nw": " -999",
    "50kt_wind_radius_nm_sw": " -999",
    "64kt_wind_radius_nm_ne": " -999",
    "64kt_wind_radius_nm_se": " -999",
    "64kt_wind_radius_nm_nw": " -999",
    "64kt_wind_radius_nm_sw": " -999",
    "max_wind_radius_nm": " -999"
  },
  {
    "date": "19180904",
    "time_utc": " 1200",
    "record": "  ",
    "status": " TS",
    "lat": " 38.5N",
    "lng": "  48.5W",
    "max_wind_kt": "  60",
    "min_pressure_mb": " -999",
    "34kt_wind_radius_nm_ne": " -999",
    "34kt_wind_radius_nm_se": " -999",
    "34kt_wind_radius_nm_nw": " -999",
    "34kt_wind_radius_nm_sw": " -999",
    "50kt_wind_radius_nm_ne": " -999",
    "50kt_wind_radius_nm_se": " -999",
    "50kt_wind_radius_nm_nw": " -999",
    "50kt_wind_radius_nm_sw": " -999",
    "64kt_wind_radius_nm_ne": " -999",
    "64kt_wind_radius_nm_se": " -999",
    "64kt_wind_radius_nm_nw": " -999",
    "64kt_wind_radius_nm_sw": " -999",
    "max_wind_radius_nm": " -999"
  },
  {
    "date": "19180904",
    "time_utc": " 1800",
    "record": "  ",
    "status": " TS",
    "lat": " 38.6N",
    "lng": "  48.2W",
    "max_wind_kt": "  60",
    "min_pressure_mb": " -999",
    "34kt_wind_radius_nm_ne": " -999",
    "34kt_wind_radius_nm_se": " -999",
    "34kt_wind_radius_nm_nw": " -999",
    "34kt_wind_radius_nm_sw": " -999",
    "50kt_wind_radius_nm_ne": " -999",
    "50kt_wind_radius_nm_se": " -999",
    "50kt_wind_radius_nm_nw": " -999",
    "50kt_wind_radius_nm_sw": " -999",
    "64kt_wind_radius_nm_ne": " -999",
    "64kt_wind_radius_nm_se": " -999",
    "64kt_wind_radius_nm_nw": " -999",
    "64kt_wind_radius_nm_sw": " -999",
    "max_wind_radius_nm": " -999"
  },
  {
    "date": "19180905",
    "time_utc": " 0000",
    "record": "  ",
    "status": " TS",
    "lat": " 38.7N",
    "lng": "  47.9W",
    "max_wind_kt": "  55",
    "min_pressure_mb": " -999",
    "34kt_wind_radius_nm_ne": " -999",
    "34kt_wind_radius_nm_se": " -999",
    "34kt_wind_radius_nm_nw": " -999",
    "34kt_wind_radius_nm_sw": " -999",
    "50kt_wind_radius_nm_ne": " -999",
    "50kt_wind_radius_nm_se": " -999",
    "50kt_wind_radius_nm_nw": " -999",
    "50kt_wind_radius_nm_sw": " -999",
    "64kt_wind_radius_nm_ne": " -999",
    "64kt_wind_radius_nm_se": " -999",
    "64kt_wind_radius_nm_nw": " -999",
    "64kt_wind_radius_nm_sw": " -999",
    "max_wind_radius_nm": " -999"
  },
  {
    "date": "19180905",
    "time_utc": " 0600",
    "record": "  ",
    "status": " TS",
    "lat": " 38.8N",
    "lng": "  47.5W",
    "max_wind_kt": "  50",
    "min_pressure_mb": " -999",
    "34kt_wind_radius_nm_ne": " -999",
    "34kt_wind_radius_nm_se": " -999",
    "34kt_wind_radius_nm_nw": " -999",
    "34kt_wind_radius_nm_sw": " -999",
    "50kt_wind_radius_nm_ne": " -999",
    "50kt_wind_radius_nm_se": " -999",
    "50kt_wind_radius_nm_nw": " -999",
    "50kt_wind_radius_nm_sw": " -999",
    "64kt_wind_radius_nm_ne": " -999",
    "64kt_wind_radius_nm_se": " -999",
    "64kt_wind_radius_nm_nw": " -999",
    "64kt_wind_radius_nm_sw": " -999",
    "max_wind_radius_nm": " -999"
  },
  {
    "date": "19180905",
    "time_utc": " 1200",
    "record": "  ",
    "status": " TS",
    "lat": " 39.0N",
    "lng": "  47.0W",
    "max_wind_kt": "  45",
    "min_pressure_mb": " -999",
    "34kt_wind_radius_nm_ne": " -999",
    "34kt_wind_radius_nm_se": " -999",
    "34kt_wind_radius_nm_nw": " -999",
    "34kt_wind_radius_nm_sw": " -999",
    "50kt_wind_radius_nm_ne": " -999",
    "50kt_wind_radius_nm_se": " -999",
    "50kt_wind_radius_nm_nw": " -999",
    "50kt_wind_radius_nm_sw": " -999",
    "64kt_wind_radius_nm_ne": " -999",
    "64kt_wind_radius_nm_se": " -999",
    "64kt_wind_radius_nm_nw": " -999",
    "64kt_wind_radius_nm_sw": " -999",
    "max_wind_radius_nm": " -999"
  },
  {
    "date": "19180905",
    "time_utc": " 1800",
    "record": "  ",
    "status": " TS",
    "lat": " 39.2N",
    "lng": "  46.2W",
    "max_wind_kt": "  40",
    "min_pressure_mb": " -999",
    "34kt_wind_radius_nm_ne": " -999",
    "34kt_wind_radius_nm_se": " -999",
    "34kt_wind_radius_nm_nw": " -999",
    "34kt_wind_radius_nm_sw": " -999",
    "50kt_wind_radius_nm_ne": " -999",
    "50kt_wind_radius_nm_se": " -999",
    "50kt_wind_radius_nm_nw": " -999",
    "50kt_wind_radius_nm_sw": " -999",
    "64kt_wind_radius_nm_ne": " -999",
    "64kt_wind_radius_nm_se": " -999",
    "64kt_wind_radius_nm_nw": " -999",
    "64kt_wind_radius_nm_sw": " -999",
    "max_wind_radius_nm": " -999"
  },
  {
    "date": "19180906",
    "time_utc": " 0000",
    "record": "  ",
    "status": " TS",
    "lat": " 39.5N",
    "lng": "  45.2W",
    "max_wind_kt": "  35",
    "min_pressure_mb": " -999",
    "34kt_wind_radius_nm_ne": " -999",
    "34kt_wind_radius_nm_se": " -999",
    "34kt_wind_radius_nm_nw": " -999",
    "34kt_wind_radius_nm_sw": " -999",
    "50kt_wind_radius_nm_ne": " -999",
    "50kt_wind_radius_nm_se": " -999",
    "50kt_wind_radius_nm_nw": " -999",
    "50kt_wind_radius_nm_sw": " -999",
    "64kt_wind_radius_nm_ne": " -999",
    "64kt_wind_radius_nm_se": " -999",
    "64kt_wind_radius_nm_nw": " -999",
    "64kt_wind_radius_nm_sw": " -999",
    "max_wind_radius_nm": " -999"
  }
]